Archive member included to satisfy reference by file (symbol)

c:/st/stm32cubeide_1.6.1/stm32cubeide/plugins/com.st.stm32cube.ide.mcu.externaltools.gnu-tools-for-stm32.9-2020-q2-update.win32_2.0.0.202105311346/tools/bin/../lib/gcc/arm-none-eabi/9.3.1/../../../../arm-none-eabi/lib/thumb/v7-m/nofp\libm.a(lib_a-s_cos.o)
                              ./mycode/Bar.o (cos)
c:/st/stm32cubeide_1.6.1/stm32cubeide/plugins/com.st.stm32cube.ide.mcu.externaltools.gnu-tools-for-stm32.9-2020-q2-update.win32_2.0.0.202105311346/tools/bin/../lib/gcc/arm-none-eabi/9.3.1/../../../../arm-none-eabi/lib/thumb/v7-m/nofp\libm.a(lib_a-s_sin.o)
                              ./mycode/Bar.o (sin)
c:/st/stm32cubeide_1.6.1/stm32cubeide/plugins/com.st.stm32cube.ide.mcu.externaltools.gnu-tools-for-stm32.9-2020-q2-update.win32_2.0.0.202105311346/tools/bin/../lib/gcc/arm-none-eabi/9.3.1/../../../../arm-none-eabi/lib/thumb/v7-m/nofp\libm.a(lib_a-e_rem_pio2.o)
                              c:/st/stm32cubeide_1.6.1/stm32cubeide/plugins/com.st.stm32cube.ide.mcu.externaltools.gnu-tools-for-stm32.9-2020-q2-update.win32_2.0.0.202105311346/tools/bin/../lib/gcc/arm-none-eabi/9.3.1/../../../../arm-none-eabi/lib/thumb/v7-m/nofp\libm.a(lib_a-s_cos.o) (__ieee754_rem_pio2)
c:/st/stm32cubeide_1.6.1/stm32cubeide/plugins/com.st.stm32cube.ide.mcu.externaltools.gnu-tools-for-stm32.9-2020-q2-update.win32_2.0.0.202105311346/tools/bin/../lib/gcc/arm-none-eabi/9.3.1/../../../../arm-none-eabi/lib/thumb/v7-m/nofp\libm.a(lib_a-k_cos.o)
                              c:/st/stm32cubeide_1.6.1/stm32cubeide/plugins/com.st.stm32cube.ide.mcu.externaltools.gnu-tools-for-stm32.9-2020-q2-update.win32_2.0.0.202105311346/tools/bin/../lib/gcc/arm-none-eabi/9.3.1/../../../../arm-none-eabi/lib/thumb/v7-m/nofp\libm.a(lib_a-s_cos.o) (__kernel_cos)
c:/st/stm32cubeide_1.6.1/stm32cubeide/plugins/com.st.stm32cube.ide.mcu.externaltools.gnu-tools-for-stm32.9-2020-q2-update.win32_2.0.0.202105311346/tools/bin/../lib/gcc/arm-none-eabi/9.3.1/../../../../arm-none-eabi/lib/thumb/v7-m/nofp\libm.a(lib_a-k_rem_pio2.o)
                              c:/st/stm32cubeide_1.6.1/stm32cubeide/plugins/com.st.stm32cube.ide.mcu.externaltools.gnu-tools-for-stm32.9-2020-q2-update.win32_2.0.0.202105311346/tools/bin/../lib/gcc/arm-none-eabi/9.3.1/../../../../arm-none-eabi/lib/thumb/v7-m/nofp\libm.a(lib_a-e_rem_pio2.o) (__kernel_rem_pio2)
c:/st/stm32cubeide_1.6.1/stm32cubeide/plugins/com.st.stm32cube.ide.mcu.externaltools.gnu-tools-for-stm32.9-2020-q2-update.win32_2.0.0.202105311346/tools/bin/../lib/gcc/arm-none-eabi/9.3.1/../../../../arm-none-eabi/lib/thumb/v7-m/nofp\libm.a(lib_a-k_sin.o)
                              c:/st/stm32cubeide_1.6.1/stm32cubeide/plugins/com.st.stm32cube.ide.mcu.externaltools.gnu-tools-for-stm32.9-2020-q2-update.win32_2.0.0.202105311346/tools/bin/../lib/gcc/arm-none-eabi/9.3.1/../../../../arm-none-eabi/lib/thumb/v7-m/nofp\libm.a(lib_a-s_cos.o) (__kernel_sin)
c:/st/stm32cubeide_1.6.1/stm32cubeide/plugins/com.st.stm32cube.ide.mcu.externaltools.gnu-tools-for-stm32.9-2020-q2-update.win32_2.0.0.202105311346/tools/bin/../lib/gcc/arm-none-eabi/9.3.1/../../../../arm-none-eabi/lib/thumb/v7-m/nofp\libm.a(lib_a-s_fabs.o)
                              c:/st/stm32cubeide_1.6.1/stm32cubeide/plugins/com.st.stm32cube.ide.mcu.externaltools.gnu-tools-for-stm32.9-2020-q2-update.win32_2.0.0.202105311346/tools/bin/../lib/gcc/arm-none-eabi/9.3.1/../../../../arm-none-eabi/lib/thumb/v7-m/nofp\libm.a(lib_a-e_rem_pio2.o) (fabs)
c:/st/stm32cubeide_1.6.1/stm32cubeide/plugins/com.st.stm32cube.ide.mcu.externaltools.gnu-tools-for-stm32.9-2020-q2-update.win32_2.0.0.202105311346/tools/bin/../lib/gcc/arm-none-eabi/9.3.1/../../../../arm-none-eabi/lib/thumb/v7-m/nofp\libm.a(lib_a-s_floor.o)
                              c:/st/stm32cubeide_1.6.1/stm32cubeide/plugins/com.st.stm32cube.ide.mcu.externaltools.gnu-tools-for-stm32.9-2020-q2-update.win32_2.0.0.202105311346/tools/bin/../lib/gcc/arm-none-eabi/9.3.1/../../../../arm-none-eabi/lib/thumb/v7-m/nofp\libm.a(lib_a-k_rem_pio2.o) (floor)
c:/st/stm32cubeide_1.6.1/stm32cubeide/plugins/com.st.stm32cube.ide.mcu.externaltools.gnu-tools-for-stm32.9-2020-q2-update.win32_2.0.0.202105311346/tools/bin/../lib/gcc/arm-none-eabi/9.3.1/../../../../arm-none-eabi/lib/thumb/v7-m/nofp\libm.a(lib_a-s_scalbn.o)
                              c:/st/stm32cubeide_1.6.1/stm32cubeide/plugins/com.st.stm32cube.ide.mcu.externaltools.gnu-tools-for-stm32.9-2020-q2-update.win32_2.0.0.202105311346/tools/bin/../lib/gcc/arm-none-eabi/9.3.1/../../../../arm-none-eabi/lib/thumb/v7-m/nofp\libm.a(lib_a-k_rem_pio2.o) (scalbn)
c:/st/stm32cubeide_1.6.1/stm32cubeide/plugins/com.st.stm32cube.ide.mcu.externaltools.gnu-tools-for-stm32.9-2020-q2-update.win32_2.0.0.202105311346/tools/bin/../lib/gcc/arm-none-eabi/9.3.1/../../../../arm-none-eabi/lib/thumb/v7-m/nofp\libc_nano.a(lib_a-errno.o)
                              ./Core/Src/syscalls.o (__errno)
[...]
Memory Configuration

Name             Origin             Length             Attributes
RAM              0x0000000020000000 0x0000000000005000 xrw
FLASH            0x0000000008000000 0x0000000000010000 xr
*default*        0x0000000000000000 0xffffffffffffffff

Linker script and memory map

LOAD c:/st/stm32cubeide_1.6.1/stm32cubeide/plugins/com.st.stm32cube.ide.mcu.externaltools.gnu-tools-for-stm32.9-2020-q2-update.win32_2.0.0.202105311346/tools/bin/../lib/gcc/arm-none-eabi/9.3.1/thumb/v7-m/nofp/crti.o
LOAD c:/st/stm32cubeide_1.6.1/stm32cubeide/plugins/com.st.stm32cube.ide.mcu.externaltools.gnu-tools-for-stm32.9-2020-q2-update.win32_2.0.0.202105311346/tools/bin/../lib/gcc/arm-none-eabi/9.3.1/thumb/v7-m/nofp/crtbegin.o
LOAD c:/st/stm32cubeide_1.6.1/stm32cubeide/plugins/com.st.stm32cube.ide.mcu.externaltools.gnu-tools-for-stm32.9-2020-q2-update.win32_2.0.0.202105311346/tools/bin/../lib/gcc/arm-none-eabi/9.3.1/../../../../arm-none-eabi/lib/thumb/v7-m/nofp/crt0.o
LOAD ./Core/Src/main.o
LOAD ./Core/Src/stm32f1xx_hal_msp.o
LOAD ./Core/Src/stm32f1xx_it.o
LOAD ./Core/Src/syscalls.o
LOAD ./Core/Src/sysmem.o
LOAD ./Core/Src/system_stm32f1xx.o
LOAD ./Core/Startup/startup_stm32f103c8tx.o
LOAD ./Drivers/STM32F1xx_HAL_Driver/Src/stm32f1xx_hal.o
LOAD ./Drivers/STM32F1xx_HAL_Driver/Src/stm32f1xx_hal_cortex.o
LOAD ./Drivers/STM32F1xx_HAL_Driver/Src/stm32f1xx_hal_dma.o
LOAD ./Drivers/STM32F1xx_HAL_Driver/Src/stm32f1xx_hal_exti.o
LOAD ./Drivers/STM32F1xx_HAL_Driver/Src/stm32f1xx_hal_flash.o
LOAD ./Drivers/STM32F1xx_HAL_Driver/Src/stm32f1xx_hal_flash_ex.o
LOAD ./Drivers/STM32F1xx_HAL_Driver/Src/stm32f1xx_hal_gpio.o
LOAD ./Drivers/STM32F1xx_HAL_Driver/Src/stm32f1xx_hal_gpio_ex.o
LOAD ./Drivers/STM32F1xx_HAL_Driver/Src/stm32f1xx_hal_pcd.o
LOAD ./Drivers/STM32F1xx_HAL_Driver/Src/stm32f1xx_hal_pcd_ex.o
LOAD ./Drivers/STM32F1xx_HAL_Driver/Src/stm32f1xx_hal_pwr.o
LOAD ./Drivers/STM32F1xx_HAL_Driver/Src/stm32f1xx_hal_rcc.o
LOAD ./Drivers/STM32F1xx_HAL_Driver/Src/stm32f1xx_hal_rcc_ex.o
LOAD ./Drivers/STM32F1xx_HAL_Driver/Src/stm32f1xx_hal_spi.o
LOAD ./Drivers/STM32F1xx_HAL_Driver/Src/stm32f1xx_hal_tim.o
LOAD ./Drivers/STM32F1xx_HAL_Driver/Src/stm32f1xx_hal_tim_ex.o
LOAD ./Drivers/STM32F1xx_HAL_Driver/Src/stm32f1xx_ll_usb.o
LOAD ./Middlewares/ST/STM32_USB_Device_Library/Class/CDC/Src/usbd_cdc.o
LOAD ./Middlewares/ST/STM32_USB_Device_Library/Core/Src/usbd_core.o
LOAD ./Middlewares/ST/STM32_USB_Device_Library/Core/Src/usbd_ctlreq.o
LOAD ./Middlewares/ST/STM32_USB_Device_Library/Core/Src/usbd_ioreq.o
LOAD ./USB_DEVICE/App/usb_device.o
LOAD ./USB_DEVICE/App/usbd_cdc_if.o
LOAD ./USB_DEVICE/App/usbd_desc.o
LOAD ./USB_DEVICE/Target/usbd_conf.o
LOAD ./mycode/Bar.o
START GROUP
LOAD c:/st/stm32cubeide_1.6.1/stm32cubeide/plugins/com.st.stm32cube.ide.mcu.externaltools.gnu-tools-for-stm32.9-2020-q2-update.win32_2.0.0.202105311346/tools/bin/../lib/gcc/arm-none-eabi/9.3.1/../../../../arm-none-eabi/lib/thumb/v7-m/nofp\libstdc++_nano.a
LOAD c:/st/stm32cubeide_1.6.1/stm32cubeide/plugins/com.st.stm32cube.ide.mcu.externaltools.gnu-tools-for-stm32.9-2020-q2-update.win32_2.0.0.202105311346/tools/bin/../lib/gcc/arm-none-eabi/9.3.1/../../../../arm-none-eabi/lib/thumb/v7-m/nofp\libsupc++_nano.a
END GROUP
LOAD c:/st/stm32cubeide_1.6.1/stm32cubeide/plugins/com.st.stm32cube.ide.mcu.externaltools.gnu-tools-for-stm32.9-2020-q2-update.win32_2.0.0.202105311346/tools/bin/../lib/gcc/arm-none-eabi/9.3.1/../../../../arm-none-eabi/lib/thumb/v7-m/nofp\libstdc++_nano.a
LOAD c:/st/stm32cubeide_1.6.1/stm32cubeide/plugins/com.st.stm32cube.ide.mcu.externaltools.gnu-tools-for-stm32.9-2020-q2-update.win32_2.0.0.202105311346/tools/bin/../lib/gcc/arm-none-eabi/9.3.1/../../../../arm-none-eabi/lib/thumb/v7-m/nofp\libm.a
LOAD c:/st/stm32cubeide_1.6.1/stm32cubeide/plugins/com.st.stm32cube.ide.mcu.externaltools.gnu-tools-for-stm32.9-2020-q2-update.win32_2.0.0.202105311346/tools/bin/../lib/gcc/arm-none-eabi/9.3.1/../../../../arm-none-eabi/lib/thumb/v7-m/nofp\libc_nano.a
START GROUP
LOAD c:/st/stm32cubeide_1.6.1/stm32cubeide/plugins/com.st.stm32cube.ide.mcu.externaltools.gnu-tools-for-stm32.9-2020-q2-update.win32_2.0.0.202105311346/tools/bin/../lib/gcc/arm-none-eabi/9.3.1/thumb/v7-m/nofp\libgcc.a
LOAD c:/st/stm32cubeide_1.6.1/stm32cubeide/plugins/com.st.stm32cube.ide.mcu.externaltools.gnu-tools-for-stm32.9-2020-q2-update.win32_2.0.0.202105311346/tools/bin/../lib/gcc/arm-none-eabi/9.3.1/../../../../arm-none-eabi/lib/thumb/v7-m/nofp\libc_nano.a
END GROUP
START GROUP
LOAD c:/st/stm32cubeide_1.6.1/stm32cubeide/plugins/com.st.stm32cube.ide.mcu.externaltools.gnu-tools-for-stm32.9-2020-q2-update.win32_2.0.0.202105311346/tools/bin/../lib/gcc/arm-none-eabi/9.3.1/thumb/v7-m/nofp\libgcc.a
LOAD c:/st/stm32cubeide_1.6.1/stm32cubeide/plugins/com.st.stm32cube.ide.mcu.externaltools.gnu-tools-for-stm32.9-2020-q2-update.win32_2.0.0.202105311346/tools/bin/../lib/gcc/arm-none-eabi/9.3.1/../../../../arm-none-eabi/lib/thumb/v7-m/nofp\libc_nano.a
LOAD c:/st/stm32cubeide_1.6.1/stm32cubeide/plugins/com.st.stm32cube.ide.mcu.externaltools.gnu-tools-for-stm32.9-2020-q2-update.win32_2.0.0.202105311346/tools/bin/../lib/gcc/arm-none-eabi/9.3.1/../../../../arm-none-eabi/lib/thumb/v7-m/nofp\libnosys.a
END GROUP
START GROUP
LOAD c:/st/stm32cubeide_1.6.1/stm32cubeide/plugins/com.st.stm32cube.ide.mcu.externaltools.gnu-tools-for-stm32.9-2020-q2-update.win32_2.0.0.202105311346/tools/bin/../lib/gcc/arm-none-eabi/9.3.1/thumb/v7-m/nofp\libgcc.a
LOAD c:/st/stm32cubeide_1.6.1/stm32cubeide/plugins/com.st.stm32cube.ide.mcu.externaltools.gnu-tools-for-stm32.9-2020-q2-update.win32_2.0.0.202105311346/tools/bin/../lib/gcc/arm-none-eabi/9.3.1/../../../../arm-none-eabi/lib/thumb/v7-m/nofp\libc_nano.a
LOAD c:/st/stm32cubeide_1.6.1/stm32cubeide/plugins/com.st.stm32cube.ide.mcu.externaltools.gnu-tools-for-stm32.9-2020-q2-update.win32_2.0.0.202105311346/tools/bin/../lib/gcc/arm-none-eabi/9.3.1/../../../../arm-none-eabi/lib/thumb/v7-m/nofp\libnosys.a
END GROUP
LOAD c:/st/stm32cubeide_1.6.1/stm32cubeide/plugins/com.st.stm32cube.ide.mcu.externaltools.gnu-tools-for-stm32.9-2020-q2-update.win32_2.0.0.202105311346/tools/bin/../lib/gcc/arm-none-eabi/9.3.1/thumb/v7-m/nofp/crtend.o
LOAD c:/st/stm32cubeide_1.6.1/stm32cubeide/plugins/com.st.stm32cube.ide.mcu.externaltools.gnu-tools-for-stm32.9-2020-q2-update.win32_2.0.0.202105311346/tools/bin/../lib/gcc/arm-none-eabi/9.3.1/thumb/v7-m/nofp/crtn.o
                0x0000000020005000                _estack = (ORIGIN (RAM) + LENGTH (RAM))
                0x0000000000000200                _Min_Heap_Size = 0x200
                0x0000000000000400                _Min_Stack_Size = 0x400

.isr_vector     0x0000000008000000      0x10c
                0x0000000008000000                . = ALIGN (0x4)
 *(.isr_vector)
 .isr_vector    0x0000000008000000      0x10c ./Core/Startup/startup_stm32f103c8tx.o
                0x0000000008000000                g_pfnVectors
                0x000000000800010c                . = ALIGN (0x4)

.text           0x000000000800010c     0xbfe4
                0x000000000800010c                . = ALIGN (0x4)
 *(.text)
 .text          0x000000000800010c       0x40 c:/st/stm32cubeide_1.6.1/stm32cubeide/plugins/com.st.stm32cube.ide.mcu.externaltools.gnu-tools-for-stm32.9-2020-q2-update.win32_2.0.0.202105311346/tools/bin/../lib/gcc/arm-none-eabi/9.3.1/thumb/v7-m/nofp/crtbegin.o
 *(.text*)
 .text.main     0x000000000800014c       0x2e ./Core/Src/main.o
                0x000000000800014c                main
 .text.SystemClock_Config
                0x000000000800017a       0xb4 ./Core/Src/main.o
                0x000000000800017a                SystemClock_Config
 *fill*         0x000000000800022e        0x2 
 .text.MX_SPI2_Init
                0x0000000008000230       0x6c ./Core/Src/main.o
 .text.MX_TIM2_Init
                0x000000000800029c       0x9c ./Core/Src/main.o
 .text.MX_TIM3_Init
                0x0000000008000338       0xa0 ./Core/Src/main.o
 .text.MX_TIM4_Init
                0x00000000080003d8      0x104 ./Core/Src/main.o
 .text.MX_DMA_Init
                0x00000000080004dc      0x164 ./Core/Src/main.o
 .text.MX_GPIO_Init
                0x0000000008000640      0x128 ./Core/Src/main.o
 .text.Error_Handler
                0x0000000008000768       0x10 ./Core/Src/main.o
                0x0000000008000768                Error_Handler
 .text.HAL_MspInit
                0x0000000008000778       0x64 ./Core/Src/stm32f1xx_hal_msp.o
                0x0000000008000778                HAL_MspInit
 .text.HAL_SPI_MspInit
                0x00000000080007dc       0xe4 ./Core/Src/stm32f1xx_hal_msp.o
                0x00000000080007dc                HAL_SPI_MspInit
 .text.HAL_TIM_Base_MspInit
                0x00000000080008c0       0xa8 ./Core/Src/stm32f1xx_hal_msp.o
                0x00000000080008c0                HAL_TIM_Base_MspInit
 .text.HAL_TIM_MspPostInit
                0x0000000008000968       0x68 ./Core/Src/stm32f1xx_hal_msp.o
                0x0000000008000968                HAL_TIM_MspPostInit
 .text.NMI_Handler
                0x00000000080009d0        0x6 ./Core/Src/stm32f1xx_it.o
                0x00000000080009d0                NMI_Handler
 .text.HardFault_Handler
                0x00000000080009d6        0x6 ./Core/Src/stm32f1xx_it.o
                0x00000000080009d6                HardFault_Handler
 .text.MemManage_Handler
                0x00000000080009dc        0x6 ./Core/Src/stm32f1xx_it.o
                0x00000000080009dc                MemManage_Handler
 .text.BusFault_Handler
                0x00000000080009e2        0x6 ./Core/Src/stm32f1xx_it.o
                0x00000000080009e2                BusFault_Handler
 .text.UsageFault_Handler
                0x00000000080009e8        0x6 ./Core/Src/stm32f1xx_it.o
                0x00000000080009e8                UsageFault_Handler
 .text.SVC_Handler
                0x00000000080009ee        0xc ./Core/Src/stm32f1xx_it.o
                0x00000000080009ee                SVC_Handler
 .text.DebugMon_Handler
                0x00000000080009fa        0xc ./Core/Src/stm32f1xx_it.o
                0x00000000080009fa                DebugMon_Handler
 .text.PendSV_Handler
                0x0000000008000a06        0xc ./Core/Src/stm32f1xx_it.o
                0x0000000008000a06                PendSV_Handler
 .text.SysTick_Handler
                0x0000000008000a12        0xc ./Core/Src/stm32f1xx_it.o
                0x0000000008000a12                SysTick_Handler
 *fill*         0x0000000008000a1e        0x2 
 .text.DMA1_Channel5_IRQHandler
                0x0000000008000a20       0x14 ./Core/Src/stm32f1xx_it.o
                0x0000000008000a20                DMA1_Channel5_IRQHandler
 .text.USB_LP_CAN1_RX0_IRQHandler
                0x0000000008000a34       0x14 ./Core/Src/stm32f1xx_it.o
                0x0000000008000a34                USB_LP_CAN1_RX0_IRQHandler
 .text.TIM2_IRQHandler
                0x0000000008000a48       0x14 ./Core/Src/stm32f1xx_it.o
                0x0000000008000a48                TIM2_IRQHandler
 .text.TIM3_IRQHandler
                0x0000000008000a5c       0x14 ./Core/Src/stm32f1xx_it.o
                0x0000000008000a5c                TIM3_IRQHandler
 .text.SPI2_IRQHandler
                0x0000000008000a70       0x14 ./Core/Src/stm32f1xx_it.o
                0x0000000008000a70                SPI2_IRQHandler
 .text._getpid  0x0000000008000a84        0xe ./Core/Src/syscalls.o
                0x0000000008000a84                _getpid
 .text._kill    0x0000000008000a92       0x20 ./Core/Src/syscalls.o
                0x0000000008000a92                _kill
 .text._exit    0x0000000008000ab2       0x14 ./Core/Src/syscalls.o
                0x0000000008000ab2                _exit
 .text._read    0x0000000008000ac6       0x3a ./Core/Src/syscalls.o
                0x0000000008000ac6                _read
 .text._write   0x0000000008000b00       0x38 ./Core/Src/syscalls.o
                0x0000000008000b00                _write
 .text._close   0x0000000008000b38       0x16 ./Core/Src/syscalls.o
                0x0000000008000b38                _close
 .text._fstat   0x0000000008000b4e       0x1e ./Core/Src/syscalls.o
                0x0000000008000b4e                _fstat
 .text._isatty  0x0000000008000b6c       0x14 ./Core/Src/syscalls.o
                0x0000000008000b6c                _isatty
 .text._lseek   0x0000000008000b80       0x18 ./Core/Src/syscalls.o
                0x0000000008000b80                _lseek
 .text._sbrk    0x0000000008000b98       0x6c ./Core/Src/sysmem.o
                0x0000000008000b98                _sbrk
 .text.SystemInit
                0x0000000008000c04        0xc ./Core/Src/system_stm32f1xx.o
                0x0000000008000c04                SystemInit
 .text.Reset_Handler
                0x0000000008000c10       0x48 ./Core/Startup/startup_stm32f103c8tx.o
                0x0000000008000c10                Reset_Handler
 .text.Default_Handler
                0x0000000008000c58        0x2 ./Core/Startup/startup_stm32f103c8tx.o
                0x0000000008000c58                RTC_Alarm_IRQHandler
                0x0000000008000c58                EXTI2_IRQHandler
                0x0000000008000c58                TIM1_CC_IRQHandler
                0x0000000008000c58                PVD_IRQHandler
                0x0000000008000c58                EXTI3_IRQHandler
                0x0000000008000c58                EXTI0_IRQHandler
                0x0000000008000c58                I2C2_EV_IRQHandler
                0x0000000008000c58                ADC1_2_IRQHandler
                0x0000000008000c58                SPI1_IRQHandler
                0x0000000008000c58                TAMPER_IRQHandler
                0x0000000008000c58                DMA1_Channel4_IRQHandler
                0x0000000008000c58                USART3_IRQHandler
                0x0000000008000c58                RTC_IRQHandler
                0x0000000008000c58                DMA1_Channel7_IRQHandler
                0x0000000008000c58                CAN1_RX1_IRQHandler
                0x0000000008000c58                TIM4_IRQHandler
                0x0000000008000c58                I2C1_EV_IRQHandler
                0x0000000008000c58                DMA1_Channel6_IRQHandler
                0x0000000008000c58                RCC_IRQHandler
                0x0000000008000c58                TIM1_TRG_COM_IRQHandler
                0x0000000008000c58                DMA1_Channel1_IRQHandler
                0x0000000008000c58                Default_Handler
                0x0000000008000c58                EXTI15_10_IRQHandler
                0x0000000008000c58                EXTI9_5_IRQHandler
                0x0000000008000c58                EXTI4_IRQHandler
                0x0000000008000c58                USB_HP_CAN1_TX_IRQHandler
                0x0000000008000c58                DMA1_Channel3_IRQHandler
                0x0000000008000c58                TIM1_UP_IRQHandler
                0x0000000008000c58                WWDG_IRQHandler
                0x0000000008000c58                TIM1_BRK_IRQHandler
                0x0000000008000c58                EXTI1_IRQHandler
                0x0000000008000c58                USART2_IRQHandler
                0x0000000008000c58                I2C2_ER_IRQHandler
                0x0000000008000c58                DMA1_Channel2_IRQHandler
                0x0000000008000c58                CAN1_SCE_IRQHandler
                0x0000000008000c58                FLASH_IRQHandler
                0x0000000008000c58                USART1_IRQHandler
                0x0000000008000c58                I2C1_ER_IRQHandler
                0x0000000008000c58                USBWakeUp_IRQHandler
 *fill*         0x0000000008000c5a        0x2 
 .text.HAL_Init
                0x0000000008000c5c       0x2c ./Drivers/STM32F1xx_HAL_Driver/Src/stm32f1xx_hal.o
                0x0000000008000c5c                HAL_Init
 .text.HAL_InitTick
                0x0000000008000c88       0x60 ./Drivers/STM32F1xx_HAL_Driver/Src/stm32f1xx_hal.o
                0x0000000008000c88                HAL_InitTick
 .text.HAL_IncTick
                0x0000000008000ce8       0x24 ./Drivers/STM32F1xx_HAL_Driver/Src/stm32f1xx_hal.o
                0x0000000008000ce8                HAL_IncTick
 .text.HAL_GetTick
                0x0000000008000d0c       0x14 ./Drivers/STM32F1xx_HAL_Driver/Src/stm32f1xx_hal.o
                0x0000000008000d0c                HAL_GetTick
 .text.HAL_Delay
                0x0000000008000d20       0x48 ./Drivers/STM32F1xx_HAL_Driver/Src/stm32f1xx_hal.o
                0x0000000008000d20                HAL_Delay
 .text.__NVIC_SetPriorityGrouping
                0x0000000008000d68       0x48 ./Drivers/STM32F1xx_HAL_Driver/Src/stm32f1xx_hal_cortex.o
 .text.__NVIC_GetPriorityGrouping
                0x0000000008000db0       0x1c ./Drivers/STM32F1xx_HAL_Driver/Src/stm32f1xx_hal_cortex.o
 .text.__NVIC_EnableIRQ
                0x0000000008000dcc       0x38 ./Drivers/STM32F1xx_HAL_Driver/Src/stm32f1xx_hal_cortex.o
 .text.__NVIC_SetPriority
                0x0000000008000e04       0x54 ./Drivers/STM32F1xx_HAL_Driver/Src/stm32f1xx_hal_cortex.o
 .text.NVIC_EncodePriority
                0x0000000008000e58       0x64 ./Drivers/STM32F1xx_HAL_Driver/Src/stm32f1xx_hal_cortex.o
 .text.SysTick_Config
                0x0000000008000ebc       0x44 ./Drivers/STM32F1xx_HAL_Driver/Src/stm32f1xx_hal_cortex.o
 .text.HAL_NVIC_SetPriorityGrouping
                0x0000000008000f00       0x16 ./Drivers/STM32F1xx_HAL_Driver/Src/stm32f1xx_hal_cortex.o
                0x0000000008000f00                HAL_NVIC_SetPriorityGrouping
 .text.HAL_NVIC_SetPriority
                0x0000000008000f16       0x38 ./Drivers/STM32F1xx_HAL_Driver/Src/stm32f1xx_hal_cortex.o
                0x0000000008000f16                HAL_NVIC_SetPriority
 .text.HAL_NVIC_EnableIRQ
                0x0000000008000f4e       0x1c ./Drivers/STM32F1xx_HAL_Driver/Src/stm32f1xx_hal_cortex.o
                0x0000000008000f4e                HAL_NVIC_EnableIRQ
 .text.HAL_SYSTICK_Config
                0x0000000008000f6a       0x18 ./Drivers/STM32F1xx_HAL_Driver/Src/stm32f1xx_hal_cortex.o
                0x0000000008000f6a                HAL_SYSTICK_Config
 *fill*         0x0000000008000f82        0x2 
 .text.HAL_DMA_Init
                0x0000000008000f84       0xb4 ./Drivers/STM32F1xx_HAL_Driver/Src/stm32f1xx_hal_dma.o
                0x0000000008000f84                HAL_DMA_Init
 .text.HAL_DMA_Start_IT
                0x0000000008001038       0xbe ./Drivers/STM32F1xx_HAL_Driver/Src/stm32f1xx_hal_dma.o
                0x0000000008001038                HAL_DMA_Start_IT
 *fill*         0x00000000080010f6        0x2 
 .text.HAL_DMA_Abort_IT
                0x00000000080010f8       0xec ./Drivers/STM32F1xx_HAL_Driver/Src/stm32f1xx_hal_dma.o
                0x00000000080010f8                HAL_DMA_Abort_IT
 .text.HAL_DMA_IRQHandler
                0x00000000080011e4      0x20c ./Drivers/STM32F1xx_HAL_Driver/Src/stm32f1xx_hal_dma.o
                0x00000000080011e4                HAL_DMA_IRQHandler
 .text.DMA_SetConfig
                0x00000000080013f0       0x5a ./Drivers/STM32F1xx_HAL_Driver/Src/stm32f1xx_hal_dma.o
 *fill*         0x000000000800144a        0x2 
 .text.HAL_GPIO_Init
                0x000000000800144c      0x308 ./Drivers/STM32F1xx_HAL_Driver/Src/stm32f1xx_hal_gpio.o
                0x000000000800144c                HAL_GPIO_Init
 .text.HAL_GPIO_WritePin
                0x0000000008001754       0x30 ./Drivers/STM32F1xx_HAL_Driver/Src/stm32f1xx_hal_gpio.o
                0x0000000008001754                HAL_GPIO_WritePin
 .text.HAL_GPIO_TogglePin
                0x0000000008001784       0x32 ./Drivers/STM32F1xx_HAL_Driver/Src/stm32f1xx_hal_gpio.o
                0x0000000008001784                HAL_GPIO_TogglePin
 .text.HAL_PCD_Init
                0x00000000080017b6      0x216 ./Drivers/STM32F1xx_HAL_Driver/Src/stm32f1xx_hal_pcd.o
                0x00000000080017b6                HAL_PCD_Init
 .text.HAL_PCD_Start
                0x00000000080019cc       0x4c ./Drivers/STM32F1xx_HAL_Driver/Src/stm32f1xx_hal_pcd.o
                0x00000000080019cc                HAL_PCD_Start
 .text.HAL_PCD_IRQHandler
                0x0000000008001a18      0x2aa ./Drivers/STM32F1xx_HAL_Driver/Src/stm32f1xx_hal_pcd.o
                0x0000000008001a18                HAL_PCD_IRQHandler
 .text.HAL_PCD_SetAddress
                0x0000000008001cc2       0x4a ./Drivers/STM32F1xx_HAL_Driver/Src/stm32f1xx_hal_pcd.o
                0x0000000008001cc2                HAL_PCD_SetAddress
 .text.HAL_PCD_EP_Open
                0x0000000008001d0c       0xcc ./Drivers/STM32F1xx_HAL_Driver/Src/stm32f1xx_hal_pcd.o
                0x0000000008001d0c                HAL_PCD_EP_Open
 .text.HAL_PCD_EP_Close
                0x0000000008001dd8       0x90 ./Drivers/STM32F1xx_HAL_Driver/Src/stm32f1xx_hal_pcd.o
                0x0000000008001dd8                HAL_PCD_EP_Close
 .text.HAL_PCD_EP_Receive
                0x0000000008001e68       0x7a ./Drivers/STM32F1xx_HAL_Driver/Src/stm32f1xx_hal_pcd.o
                0x0000000008001e68                HAL_PCD_EP_Receive
 .text.HAL_PCD_EP_GetRxCount
                0x0000000008001ee2       0x2e ./Drivers/STM32F1xx_HAL_Driver/Src/stm32f1xx_hal_pcd.o
                0x0000000008001ee2                HAL_PCD_EP_GetRxCount
 .text.HAL_PCD_EP_Transmit
                0x0000000008001f10       0x86 ./Drivers/STM32F1xx_HAL_Driver/Src/stm32f1xx_hal_pcd.o
                0x0000000008001f10                HAL_PCD_EP_Transmit
 .text.HAL_PCD_EP_SetStall
                0x0000000008001f96       0xc0 ./Drivers/STM32F1xx_HAL_Driver/Src/stm32f1xx_hal_pcd.o
                0x0000000008001f96                HAL_PCD_EP_SetStall
 .text.HAL_PCD_EP_ClrStall
                0x0000000008002056       0xa8 ./Drivers/STM32F1xx_HAL_Driver/Src/stm32f1xx_hal_pcd.o
                0x0000000008002056                HAL_PCD_EP_ClrStall
 .text.PCD_EP_ISR_Handler
                0x00000000080020fe      0x600 ./Drivers/STM32F1xx_HAL_Driver/Src/stm32f1xx_hal_pcd.o
 .text.HAL_PCD_EP_DB_Receive
                0x00000000080026fe      0x21a ./Drivers/STM32F1xx_HAL_Driver/Src/stm32f1xx_hal_pcd.o
 .text.HAL_PCD_EP_DB_Transmit
                0x0000000008002918      0x7a4 ./Drivers/STM32F1xx_HAL_Driver/Src/stm32f1xx_hal_pcd.o
 .text.HAL_PCDEx_PMAConfig
                0x00000000080030bc       0x84 ./Drivers/STM32F1xx_HAL_Driver/Src/stm32f1xx_hal_pcd_ex.o
                0x00000000080030bc                HAL_PCDEx_PMAConfig
 .text.HAL_RCC_OscConfig
                0x0000000008003140      0x500 ./Drivers/STM32F1xx_HAL_Driver/Src/stm32f1xx_hal_rcc.o
                0x0000000008003140                HAL_RCC_OscConfig
 .text.HAL_RCC_ClockConfig
                0x0000000008003640      0x1d4 ./Drivers/STM32F1xx_HAL_Driver/Src/stm32f1xx_hal_rcc.o
                0x0000000008003640                HAL_RCC_ClockConfig
 .text.HAL_RCC_GetSysClockFreq
                0x0000000008003814       0xc0 ./Drivers/STM32F1xx_HAL_Driver/Src/stm32f1xx_hal_rcc.o
                0x0000000008003814                HAL_RCC_GetSysClockFreq
 .text.RCC_Delay
                0x00000000080038d4       0x3c ./Drivers/STM32F1xx_HAL_Driver/Src/stm32f1xx_hal_rcc.o
 .text.HAL_RCCEx_PeriphCLKConfig
                0x0000000008003910      0x16c ./Drivers/STM32F1xx_HAL_Driver/Src/stm32f1xx_hal_rcc_ex.o
                0x0000000008003910                HAL_RCCEx_PeriphCLKConfig
 .text.HAL_SPI_Init
                0x0000000008003a7c      0x108 ./Drivers/STM32F1xx_HAL_Driver/Src/stm32f1xx_hal_spi.o
                0x0000000008003a7c                HAL_SPI_Init
 .text.HAL_SPI_Transmit_DMA
                0x0000000008003b84      0x16c ./Drivers/STM32F1xx_HAL_Driver/Src/stm32f1xx_hal_spi.o
                0x0000000008003b84                HAL_SPI_Transmit_DMA
 .text.HAL_SPI_IRQHandler
                0x0000000008003cf0      0x1cc ./Drivers/STM32F1xx_HAL_Driver/Src/stm32f1xx_hal_spi.o
                0x0000000008003cf0                HAL_SPI_IRQHandler
 .text.HAL_SPI_TxHalfCpltCallback
                0x0000000008003ebc       0x12 ./Drivers/STM32F1xx_HAL_Driver/Src/stm32f1xx_hal_spi.o
                0x0000000008003ebc                HAL_SPI_TxHalfCpltCallback
 .text.HAL_SPI_ErrorCallback
                0x0000000008003ece       0x12 ./Drivers/STM32F1xx_HAL_Driver/Src/stm32f1xx_hal_spi.o
                0x0000000008003ece                HAL_SPI_ErrorCallback
 .text.SPI_DMATransmitCplt
                0x0000000008003ee0       0xa6 ./Drivers/STM32F1xx_HAL_Driver/Src/stm32f1xx_hal_spi.o
 .text.SPI_DMAHalfTransmitCplt
                0x0000000008003f86       0x1c ./Drivers/STM32F1xx_HAL_Driver/Src/stm32f1xx_hal_spi.o
 .text.SPI_DMAError
                0x0000000008003fa2       0x40 ./Drivers/STM32F1xx_HAL_Driver/Src/stm32f1xx_hal_spi.o
 .text.SPI_DMAAbortOnError
                0x0000000008003fe2       0x28 ./Drivers/STM32F1xx_HAL_Driver/Src/stm32f1xx_hal_spi.o
 *fill*         0x000000000800400a        0x2 
 .text.SPI_WaitFlagStateUntilTimeout
                0x000000000800400c      0x110 ./Drivers/STM32F1xx_HAL_Driver/Src/stm32f1xx_hal_spi.o
 .text.SPI_EndRxTxTransaction
                0x000000000800411c       0x3c ./Drivers/STM32F1xx_HAL_Driver/Src/stm32f1xx_hal_spi.o
 .text.HAL_TIM_Base_Init
                0x0000000008004158       0x9e ./Drivers/STM32F1xx_HAL_Driver/Src/stm32f1xx_hal_tim.o
                0x0000000008004158                HAL_TIM_Base_Init
 *fill*         0x00000000080041f6        0x2 
 .text.HAL_TIM_Base_Start_IT
                0x00000000080041f8       0xa4 ./Drivers/STM32F1xx_HAL_Driver/Src/stm32f1xx_hal_tim.o
                0x00000000080041f8                HAL_TIM_Base_Start_IT
 .text.HAL_TIM_PWM_Init
                0x000000000800429c       0x9e ./Drivers/STM32F1xx_HAL_Driver/Src/stm32f1xx_hal_tim.o
                0x000000000800429c                HAL_TIM_PWM_Init
 .text.HAL_TIM_PWM_MspInit
                0x000000000800433a       0x12 ./Drivers/STM32F1xx_HAL_Driver/Src/stm32f1xx_hal_tim.o
                0x000000000800433a                HAL_TIM_PWM_MspInit
 .text.HAL_TIM_PWM_Start
                0x000000000800434c      0x144 ./Drivers/STM32F1xx_HAL_Driver/Src/stm32f1xx_hal_tim.o
                0x000000000800434c                HAL_TIM_PWM_Start
 .text.HAL_TIM_PWM_Stop
                0x0000000008004490       0xc8 ./Drivers/STM32F1xx_HAL_Driver/Src/stm32f1xx_hal_tim.o
                0x0000000008004490                HAL_TIM_PWM_Stop
 .text.HAL_TIM_IRQHandler
                0x0000000008004558      0x210 ./Drivers/STM32F1xx_HAL_Driver/Src/stm32f1xx_hal_tim.o
                0x0000000008004558                HAL_TIM_IRQHandler
 .text.HAL_TIM_PWM_ConfigChannel
                0x0000000008004768      0x17c ./Drivers/STM32F1xx_HAL_Driver/Src/stm32f1xx_hal_tim.o
                0x0000000008004768                HAL_TIM_PWM_ConfigChannel
 .text.HAL_TIM_ConfigClockSource
                0x00000000080048e4      0x188 ./Drivers/STM32F1xx_HAL_Driver/Src/stm32f1xx_hal_tim.o
                0x00000000080048e4                HAL_TIM_ConfigClockSource
 .text.HAL_TIM_OC_DelayElapsedCallback
                0x0000000008004a6c       0x12 ./Drivers/STM32F1xx_HAL_Driver/Src/stm32f1xx_hal_tim.o
                0x0000000008004a6c                HAL_TIM_OC_DelayElapsedCallback
 .text.HAL_TIM_IC_CaptureCallback
                0x0000000008004a7e       0x12 ./Drivers/STM32F1xx_HAL_Driver/Src/stm32f1xx_hal_tim.o
                0x0000000008004a7e                HAL_TIM_IC_CaptureCallback
 .text.HAL_TIM_PWM_PulseFinishedCallback
                0x0000000008004a90       0x12 ./Drivers/STM32F1xx_HAL_Driver/Src/stm32f1xx_hal_tim.o
                0x0000000008004a90                HAL_TIM_PWM_PulseFinishedCallback
 .text.HAL_TIM_TriggerCallback
                0x0000000008004aa2       0x12 ./Drivers/STM32F1xx_HAL_Driver/Src/stm32f1xx_hal_tim.o
                0x0000000008004aa2                HAL_TIM_TriggerCallback
 .text.TIM_Base_SetConfig
                0x0000000008004ab4       0xc4 ./Drivers/STM32F1xx_HAL_Driver/Src/stm32f1xx_hal_tim.o
                0x0000000008004ab4                TIM_Base_SetConfig
 .text.TIM_OC1_SetConfig
                0x0000000008004b78       0xcc ./Drivers/STM32F1xx_HAL_Driver/Src/stm32f1xx_hal_tim.o
 .text.TIM_OC2_SetConfig
                0x0000000008004c44       0xd4 ./Drivers/STM32F1xx_HAL_Driver/Src/stm32f1xx_hal_tim.o
                0x0000000008004c44                TIM_OC2_SetConfig
 .text.TIM_OC3_SetConfig
                0x0000000008004d18       0xd4 ./Drivers/STM32F1xx_HAL_Driver/Src/stm32f1xx_hal_tim.o
 .text.TIM_OC4_SetConfig
                0x0000000008004dec       0x9c ./Drivers/STM32F1xx_HAL_Driver/Src/stm32f1xx_hal_tim.o
 .text.TIM_TI1_ConfigInputStage
                0x0000000008004e88       0x5c ./Drivers/STM32F1xx_HAL_Driver/Src/stm32f1xx_hal_tim.o
 .text.TIM_TI2_ConfigInputStage
                0x0000000008004ee4       0x5e ./Drivers/STM32F1xx_HAL_Driver/Src/stm32f1xx_hal_tim.o
 .text.TIM_ITRx_SetConfig
                0x0000000008004f42       0x34 ./Drivers/STM32F1xx_HAL_Driver/Src/stm32f1xx_hal_tim.o
 .text.TIM_ETR_SetConfig
                0x0000000008004f76       0x3e ./Drivers/STM32F1xx_HAL_Driver/Src/stm32f1xx_hal_tim.o
                0x0000000008004f76                TIM_ETR_SetConfig
 .text.TIM_CCxChannelCmd
                0x0000000008004fb4       0x48 ./Drivers/STM32F1xx_HAL_Driver/Src/stm32f1xx_hal_tim.o
                0x0000000008004fb4                TIM_CCxChannelCmd
 .text.HAL_TIMEx_MasterConfigSynchronization
                0x0000000008004ffc       0xbc ./Drivers/STM32F1xx_HAL_Driver/Src/stm32f1xx_hal_tim_ex.o
                0x0000000008004ffc                HAL_TIMEx_MasterConfigSynchronization
 .text.HAL_TIMEx_CommutCallback
                0x00000000080050b8       0x12 ./Drivers/STM32F1xx_HAL_Driver/Src/stm32f1xx_hal_tim_ex.o
                0x00000000080050b8                HAL_TIMEx_CommutCallback
 .text.HAL_TIMEx_BreakCallback
                0x00000000080050ca       0x12 ./Drivers/STM32F1xx_HAL_Driver/Src/stm32f1xx_hal_tim_ex.o
                0x00000000080050ca                HAL_TIMEx_BreakCallback
 .text.USB_CoreInit
                0x00000000080050dc       0x20 ./Drivers/STM32F1xx_HAL_Driver/Src/stm32f1xx_ll_usb.o
                0x00000000080050dc                USB_CoreInit
 .text.USB_EnableGlobalInt
                0x00000000080050fc       0x2c ./Drivers/STM32F1xx_HAL_Driver/Src/stm32f1xx_ll_usb.o
                0x00000000080050fc                USB_EnableGlobalInt
 .text.USB_DisableGlobalInt
                0x0000000008005128       0x34 ./Drivers/STM32F1xx_HAL_Driver/Src/stm32f1xx_ll_usb.o
                0x0000000008005128                USB_DisableGlobalInt
 .text.USB_SetCurrentMode
                0x000000000800515c       0x18 ./Drivers/STM32F1xx_HAL_Driver/Src/stm32f1xx_ll_usb.o
                0x000000000800515c                USB_SetCurrentMode
 .text.USB_DevInit
                0x0000000008005174       0x40 ./Drivers/STM32F1xx_HAL_Driver/Src/stm32f1xx_ll_usb.o
                0x0000000008005174                USB_DevInit
 .text.USB_ActivateEndpoint
                0x00000000080051b4      0x6d4 ./Drivers/STM32F1xx_HAL_Driver/Src/stm32f1xx_ll_usb.o
                0x00000000080051b4                USB_ActivateEndpoint
 .text.USB_DeactivateEndpoint
                0x0000000008005888      0x3d8 ./Drivers/STM32F1xx_HAL_Driver/Src/stm32f1xx_ll_usb.o
                0x0000000008005888                USB_DeactivateEndpoint
 .text.USB_EPStartXfer
                0x0000000008005c60     0x15ee ./Drivers/STM32F1xx_HAL_Driver/Src/stm32f1xx_ll_usb.o
                0x0000000008005c60                USB_EPStartXfer
 .text.USB_EPSetStall
                0x000000000800724e       0xa0 ./Drivers/STM32F1xx_HAL_Driver/Src/stm32f1xx_ll_usb.o
                0x000000000800724e                USB_EPSetStall
 .text.USB_EPClearStall
                0x00000000080072ee      0x15a ./Drivers/STM32F1xx_HAL_Driver/Src/stm32f1xx_ll_usb.o
                0x00000000080072ee                USB_EPClearStall
 .text.USB_SetDevAddress
                0x0000000008007448       0x26 ./Drivers/STM32F1xx_HAL_Driver/Src/stm32f1xx_ll_usb.o
                0x0000000008007448                USB_SetDevAddress
 .text.USB_DevConnect
                0x000000000800746e       0x14 ./Drivers/STM32F1xx_HAL_Driver/Src/stm32f1xx_ll_usb.o
                0x000000000800746e                USB_DevConnect
 .text.USB_DevDisconnect
                0x0000000008007482       0x14 ./Drivers/STM32F1xx_HAL_Driver/Src/stm32f1xx_ll_usb.o
                0x0000000008007482                USB_DevDisconnect
 .text.USB_ReadInterrupts
                0x0000000008007496       0x1e ./Drivers/STM32F1xx_HAL_Driver/Src/stm32f1xx_ll_usb.o
                0x0000000008007496                USB_ReadInterrupts
 .text.USB_EP0_OutStart
                0x00000000080074b4       0x16 ./Drivers/STM32F1xx_HAL_Driver/Src/stm32f1xx_ll_usb.o
                0x00000000080074b4                USB_EP0_OutStart
 .text.USB_WritePMA
                0x00000000080074ca       0x8a ./Drivers/STM32F1xx_HAL_Driver/Src/stm32f1xx_ll_usb.o
                0x00000000080074ca                USB_WritePMA
 .text.USB_ReadPMA
                0x0000000008007554       0x9e ./Drivers/STM32F1xx_HAL_Driver/Src/stm32f1xx_ll_usb.o
                0x0000000008007554                USB_ReadPMA
 .text.USBD_CDC_Init
                0x00000000080075f2       0xf4 ./Middlewares/ST/STM32_USB_Device_Library/Class/CDC/Src/usbd_cdc.o
 .text.USBD_CDC_DeInit
                0x00000000080076e6       0x6e ./Middlewares/ST/STM32_USB_Device_Library/Class/CDC/Src/usbd_cdc.o
 .text.USBD_CDC_Setup
                0x0000000008007754      0x146 ./Middlewares/ST/STM32_USB_Device_Library/Class/CDC/Src/usbd_cdc.o
 .text.USBD_CDC_DataIn
                0x000000000800789a       0xa6 ./Middlewares/ST/STM32_USB_Device_Library/Class/CDC/Src/usbd_cdc.o
 .text.USBD_CDC_DataOut
                0x0000000008007940       0x56 ./Middlewares/ST/STM32_USB_Device_Library/Class/CDC/Src/usbd_cdc.o
 .text.USBD_CDC_EP0_RxReady
                0x0000000008007996       0x50 ./Middlewares/ST/STM32_USB_Device_Library/Class/CDC/Src/usbd_cdc.o
 *fill*         0x00000000080079e6        0x2 
 .text.USBD_CDC_GetFSCfgDesc
                0x00000000080079e8       0x20 ./Middlewares/ST/STM32_USB_Device_Library/Class/CDC/Src/usbd_cdc.o
 .text.USBD_CDC_GetHSCfgDesc
                0x0000000008007a08       0x20 ./Middlewares/ST/STM32_USB_Device_Library/Class/CDC/Src/usbd_cdc.o
 .text.USBD_CDC_GetOtherSpeedCfgDesc
                0x0000000008007a28       0x20 ./Middlewares/ST/STM32_USB_Device_Library/Class/CDC/Src/usbd_cdc.o
 .text.USBD_CDC_GetDeviceQualifierDescriptor
                0x0000000008007a48       0x20 ./Middlewares/ST/STM32_USB_Device_Library/Class/CDC/Src/usbd_cdc.o
                0x0000000008007a48                USBD_CDC_GetDeviceQualifierDescriptor
 .text.USBD_CDC_RegisterInterface
                0x0000000008007a68       0x2c ./Middlewares/ST/STM32_USB_Device_Library/Class/CDC/Src/usbd_cdc.o
                0x0000000008007a68                USBD_CDC_RegisterInterface
 .text.USBD_CDC_SetTxBuffer
                0x0000000008007a94       0x32 ./Middlewares/ST/STM32_USB_Device_Library/Class/CDC/Src/usbd_cdc.o
                0x0000000008007a94                USBD_CDC_SetTxBuffer
 .text.USBD_CDC_SetRxBuffer
                0x0000000008007ac6       0x26 ./Middlewares/ST/STM32_USB_Device_Library/Class/CDC/Src/usbd_cdc.o
                0x0000000008007ac6                USBD_CDC_SetRxBuffer
 .text.USBD_CDC_ReceivePacket
                0x0000000008007aec       0x54 ./Middlewares/ST/STM32_USB_Device_Library/Class/CDC/Src/usbd_cdc.o
                0x0000000008007aec                USBD_CDC_ReceivePacket
 .text.USBD_Init
                0x0000000008007b40       0x56 ./Middlewares/ST/STM32_USB_Device_Library/Core/Src/usbd_core.o
                0x0000000008007b40                USBD_Init
 .text.USBD_RegisterClass
                0x0000000008007b96       0x32 ./Middlewares/ST/STM32_USB_Device_Library/Core/Src/usbd_core.o
                0x0000000008007b96                USBD_RegisterClass
 .text.USBD_Start
                0x0000000008007bc8       0x18 ./Middlewares/ST/STM32_USB_Device_Library/Core/Src/usbd_core.o
                0x0000000008007bc8                USBD_Start
 .text.USBD_RunTestMode
                0x0000000008007be0       0x14 ./Middlewares/ST/STM32_USB_Device_Library/Core/Src/usbd_core.o
                0x0000000008007be0                USBD_RunTestMode
 .text.USBD_SetClassConfig
                0x0000000008007bf4       0x3e ./Middlewares/ST/STM32_USB_Device_Library/Core/Src/usbd_core.o
                0x0000000008007bf4                USBD_SetClassConfig
 .text.USBD_ClrClassConfig
                0x0000000008007c32       0x26 ./Middlewares/ST/STM32_USB_Device_Library/Core/Src/usbd_core.o
                0x0000000008007c32                USBD_ClrClassConfig
 .text.USBD_LL_SetupStage
                0x0000000008007c58       0x9a ./Middlewares/ST/STM32_USB_Device_Library/Core/Src/usbd_core.o
                0x0000000008007c58                USBD_LL_SetupStage
 .text.USBD_LL_DataOutStage
                0x0000000008007cf2       0xe2 ./Middlewares/ST/STM32_USB_Device_Library/Core/Src/usbd_core.o
                0x0000000008007cf2                USBD_LL_DataOutStage
 .text.USBD_LL_DataInStage
                0x0000000008007dd4      0x14a ./Middlewares/ST/STM32_USB_Device_Library/Core/Src/usbd_core.o
                0x0000000008007dd4                USBD_LL_DataInStage
 .text.USBD_LL_Reset
                0x0000000008007f1e       0x82 ./Middlewares/ST/STM32_USB_Device_Library/Core/Src/usbd_core.o
                0x0000000008007f1e                USBD_LL_Reset
 .text.USBD_LL_SetSpeed
                0x0000000008007fa0       0x1e ./Middlewares/ST/STM32_USB_Device_Library/Core/Src/usbd_core.o
                0x0000000008007fa0                USBD_LL_SetSpeed
 .text.USBD_LL_Suspend
                0x0000000008007fbe       0x28 ./Middlewares/ST/STM32_USB_Device_Library/Core/Src/usbd_core.o
                0x0000000008007fbe                USBD_LL_Suspend
 .text.USBD_LL_Resume
                0x0000000008007fe6       0x2a ./Middlewares/ST/STM32_USB_Device_Library/Core/Src/usbd_core.o
                0x0000000008007fe6                USBD_LL_Resume
 .text.USBD_LL_SOF
                0x0000000008008010       0x34 ./Middlewares/ST/STM32_USB_Device_Library/Core/Src/usbd_core.o
                0x0000000008008010                USBD_LL_SOF
 .text.USBD_StdDevReq
                0x0000000008008044       0xd4 ./Middlewares/ST/STM32_USB_Device_Library/Core/Src/usbd_ctlreq.o
                0x0000000008008044                USBD_StdDevReq
 .text.USBD_StdItfReq
                0x0000000008008118       0x90 ./Middlewares/ST/STM32_USB_Device_Library/Core/Src/usbd_ctlreq.o
                0x0000000008008118                USBD_StdItfReq
 .text.USBD_StdEPReq
                0x00000000080081a8      0x2c6 ./Middlewares/ST/STM32_USB_Device_Library/Core/Src/usbd_ctlreq.o
                0x00000000080081a8                USBD_StdEPReq
 *fill*         0x000000000800846e        0x2 
 .text.USBD_GetDescriptor
                0x0000000008008470      0x2d0 ./Middlewares/ST/STM32_USB_Device_Library/Core/Src/usbd_ctlreq.o
 .text.USBD_SetAddress
                0x0000000008008740       0x86 ./Middlewares/ST/STM32_USB_Device_Library/Core/Src/usbd_ctlreq.o
 *fill*         0x00000000080087c6        0x2 
 .text.USBD_SetConfig
                0x00000000080087c8      0x11c ./Middlewares/ST/STM32_USB_Device_Library/Core/Src/usbd_ctlreq.o
 .text.USBD_GetConfig
                0x00000000080088e4       0x6a ./Middlewares/ST/STM32_USB_Device_Library/Core/Src/usbd_ctlreq.o
 .text.USBD_GetStatus
                0x000000000800894e       0x66 ./Middlewares/ST/STM32_USB_Device_Library/Core/Src/usbd_ctlreq.o
 .text.USBD_SetFeature
                0x00000000080089b4       0x28 ./Middlewares/ST/STM32_USB_Device_Library/Core/Src/usbd_ctlreq.o
 .text.USBD_ClrFeature
                0x00000000080089dc       0x42 ./Middlewares/ST/STM32_USB_Device_Library/Core/Src/usbd_ctlreq.o
 .text.USBD_ParseSetupRequest
                0x0000000008008a1e       0x78 ./Middlewares/ST/STM32_USB_Device_Library/Core/Src/usbd_ctlreq.o
                0x0000000008008a1e                USBD_ParseSetupRequest
 .text.USBD_CtlError
                0x0000000008008a96       0x22 ./Middlewares/ST/STM32_USB_Device_Library/Core/Src/usbd_ctlreq.o
                0x0000000008008a96                USBD_CtlError
 .text.USBD_GetString
                0x0000000008008ab8       0x84 ./Middlewares/ST/STM32_USB_Device_Library/Core/Src/usbd_ctlreq.o
                0x0000000008008ab8                USBD_GetString
 .text.USBD_GetLen
                0x0000000008008b3c       0x2e ./Middlewares/ST/STM32_USB_Device_Library/Core/Src/usbd_ctlreq.o
 .text.USBD_CtlSendData
                0x0000000008008b6a       0x38 ./Middlewares/ST/STM32_USB_Device_Library/Core/Src/usbd_ioreq.o
                0x0000000008008b6a                USBD_CtlSendData
 .text.USBD_CtlContinueSendData
                0x0000000008008ba2       0x24 ./Middlewares/ST/STM32_USB_Device_Library/Core/Src/usbd_ioreq.o
                0x0000000008008ba2                USBD_CtlContinueSendData
 .text.USBD_CtlPrepareRx
                0x0000000008008bc6       0x3c ./Middlewares/ST/STM32_USB_Device_Library/Core/Src/usbd_ioreq.o
                0x0000000008008bc6                USBD_CtlPrepareRx
 .text.USBD_CtlContinueRx
                0x0000000008008c02       0x24 ./Middlewares/ST/STM32_USB_Device_Library/Core/Src/usbd_ioreq.o
                0x0000000008008c02                USBD_CtlContinueRx
 .text.USBD_CtlSendStatus
                0x0000000008008c26       0x26 ./Middlewares/ST/STM32_USB_Device_Library/Core/Src/usbd_ioreq.o
                0x0000000008008c26                USBD_CtlSendStatus
 .text.USBD_CtlReceiveStatus
                0x0000000008008c4c       0x26 ./Middlewares/ST/STM32_USB_Device_Library/Core/Src/usbd_ioreq.o
                0x0000000008008c4c                USBD_CtlReceiveStatus
 *fill*         0x0000000008008c72        0x2 
 .text.MX_USB_DEVICE_Init
                0x0000000008008c74       0x60 ./USB_DEVICE/App/usb_device.o
                0x0000000008008c74                MX_USB_DEVICE_Init
 .text.CDC_Init_FS
                0x0000000008008cd4       0x28 ./USB_DEVICE/App/usbd_cdc_if.o
 .text.CDC_DeInit_FS
                0x0000000008008cfc        0xe ./USB_DEVICE/App/usbd_cdc_if.o
 *fill*         0x0000000008008d0a        0x2 
 .text.CDC_Control_FS
                0x0000000008008d0c       0xbc ./USB_DEVICE/App/usbd_cdc_if.o
 .text.CDC_Receive_FS
                0x0000000008008dc8       0xfc ./USB_DEVICE/App/usbd_cdc_if.o
 .text.USBD_FS_DeviceDescriptor
                0x0000000008008ec4       0x24 ./USB_DEVICE/App/usbd_desc.o
                0x0000000008008ec4                USBD_FS_DeviceDescriptor
 .text.USBD_FS_LangIDStrDescriptor
                0x0000000008008ee8       0x24 ./USB_DEVICE/App/usbd_desc.o
                0x0000000008008ee8                USBD_FS_LangIDStrDescriptor
 .text.USBD_FS_ProductStrDescriptor
                0x0000000008008f0c       0x3c ./USB_DEVICE/App/usbd_desc.o
                0x0000000008008f0c                USBD_FS_ProductStrDescriptor
 .text.USBD_FS_ManufacturerStrDescriptor
                0x0000000008008f48       0x28 ./USB_DEVICE/App/usbd_desc.o
                0x0000000008008f48                USBD_FS_ManufacturerStrDescriptor
 .text.USBD_FS_SerialStrDescriptor
                0x0000000008008f70       0x24 ./USB_DEVICE/App/usbd_desc.o
                0x0000000008008f70                USBD_FS_SerialStrDescriptor
 .text.USBD_FS_ConfigStrDescriptor
                0x0000000008008f94       0x3c ./USB_DEVICE/App/usbd_desc.o
                0x0000000008008f94                USBD_FS_ConfigStrDescriptor
 .text.USBD_FS_InterfaceStrDescriptor
                0x0000000008008fd0       0x3c ./USB_DEVICE/App/usbd_desc.o
                0x0000000008008fd0                USBD_FS_InterfaceStrDescriptor
 .text.Get_SerialNum
                0x000000000800900c       0x58 ./USB_DEVICE/App/usbd_desc.o
 .text.IntToUnicode
                0x0000000008009064       0x7c ./USB_DEVICE/App/usbd_desc.o
 .text.HAL_PCD_MspInit
                0x00000000080090e0       0x4c ./USB_DEVICE/Target/usbd_conf.o
                0x00000000080090e0                HAL_PCD_MspInit
 .text.HAL_PCD_SetupStageCallback
                0x000000000800912c       0x24 ./USB_DEVICE/Target/usbd_conf.o
                0x000000000800912c                HAL_PCD_SetupStageCallback
 .text.HAL_PCD_DataOutStageCallback
                0x0000000008009150       0x36 ./USB_DEVICE/Target/usbd_conf.o
                0x0000000008009150                HAL_PCD_DataOutStageCallback
 .text.HAL_PCD_DataInStageCallback
                0x0000000008009186       0x34 ./USB_DEVICE/Target/usbd_conf.o
                0x0000000008009186                HAL_PCD_DataInStageCallback
 .text.HAL_PCD_SOFCallback
                0x00000000080091ba       0x1c ./USB_DEVICE/Target/usbd_conf.o
                0x00000000080091ba                HAL_PCD_SOFCallback
 .text.HAL_PCD_ResetCallback
                0x00000000080091d6       0x3c ./USB_DEVICE/Target/usbd_conf.o
                0x00000000080091d6                HAL_PCD_ResetCallback
 *fill*         0x0000000008009212        0x2 
 .text.HAL_PCD_SuspendCallback
                0x0000000008009214       0x34 ./USB_DEVICE/Target/usbd_conf.o
                0x0000000008009214                HAL_PCD_SuspendCallback
 .text.HAL_PCD_ResumeCallback
                0x0000000008009248       0x1c ./USB_DEVICE/Target/usbd_conf.o
                0x0000000008009248                HAL_PCD_ResumeCallback
 .text.USBD_LL_Init
                0x0000000008009264       0xb4 ./USB_DEVICE/Target/usbd_conf.o
                0x0000000008009264                USBD_LL_Init
 .text.USBD_LL_Start
                0x0000000008009318       0x36 ./USB_DEVICE/Target/usbd_conf.o
                0x0000000008009318                USBD_LL_Start
 .text.USBD_LL_OpenEP
                0x000000000800934e       0x4c ./USB_DEVICE/Target/usbd_conf.o
                0x000000000800934e                USBD_LL_OpenEP
 .text.USBD_LL_CloseEP
                0x000000000800939a       0x3e ./USB_DEVICE/Target/usbd_conf.o
                0x000000000800939a                USBD_LL_CloseEP
 .text.USBD_LL_StallEP
                0x00000000080093d8       0x3e ./USB_DEVICE/Target/usbd_conf.o
                0x00000000080093d8                USBD_LL_StallEP
 .text.USBD_LL_ClearStallEP
                0x0000000008009416       0x3e ./USB_DEVICE/Target/usbd_conf.o
                0x0000000008009416                USBD_LL_ClearStallEP
 .text.USBD_LL_IsStallEP
                0x0000000008009454       0x58 ./USB_DEVICE/Target/usbd_conf.o
                0x0000000008009454                USBD_LL_IsStallEP
 .text.USBD_LL_SetUSBAddress
                0x00000000080094ac       0x3e ./USB_DEVICE/Target/usbd_conf.o
                0x00000000080094ac                USBD_LL_SetUSBAddress
 .text.USBD_LL_Transmit
                0x00000000080094ea       0x46 ./USB_DEVICE/Target/usbd_conf.o
                0x00000000080094ea                USBD_LL_Transmit
 .text.USBD_LL_PrepareReceive
                0x0000000008009530       0x46 ./USB_DEVICE/Target/usbd_conf.o
                0x0000000008009530                USBD_LL_PrepareReceive
 .text.USBD_LL_GetRxDataSize
                0x0000000008009576       0x26 ./USB_DEVICE/Target/usbd_conf.o
                0x0000000008009576                USBD_LL_GetRxDataSize
 .text.USBD_static_malloc
                0x000000000800959c       0x18 ./USB_DEVICE/Target/usbd_conf.o
                0x000000000800959c                USBD_static_malloc
 .text.USBD_static_free
                0x00000000080095b4       0x12 ./USB_DEVICE/Target/usbd_conf.o
                0x00000000080095b4                USBD_static_free
 .text.HAL_PCDEx_SetConnectionState
                0x00000000080095c6       0x16 ./USB_DEVICE/Target/usbd_conf.o
                0x00000000080095c6                HAL_PCDEx_SetConnectionState
 .text.USBD_Get_USB_Status
                0x00000000080095dc       0x58 ./USB_DEVICE/Target/usbd_conf.o
 .text._run     0x0000000008009634      0x5a8 ./mycode/Bar.o
                0x0000000008009634                _run
 .text.graphic_updata
                0x0000000008009bdc       0x7c ./mycode/Bar.o
                0x0000000008009bdc                graphic_updata
 .text.gradient_random
                0x0000000008009c58       0x9c ./mycode/Bar.o
                0x0000000008009c58                gradient_random
 .text.gradient_random2
                0x0000000008009cf4       0x9c ./mycode/Bar.o
                0x0000000008009cf4                gradient_random2
 .text.color_random
                0x0000000008009d90       0x96 ./mycode/Bar.o
                0x0000000008009d90                color_random
 .text.check_color_eq
                0x0000000008009e26       0x32 ./mycode/Bar.o
                0x0000000008009e26                check_color_eq
 .text.load_map_h_2color_random
                0x0000000008009e58      0x102 ./mycode/Bar.o
                0x0000000008009e58                load_map_h_2color_random
 .text.load_map_h_gradian_random2
                0x0000000008009f5a      0x102 ./mycode/Bar.o
                0x0000000008009f5a                load_map_h_gradian_random2
 .text.load_map_h_gradian
                0x000000000800a05c      0x126 ./mycode/Bar.o
                0x000000000800a05c                load_map_h_gradian
 .text.load_map_v_gradianx
                0x000000000800a182      0x114 ./mycode/Bar.o
                0x000000000800a182                load_map_v_gradianx
 *fill*         0x000000000800a296        0x2 
 .text.sun_in   0x000000000800a298       0xf8 ./mycode/Bar.o
                0x000000000800a298                sun_in
 .text.sun_ou   0x000000000800a390      0x108 ./mycode/Bar.o
                0x000000000800a390                sun_ou
 .text.galaxy_in
                0x000000000800a498      0x100 ./mycode/Bar.o
                0x000000000800a498                galaxy_in
 .text.galaxy_ou
                0x000000000800a598      0x100 ./mycode/Bar.o
                0x000000000800a598                galaxy_ou
 .text.write_matrix
                0x000000000800a698       0x5c ./mycode/Bar.o
                0x000000000800a698                write_matrix
 .text.read_matrix
                0x000000000800a6f4       0x84 ./mycode/Bar.o
                0x000000000800a6f4                read_matrix
 .text.rota_mx_lr
                0x000000000800a778      0x196 ./mycode/Bar.o
                0x000000000800a778                rota_mx_lr
 .text.rota_mx_ud
                0x000000000800a90e      0x190 ./mycode/Bar.o
                0x000000000800a90e                rota_mx_ud
 .text.RGB_color_change
                0x000000000800aa9e       0xec ./mycode/Bar.o
                0x000000000800aa9e                RGB_color_change
 .text.RGB_write
                0x000000000800ab8a       0x60 ./mycode/Bar.o
                0x000000000800ab8a                RGB_write
 *fill*         0x000000000800abea        0x2 
 .text.RGB_base_convert
                0x000000000800abec       0xdc ./mycode/Bar.o
                0x000000000800abec                RGB_base_convert
 .text.point_to
                0x000000000800acc8       0x34 ./mycode/Bar.o
                0x000000000800acc8                point_to
 .text.pwm_nled3
                0x000000000800acfc      0x184 ./mycode/Bar.o
                0x000000000800acfc                pwm_nled3
 .text.color_scan
                0x000000000800ae80       0x8c ./mycode/Bar.o
                0x000000000800ae80                color_scan
 .text.HAL_SPI_TxCpltCallback
                0x000000000800af0c       0x24 ./mycode/Bar.o
                0x000000000800af0c                HAL_SPI_TxCpltCallback
 .text.HAL_TIM_PeriodElapsedCallback
                0x000000000800af30       0x3c ./mycode/Bar.o
                0x000000000800af30                HAL_TIM_PeriodElapsedCallback
 .text._LAT     0x000000000800af6c       0x20 ./mycode/Bar.o
                0x000000000800af6c                _LAT
 .text._OE_ENABLE
                0x000000000800af8c       0x50 ./mycode/Bar.o
                0x000000000800af8c                _OE_ENABLE
 .text.brigthness
                0x000000000800afdc       0x20 ./mycode/Bar.o
                0x000000000800afdc                brigthness
 .text.setPWM   0x000000000800affc       0x60 ./mycode/Bar.o
                0x000000000800affc                setPWM
 .text.__errno  0x000000000800b05c        0xc c:/st/stm32cubeide_1.6.1/stm32cubeide/plugins/com.st.stm32cube.ide.mcu.externaltools.gnu-tools-for-stm32.9-2020-q2-update.win32_2.0.0.202105311346/tools/bin/../lib/gcc/arm-none-eabi/9.3.1/../../../../arm-none-eabi/lib/thumb/v7-m/nofp\libc_nano.a(lib_a-errno.o)
                0x000000000800b05c                __errno
 .text.__libc_init_array
                0x000000000800b068       0x48 c:/st/stm32cubeide_1.6.1/stm32cubeide/plugins/com.st.stm32cube.ide.mcu.externaltools.gnu-tools-for-stm32.9-2020-q2-update.win32_2.0.0.202105311346/tools/bin/../lib/gcc/arm-none-eabi/9.3.1/../../../../arm-none-eabi/lib/thumb/v7-m/nofp\libc_nano.a(lib_a-init.o)
                0x000000000800b068                __libc_init_array
 .text.memset   0x000000000800b0b0       0x10 c:/st/stm32cubeide_1.6.1/stm32cubeide/plugins/com.st.stm32cube.ide.mcu.externaltools.gnu-tools-for-stm32.9-2020-q2-update.win32_2.0.0.202105311346/tools/bin/../lib/gcc/arm-none-eabi/9.3.1/../../../../arm-none-eabi/lib/thumb/v7-m/nofp\libc_nano.a(lib_a-memset.o)
                0x000000000800b0b0                memset
 .text.rand     0x000000000800b0c0       0x80 c:/st/stm32cubeide_1.6.1/stm32cubeide/plugins/com.st.stm32cube.ide.mcu.externaltools.gnu-tools-for-stm32.9-2020-q2-update.win32_2.0.0.202105311346/tools/bin/../lib/gcc/arm-none-eabi/9.3.1/../../../../arm-none-eabi/lib/thumb/v7-m/nofp\libc_nano.a(lib_a-rand.o)
                0x000000000800b0c0                rand
 .text.__assert_func
                0x000000000800b140       0x3c c:/st/stm32cubeide_1.6.1/stm32cubeide/plugins/com.st.stm32cube.ide.mcu.externaltools.gnu-tools-for-stm32.9-2020-q2-update.win32_2.0.0.202105311346/tools/bin/../lib/gcc/arm-none-eabi/9.3.1/../../../../arm-none-eabi/lib/thumb/v7-m/nofp\libc_nano.a(lib_a-assert.o)
                0x000000000800b140                __assert_func
 .text.fprintf  0x000000000800b17c       0x24 c:/st/stm32cubeide_1.6.1/stm32cubeide/plugins/com.st.stm32cube.ide.mcu.externaltools.gnu-tools-for-stm32.9-2020-q2-update.win32_2.0.0.202105311346/tools/bin/../lib/gcc/arm-none-eabi/9.3.1/../../../../arm-none-eabi/lib/thumb/v7-m/nofp\libc_nano.a(lib_a-fprintf.o)
                0x000000000800b17c                fiprintf
                0x000000000800b17c                fprintf
 .text.malloc   0x000000000800b1a0       0x10 c:/st/stm32cubeide_1.6.1/stm32cubeide/plugins/com.st.stm32cube.ide.mcu.externaltools.gnu-tools-for-stm32.9-2020-q2-update.win32_2.0.0.202105311346/tools/bin/../lib/gcc/arm-none-eabi/9.3.1/../../../../arm-none-eabi/lib/thumb/v7-m/nofp\libc_nano.a(lib_a-malloc.o)
                0x000000000800b1a0                malloc
 .text._free_r  0x000000000800b1b0       0x98 c:/st/stm32cubeide_1.6.1/stm32cubeide/plugins/com.st.stm32cube.ide.mcu.externaltools.gnu-tools-for-stm32.9-2020-q2-update.win32_2.0.0.202105311346/tools/bin/../lib/gcc/arm-none-eabi/9.3.1/../../../../arm-none-eabi/lib/thumb/v7-m/nofp\libc_nano.a(lib_a-nano-freer.o)
                0x000000000800b1b0                _free_r
 .text._malloc_r
                0x000000000800b248       0xb4 c:/st/stm32cubeide_1.6.1/stm32cubeide/plugins/com.st.stm32cube.ide.mcu.externaltools.gnu-tools-for-stm32.9-2020-q2-update.win32_2.0.0.202105311346/tools/bin/../lib/gcc/arm-none-eabi/9.3.1/../../../../arm-none-eabi/lib/thumb/v7-m/nofp\libc_nano.a(lib_a-nano-mallocr.o)
                0x000000000800b248                _malloc_r
 .text.__sfputc_r
                0x000000000800b2fc       0x2a c:/st/stm32cubeide_1.6.1/stm32cubeide/plugins/com.st.stm32cube.ide.mcu.externaltools.gnu-tools-for-stm32.9-2020-q2-update.win32_2.0.0.202105311346/tools/bin/../lib/gcc/arm-none-eabi/9.3.1/../../../../arm-none-eabi/lib/thumb/v7-m/nofp\libc_nano.a(lib_a-nano-vfprintf.o)
 .text.__sfputs_r
                0x000000000800b326       0x24 c:/st/stm32cubeide_1.6.1/stm32cubeide/plugins/com.st.stm32cube.ide.mcu.externaltools.gnu-tools-for-stm32.9-2020-q2-update.win32_2.0.0.202105311346/tools/bin/../lib/gcc/arm-none-eabi/9.3.1/../../../../arm-none-eabi/lib/thumb/v7-m/nofp\libc_nano.a(lib_a-nano-vfprintf.o)
                0x000000000800b326                __sfputs_r
 *fill*         0x000000000800b34a        0x2 
 .text._vfprintf_r
                0x000000000800b34c      0x260 c:/st/stm32cubeide_1.6.1/stm32cubeide/plugins/com.st.stm32cube.ide.mcu.externaltools.gnu-tools-for-stm32.9-2020-q2-update.win32_2.0.0.202105311346/tools/bin/../lib/gcc/arm-none-eabi/9.3.1/../../../../arm-none-eabi/lib/thumb/v7-m/nofp\libc_nano.a(lib_a-nano-vfprintf.o)
                0x000000000800b34c                _vfprintf_r
                0x000000000800b34c                _vfiprintf_r
 .text._printf_common
                0x000000000800b5ac       0xde c:/st/stm32cubeide_1.6.1/stm32cubeide/plugins/com.st.stm32cube.ide.mcu.externaltools.gnu-tools-for-stm32.9-2020-q2-update.win32_2.0.0.202105311346/tools/bin/../lib/gcc/arm-none-eabi/9.3.1/../../../../arm-none-eabi/lib/thumb/v7-m/nofp\libc_nano.a(lib_a-nano-vfprintf_i.o)
                0x000000000800b5ac                _printf_common
 *fill*         0x000000000800b68a        0x2 
 .text._printf_i
                0x000000000800b68c      0x24c c:/st/stm32cubeide_1.6.1/stm32cubeide/plugins/com.st.stm32cube.ide.mcu.externaltools.gnu-tools-for-stm32.9-2020-q2-update.win32_2.0.0.202105311346/tools/bin/../lib/gcc/arm-none-eabi/9.3.1/../../../../arm-none-eabi/lib/thumb/v7-m/nofp\libc_nano.a(lib_a-nano-vfprintf_i.o)
                0x000000000800b68c                _printf_i
 .text._sbrk_r  0x000000000800b8d8       0x20 c:/st/stm32cubeide_1.6.1/stm32cubeide/plugins/com.st.stm32cube.ide.mcu.externaltools.gnu-tools-for-stm32.9-2020-q2-update.win32_2.0.0.202105311346/tools/bin/../lib/gcc/arm-none-eabi/9.3.1/../../../../arm-none-eabi/lib/thumb/v7-m/nofp\libc_nano.a(lib_a-sbrkr.o)
                0x000000000800b8d8                _sbrk_r
 .text.__swbuf_r
                0x000000000800b8f8       0xa4 c:/st/stm32cubeide_1.6.1/stm32cubeide/plugins/com.st.stm32cube.ide.mcu.externaltools.gnu-tools-for-stm32.9-2020-q2-update.win32_2.0.0.202105311346/tools/bin/../lib/gcc/arm-none-eabi/9.3.1/../../../../arm-none-eabi/lib/thumb/v7-m/nofp\libc_nano.a(lib_a-wbuf.o)
                0x000000000800b8f8                __swbuf_r
 .text.__swsetup_r
                0x000000000800b99c       0xdc c:/st/stm32cubeide_1.6.1/stm32cubeide/plugins/com.st.stm32cube.ide.mcu.externaltools.gnu-tools-for-stm32.9-2020-q2-update.win32_2.0.0.202105311346/tools/bin/../lib/gcc/arm-none-eabi/9.3.1/../../../../arm-none-eabi/lib/thumb/v7-m/nofp\libc_nano.a(lib_a-wsetup.o)
                0x000000000800b99c                __swsetup_r
 .text.abort    0x000000000800ba78        0xe c:/st/stm32cubeide_1.6.1/stm32cubeide/plugins/com.st.stm32cube.ide.mcu.externaltools.gnu-tools-for-stm32.9-2020-q2-update.win32_2.0.0.202105311346/tools/bin/../lib/gcc/arm-none-eabi/9.3.1/../../../../arm-none-eabi/lib/thumb/v7-m/nofp\libc_nano.a(lib_a-abort.o)
                0x000000000800ba78                abort
 *fill*         0x000000000800ba86        0x2 
 .text.__sflush_r
                0x000000000800ba88      0x10c c:/st/stm32cubeide_1.6.1/stm32cubeide/plugins/com.st.stm32cube.ide.mcu.externaltools.gnu-tools-for-stm32.9-2020-q2-update.win32_2.0.0.202105311346/tools/bin/../lib/gcc/arm-none-eabi/9.3.1/../../../../arm-none-eabi/lib/thumb/v7-m/nofp\libc_nano.a(lib_a-fflush.o)
                0x000000000800ba88                __sflush_r
 .text._fflush_r
                0x000000000800bb94       0x78 c:/st/stm32cubeide_1.6.1/stm32cubeide/plugins/com.st.stm32cube.ide.mcu.externaltools.gnu-tools-for-stm32.9-2020-q2-update.win32_2.0.0.202105311346/tools/bin/../lib/gcc/arm-none-eabi/9.3.1/../../../../arm-none-eabi/lib/thumb/v7-m/nofp\libc_nano.a(lib_a-fflush.o)
                0x000000000800bb94                _fflush_r
 .text.std      0x000000000800bc0c       0x48 c:/st/stm32cubeide_1.6.1/stm32cubeide/plugins/com.st.stm32cube.ide.mcu.externaltools.gnu-tools-for-stm32.9-2020-q2-update.win32_2.0.0.202105311346/tools/bin/../lib/gcc/arm-none-eabi/9.3.1/../../../../arm-none-eabi/lib/thumb/v7-m/nofp\libc_nano.a(lib_a-findfp.o)
 .text._cleanup_r
                0x000000000800bc54        0xc c:/st/stm32cubeide_1.6.1/stm32cubeide/plugins/com.st.stm32cube.ide.mcu.externaltools.gnu-tools-for-stm32.9-2020-q2-update.win32_2.0.0.202105311346/tools/bin/../lib/gcc/arm-none-eabi/9.3.1/../../../../arm-none-eabi/lib/thumb/v7-m/nofp\libc_nano.a(lib_a-findfp.o)
                0x000000000800bc54                _cleanup_r
 .text.__sfmoreglue
                0x000000000800bc60       0x2c c:/st/stm32cubeide_1.6.1/stm32cubeide/plugins/com.st.stm32cube.ide.mcu.externaltools.gnu-tools-for-stm32.9-2020-q2-update.win32_2.0.0.202105311346/tools/bin/../lib/gcc/arm-none-eabi/9.3.1/../../../../arm-none-eabi/lib/thumb/v7-m/nofp\libc_nano.a(lib_a-findfp.o)
                0x000000000800bc60                __sfmoreglue
 .text.__sfp_lock_acquire
                0x000000000800bc8c        0xc c:/st/stm32cubeide_1.6.1/stm32cubeide/plugins/com.st.stm32cube.ide.mcu.externaltools.gnu-tools-for-stm32.9-2020-q2-update.win32_2.0.0.202105311346/tools/bin/../lib/gcc/arm-none-eabi/9.3.1/../../../../arm-none-eabi/lib/thumb/v7-m/nofp\libc_nano.a(lib_a-findfp.o)
                0x000000000800bc8c                __sfp_lock_acquire
 .text.__sfp_lock_release
                0x000000000800bc98        0xc c:/st/stm32cubeide_1.6.1/stm32cubeide/plugins/com.st.stm32cube.ide.mcu.externaltools.gnu-tools-for-stm32.9-2020-q2-update.win32_2.0.0.202105311346/tools/bin/../lib/gcc/arm-none-eabi/9.3.1/../../../../arm-none-eabi/lib/thumb/v7-m/nofp\libc_nano.a(lib_a-findfp.o)
                0x000000000800bc98                __sfp_lock_release
 .text.__sinit_lock_acquire
                0x000000000800bca4        0xc c:/st/stm32cubeide_1.6.1/stm32cubeide/plugins/com.st.stm32cube.ide.mcu.externaltools.gnu-tools-for-stm32.9-2020-q2-update.win32_2.0.0.202105311346/tools/bin/../lib/gcc/arm-none-eabi/9.3.1/../../../../arm-none-eabi/lib/thumb/v7-m/nofp\libc_nano.a(lib_a-findfp.o)
                0x000000000800bca4                __sinit_lock_acquire
 .text.__sinit_lock_release
                0x000000000800bcb0        0xc c:/st/stm32cubeide_1.6.1/stm32cubeide/plugins/com.st.stm32cube.ide.mcu.externaltools.gnu-tools-for-stm32.9-2020-q2-update.win32_2.0.0.202105311346/tools/bin/../lib/gcc/arm-none-eabi/9.3.1/../../../../arm-none-eabi/lib/thumb/v7-m/nofp\libc_nano.a(lib_a-findfp.o)
                0x000000000800bcb0                __sinit_lock_release
 .text.__sinit  0x000000000800bcbc       0x70 c:/st/stm32cubeide_1.6.1/stm32cubeide/plugins/com.st.stm32cube.ide.mcu.externaltools.gnu-tools-for-stm32.9-2020-q2-update.win32_2.0.0.202105311346/tools/bin/../lib/gcc/arm-none-eabi/9.3.1/../../../../arm-none-eabi/lib/thumb/v7-m/nofp\libc_nano.a(lib_a-findfp.o)
                0x000000000800bcbc                __sinit
 .text.__sfp    0x000000000800bd2c       0x8c c:/st/stm32cubeide_1.6.1/stm32cubeide/plugins/com.st.stm32cube.ide.mcu.externaltools.gnu-tools-for-stm32.9-2020-q2-update.win32_2.0.0.202105311346/tools/bin/../lib/gcc/arm-none-eabi/9.3.1/../../../../arm-none-eabi/lib/thumb/v7-m/nofp\libc_nano.a(lib_a-findfp.o)
                0x000000000800bd2c                __sfp
 .text._fwalk_reent
                0x000000000800bdb8       0x3e c:/st/stm32cubeide_1.6.1/stm32cubeide/plugins/com.st.stm32cube.ide.mcu.externaltools.gnu-tools-for-stm32.9-2020-q2-update.win32_2.0.0.202105311346/tools/bin/../lib/gcc/arm-none-eabi/9.3.1/../../../../arm-none-eabi/lib/thumb/v7-m/nofp\libc_nano.a(lib_a-fwalk.o)
                0x000000000800bdb8                _fwalk_reent
 .text.__retarget_lock_init_recursive
                0x000000000800bdf6        0x2 c:/st/stm32cubeide_1.6.1/stm32cubeide/plugins/com.st.stm32cube.ide.mcu.externaltools.gnu-tools-for-stm32.9-2020-q2-update.win32_2.0.0.202105311346/tools/bin/../lib/gcc/arm-none-eabi/9.3.1/../../../../arm-none-eabi/lib/thumb/v7-m/nofp\libc_nano.a(lib_a-lock.o)
                0x000000000800bdf6                __retarget_lock_init_recursive
 .text.__retarget_lock_acquire_recursive
                0x000000000800bdf8        0x2 c:/st/stm32cubeide_1.6.1/stm32cubeide/plugins/com.st.stm32cube.ide.mcu.externaltools.gnu-tools-for-stm32.9-2020-q2-update.win32_2.0.0.202105311346/tools/bin/../lib/gcc/arm-none-eabi/9.3.1/../../../../arm-none-eabi/lib/thumb/v7-m/nofp\libc_nano.a(lib_a-lock.o)
                0x000000000800bdf8                __retarget_lock_acquire_recursive
 .text.__retarget_lock_release_recursive
                0x000000000800bdfa        0x2 c:/st/stm32cubeide_1.6.1/stm32cubeide/plugins/com.st.stm32cube.ide.mcu.externaltools.gnu-tools-for-stm32.9-2020-q2-update.win32_2.0.0.202105311346/tools/bin/../lib/gcc/arm-none-eabi/9.3.1/../../../../arm-none-eabi/lib/thumb/v7-m/nofp\libc_nano.a(lib_a-lock.o)
                0x000000000800bdfa                __retarget_lock_release_recursive
 .text.__swhatbuf_r
                0x000000000800bdfc       0x48 c:/st/stm32cubeide_1.6.1/stm32cubeide/plugins/com.st.stm32cube.ide.mcu.externaltools.gnu-tools-for-stm32.9-2020-q2-update.win32_2.0.0.202105311346/tools/bin/../lib/gcc/arm-none-eabi/9.3.1/../../../../arm-none-eabi/lib/thumb/v7-m/nofp\libc_nano.a(lib_a-makebuf.o)
                0x000000000800bdfc                __swhatbuf_r
 .text.__smakebuf_r
                0x000000000800be44       0x80 c:/st/stm32cubeide_1.6.1/stm32cubeide/plugins/com.st.stm32cube.ide.mcu.externaltools.gnu-tools-for-stm32.9-2020-q2-update.win32_2.0.0.202105311346/tools/bin/../lib/gcc/arm-none-eabi/9.3.1/../../../../arm-none-eabi/lib/thumb/v7-m/nofp\libc_nano.a(lib_a-makebuf.o)
                0x000000000800be44                __smakebuf_r
 .text.memchr   0x000000000800bec4       0x1c c:/st/stm32cubeide_1.6.1/stm32cubeide/plugins/com.st.stm32cube.ide.mcu.externaltools.gnu-tools-for-stm32.9-2020-q2-update.win32_2.0.0.202105311346/tools/bin/../lib/gcc/arm-none-eabi/9.3.1/../../../../arm-none-eabi/lib/thumb/v7-m/nofp\libc_nano.a(lib_a-memchr-stub.o)
                0x000000000800bec4                memchr
 .text.__malloc_lock
                0x000000000800bee0        0xc c:/st/stm32cubeide_1.6.1/stm32cubeide/plugins/com.st.stm32cube.ide.mcu.externaltools.gnu-tools-for-stm32.9-2020-q2-update.win32_2.0.0.202105311346/tools/bin/../lib/gcc/arm-none-eabi/9.3.1/../../../../arm-none-eabi/lib/thumb/v7-m/nofp\libc_nano.a(lib_a-mlock.o)
                0x000000000800bee0                __malloc_lock
 .text.__malloc_unlock
                0x000000000800beec        0xc c:/st/stm32cubeide_1.6.1/stm32cubeide/plugins/com.st.stm32cube.ide.mcu.externaltools.gnu-tools-for-stm32.9-2020-q2-update.win32_2.0.0.202105311346/tools/bin/../lib/gcc/arm-none-eabi/9.3.1/../../../../arm-none-eabi/lib/thumb/v7-m/nofp\libc_nano.a(lib_a-mlock.o)
                0x000000000800beec                __malloc_unlock
 .text._raise_r
                0x000000000800bef8       0x50 c:/st/stm32cubeide_1.6.1/stm32cubeide/plugins/com.st.stm32cube.ide.mcu.externaltools.gnu-tools-for-stm32.9-2020-q2-update.win32_2.0.0.202105311346/tools/bin/../lib/gcc/arm-none-eabi/9.3.1/../../../../arm-none-eabi/lib/thumb/v7-m/nofp\libc_nano.a(lib_a-signal.o)
                0x000000000800bef8                _raise_r
 .text.raise    0x000000000800bf48       0x10 c:/st/stm32cubeide_1.6.1/stm32cubeide/plugins/com.st.stm32cube.ide.mcu.externaltools.gnu-tools-for-stm32.9-2020-q2-update.win32_2.0.0.202105311346/tools/bin/../lib/gcc/arm-none-eabi/9.3.1/../../../../arm-none-eabi/lib/thumb/v7-m/nofp\libc_nano.a(lib_a-signal.o)
                0x000000000800bf48                raise
 .text._kill_r  0x000000000800bf58       0x24 c:/st/stm32cubeide_1.6.1/stm32cubeide/plugins/com.st.stm32cube.ide.mcu.externaltools.gnu-tools-for-stm32.9-2020-q2-update.win32_2.0.0.202105311346/tools/bin/../lib/gcc/arm-none-eabi/9.3.1/../../../../arm-none-eabi/lib/thumb/v7-m/nofp\libc_nano.a(lib_a-signalr.o)
                0x000000000800bf58                _kill_r
 .text._getpid_r
                0x000000000800bf7c        0x4 c:/st/stm32cubeide_1.6.1/stm32cubeide/plugins/com.st.stm32cube.ide.mcu.externaltools.gnu-tools-for-stm32.9-2020-q2-update.win32_2.0.0.202105311346/tools/bin/../lib/gcc/arm-none-eabi/9.3.1/../../../../arm-none-eabi/lib/thumb/v7-m/nofp\libc_nano.a(lib_a-signalr.o)
                0x000000000800bf7c                _getpid_r
 .text.__sread  0x000000000800bf80       0x22 c:/st/stm32cubeide_1.6.1/stm32cubeide/plugins/com.st.stm32cube.ide.mcu.externaltools.gnu-tools-for-stm32.9-2020-q2-update.win32_2.0.0.202105311346/tools/bin/../lib/gcc/arm-none-eabi/9.3.1/../../../../arm-none-eabi/lib/thumb/v7-m/nofp\libc_nano.a(lib_a-stdio.o)
                0x000000000800bf80                __sread
 .text.__swrite
                0x000000000800bfa2       0x38 c:/st/stm32cubeide_1.6.1/stm32cubeide/plugins/com.st.stm32cube.ide.mcu.externaltools.gnu-tools-for-stm32.9-2020-q2-update.win32_2.0.0.202105311346/tools/bin/../lib/gcc/arm-none-eabi/9.3.1/../../../../arm-none-eabi/lib/thumb/v7-m/nofp\libc_nano.a(lib_a-stdio.o)
                0x000000000800bfa2                __swrite
 .text.__sseek  0x000000000800bfda       0x24 c:/st/stm32cubeide_1.6.1/stm32cubeide/plugins/com.st.stm32cube.ide.mcu.externaltools.gnu-tools-for-stm32.9-2020-q2-update.win32_2.0.0.202105311346/tools/bin/../lib/gcc/arm-none-eabi/9.3.1/../../../../arm-none-eabi/lib/thumb/v7-m/nofp\libc_nano.a(lib_a-stdio.o)
                0x000000000800bfda                __sseek
 .text.__sclose
                0x000000000800bffe        0x8 c:/st/stm32cubeide_1.6.1/stm32cubeide/plugins/com.st.stm32cube.ide.mcu.externaltools.gnu-tools-for-stm32.9-2020-q2-update.win32_2.0.0.202105311346/tools/bin/../lib/gcc/arm-none-eabi/9.3.1/../../../../arm-none-eabi/lib/thumb/v7-m/nofp\libc_nano.a(lib_a-stdio.o)
                0x000000000800bffe                __sclose
 *fill*         0x000000000800c006        0x2 
 .text._write_r
                0x000000000800c008       0x24 c:/st/stm32cubeide_1.6.1/stm32cubeide/plugins/com.st.stm32cube.ide.mcu.externaltools.gnu-tools-for-stm32.9-2020-q2-update.win32_2.0.0.202105311346/tools/bin/../lib/gcc/arm-none-eabi/9.3.1/../../../../arm-none-eabi/lib/thumb/v7-m/nofp\libc_nano.a(lib_a-writer.o)
                0x000000000800c008                _write_r
 .text._close_r
                0x000000000800c02c       0x20 c:/st/stm32cubeide_1.6.1/stm32cubeide/plugins/com.st.stm32cube.ide.mcu.externaltools.gnu-tools-for-stm32.9-2020-q2-update.win32_2.0.0.202105311346/tools/bin/../lib/gcc/arm-none-eabi/9.3.1/../../../../arm-none-eabi/lib/thumb/v7-m/nofp\libc_nano.a(lib_a-closer.o)
                0x000000000800c02c                _close_r
 .text._fstat_r
                0x000000000800c04c       0x24 c:/st/stm32cubeide_1.6.1/stm32cubeide/plugins/com.st.stm32cube.ide.mcu.externaltools.gnu-tools-for-stm32.9-2020-q2-update.win32_2.0.0.202105311346/tools/bin/../lib/gcc/arm-none-eabi/9.3.1/../../../../arm-none-eabi/lib/thumb/v7-m/nofp\libc_nano.a(lib_a-fstatr.o)
                0x000000000800c04c                _fstat_r
 .text._isatty_r
                0x000000000800c070       0x20 c:/st/stm32cubeide_1.6.1/stm32cubeide/plugins/com.st.stm32cube.ide.mcu.externaltools.gnu-tools-for-stm32.9-2020-q2-update.win32_2.0.0.202105311346/tools/bin/../lib/gcc/arm-none-eabi/9.3.1/../../../../arm-none-eabi/lib/thumb/v7-m/nofp\libc_nano.a(lib_a-isattyr.o)
                0x000000000800c070                _isatty_r
 .text._lseek_r
                0x000000000800c090       0x24 c:/st/stm32cubeide_1.6.1/stm32cubeide/plugins/com.st.stm32cube.ide.mcu.externaltools.gnu-tools-for-stm32.9-2020-q2-update.win32_2.0.0.202105311346/tools/bin/../lib/gcc/arm-none-eabi/9.3.1/../../../../arm-none-eabi/lib/thumb/v7-m/nofp\libc_nano.a(lib_a-lseekr.o)
                0x000000000800c090                _lseek_r
 .text._read_r  0x000000000800c0b4       0x24 c:/st/stm32cubeide_1.6.1/stm32cubeide/plugins/com.st.stm32cube.ide.mcu.externaltools.gnu-tools-for-stm32.9-2020-q2-update.win32_2.0.0.202105311346/tools/bin/../lib/gcc/arm-none-eabi/9.3.1/../../../../arm-none-eabi/lib/thumb/v7-m/nofp\libc_nano.a(lib_a-readr.o)
                0x000000000800c0b4                _read_r
 *(.glue_7)
 .glue_7        0x000000000800c0d8        0x0 linker stubs
 *(.glue_7t)
 .glue_7t       0x000000000800c0d8        0x0 linker stubs
 *(.eh_frame)
 .eh_frame      0x000000000800c0d8        0x0 c:/st/stm32cubeide_1.6.1/stm32cubeide/plugins/com.st.stm32cube.ide.mcu.externaltools.gnu-tools-for-stm32.9-2020-q2-update.win32_2.0.0.202105311346/tools/bin/../lib/gcc/arm-none-eabi/9.3.1/thumb/v7-m/nofp/crtbegin.o
 *(.init)
 .init          0x000000000800c0d8        0x4 c:/st/stm32cubeide_1.6.1/stm32cubeide/plugins/com.st.stm32cube.ide.mcu.externaltools.gnu-tools-for-stm32.9-2020-q2-update.win32_2.0.0.202105311346/tools/bin/../lib/gcc/arm-none-eabi/9.3.1/thumb/v7-m/nofp/crti.o
                0x000000000800c0d8                _init
 .init          0x000000000800c0dc        0x8 c:/st/stm32cubeide_1.6.1/stm32cubeide/plugins/com.st.stm32cube.ide.mcu.externaltools.gnu-tools-for-stm32.9-2020-q2-update.win32_2.0.0.202105311346/tools/bin/../lib/gcc/arm-none-eabi/9.3.1/thumb/v7-m/nofp/crtn.o
 *(.fini)
 .fini          0x000000000800c0e4        0x4 c:/st/stm32cubeide_1.6.1/stm32cubeide/plugins/com.st.stm32cube.ide.mcu.externaltools.gnu-tools-for-stm32.9-2020-q2-update.win32_2.0.0.202105311346/tools/bin/../lib/gcc/arm-none-eabi/9.3.1/thumb/v7-m/nofp/crti.o
                0x000000000800c0e4                _fini
 .fini          0x000000000800c0e8        0x8 c:/st/stm32cubeide_1.6.1/stm32cubeide/plugins/com.st.stm32cube.ide.mcu.externaltools.gnu-tools-for-stm32.9-2020-q2-update.win32_2.0.0.202105311346/tools/bin/../lib/gcc/arm-none-eabi/9.3.1/thumb/v7-m/nofp/crtn.o
                0x000000000800c0f0                . = ALIGN (0x4)
                0x000000000800c0f0                _etext = .

.vfp11_veneer   0x000000000800c0f0        0x0
 .vfp11_veneer  0x000000000800c0f0        0x0 linker stubs

.v4_bx          0x000000000800c0f0        0x0
 .v4_bx         0x000000000800c0f0        0x0 linker stubs

.iplt           0x000000000800c0f0        0x0
 .iplt          0x000000000800c0f0        0x0 c:/st/stm32cubeide_1.6.1/stm32cubeide/plugins/com.st.stm32cube.ide.mcu.externaltools.gnu-tools-for-stm32.9-2020-q2-update.win32_2.0.0.202105311346/tools/bin/../lib/gcc/arm-none-eabi/9.3.1/thumb/v7-m/nofp/crtbegin.o

.rodata         0x000000000800c0f0     0x100c
                0x000000000800c0f0                . = ALIGN (0x4)
 *(.rodata)
 .rodata        0x000000000800c0f0       0x10 ./Drivers/STM32F1xx_HAL_Driver/Src/stm32f1xx_hal_rcc.o
 .rodata        0x000000000800c100       0x36 ./USB_DEVICE/App/usbd_desc.o
 *(.rodata*)
 *fill*         0x000000000800c136        0x2 
 .rodata.AHBPrescTable
                0x000000000800c138       0x10 ./Core/Src/system_stm32f1xx.o
                0x000000000800c138                AHBPrescTable
 .rodata.BitmapData608
                0x000000000800c148       0x50 ./mycode/Bar.o
                0x000000000800c148                BitmapData608
 .rodata.BitmapData607
                0x000000000800c198       0x50 ./mycode/Bar.o
                0x000000000800c198                BitmapData607
 .rodata.BitmapData606
                0x000000000800c1e8       0x50 ./mycode/Bar.o
                0x000000000800c1e8                BitmapData606
 .rodata.BitmapData605
                0x000000000800c238       0x50 ./mycode/Bar.o
                0x000000000800c238                BitmapData605
 .rodata.BitmapData604
                0x000000000800c288       0x50 ./mycode/Bar.o
                0x000000000800c288                BitmapData604
 .rodata.BitmapData603
                0x000000000800c2d8       0x50 ./mycode/Bar.o
                0x000000000800c2d8                BitmapData603
 .rodata.BitmapData602
                0x000000000800c328       0x50 ./mycode/Bar.o
                0x000000000800c328                BitmapData602
 .rodata.BitmapData601
                0x000000000800c378       0x50 ./mycode/Bar.o
                0x000000000800c378                BitmapData601
 .rodata.BitmapData600
                0x000000000800c3c8       0x50 ./mycode/Bar.o
                0x000000000800c3c8                BitmapData600
 .rodata.BitmapData502
                0x000000000800c418       0x50 ./mycode/Bar.o
                0x000000000800c418                BitmapData502
 .rodata.BitmapData501
                0x000000000800c468       0x50 ./mycode/Bar.o
                0x000000000800c468                BitmapData501
 .rodata.BitmapData500
                0x000000000800c4b8       0x50 ./mycode/Bar.o
                0x000000000800c4b8                BitmapData500
 .rodata.BitmapData409
                0x000000000800c508       0x50 ./mycode/Bar.o
                0x000000000800c508                BitmapData409
 .rodata.BitmapData408
                0x000000000800c558       0x50 ./mycode/Bar.o
                0x000000000800c558                BitmapData408
 .rodata.BitmapData407
                0x000000000800c5a8       0x50 ./mycode/Bar.o
                0x000000000800c5a8                BitmapData407
 .rodata.BitmapData406
                0x000000000800c5f8       0x50 ./mycode/Bar.o
                0x000000000800c5f8                BitmapData406
 .rodata.BitmapData405
                0x000000000800c648       0x50 ./mycode/Bar.o
                0x000000000800c648                BitmapData405
 .rodata.BitmapData404
                0x000000000800c698       0x50 ./mycode/Bar.o
                0x000000000800c698                BitmapData404
 .rodata.BitmapData403
                0x000000000800c6e8       0x50 ./mycode/Bar.o
                0x000000000800c6e8                BitmapData403
 .rodata.BitmapData402
                0x000000000800c738       0x50 ./mycode/Bar.o
                0x000000000800c738                BitmapData402
 .rodata.BitmapData401
                0x000000000800c788       0x50 ./mycode/Bar.o
                0x000000000800c788                BitmapData401
 .rodata.BitmapData400
                0x000000000800c7d8       0x50 ./mycode/Bar.o
                0x000000000800c7d8                BitmapData400
 .rodata.BitmapData314
                0x000000000800c828       0x50 ./mycode/Bar.o
                0x000000000800c828                BitmapData314
 .rodata.BitmapData313
                0x000000000800c878       0x50 ./mycode/Bar.o
                0x000000000800c878                BitmapData313
 .rodata.BitmapData312
                0x000000000800c8c8       0x50 ./mycode/Bar.o
                0x000000000800c8c8                BitmapData312
 .rodata.BitmapData311
                0x000000000800c918       0x50 ./mycode/Bar.o
                0x000000000800c918                BitmapData311
 .rodata.BitmapData310
                0x000000000800c968       0x50 ./mycode/Bar.o
                0x000000000800c968                BitmapData310
 .rodata.BitmapData309
                0x000000000800c9b8       0x50 ./mycode/Bar.o
                0x000000000800c9b8                BitmapData309
 .rodata.BitmapData308
                0x000000000800ca08       0x50 ./mycode/Bar.o
                0x000000000800ca08                BitmapData308
 .rodata.BitmapData307
                0x000000000800ca58       0x50 ./mycode/Bar.o
                0x000000000800ca58                BitmapData307
 .rodata.BitmapData306
                0x000000000800caa8       0x50 ./mycode/Bar.o
                0x000000000800caa8                BitmapData306
 .rodata.BitmapData305
                0x000000000800caf8       0x50 ./mycode/Bar.o
                0x000000000800caf8                BitmapData305
 .rodata.BitmapData304
                0x000000000800cb48       0x50 ./mycode/Bar.o
                0x000000000800cb48                BitmapData304
 .rodata.BitmapData303
                0x000000000800cb98       0x50 ./mycode/Bar.o
                0x000000000800cb98                BitmapData303
 .rodata.BitmapData302
                0x000000000800cbe8       0x50 ./mycode/Bar.o
                0x000000000800cbe8                BitmapData302
 .rodata.BitmapData301
                0x000000000800cc38       0x50 ./mycode/Bar.o
                0x000000000800cc38                BitmapData301
 .rodata.BitmapData300
                0x000000000800cc88       0x50 ./mycode/Bar.o
                0x000000000800cc88                BitmapData300
 .rodata.BitmapData201
                0x000000000800ccd8       0x50 ./mycode/Bar.o
                0x000000000800ccd8                BitmapData201
 .rodata.BitmapData200
                0x000000000800cd28       0x50 ./mycode/Bar.o
                0x000000000800cd28                BitmapData200
 .rodata.BitmapData108
                0x000000000800cd78       0x50 ./mycode/Bar.o
                0x000000000800cd78                BitmapData108
 .rodata.BitmapData107
                0x000000000800cdc8       0x50 ./mycode/Bar.o
                0x000000000800cdc8                BitmapData107
 .rodata.BitmapData106
                0x000000000800ce18       0x50 ./mycode/Bar.o
                0x000000000800ce18                BitmapData106
 .rodata.BitmapData105
                0x000000000800ce68       0x50 ./mycode/Bar.o
                0x000000000800ce68                BitmapData105
 .rodata.BitmapData104
                0x000000000800ceb8       0x50 ./mycode/Bar.o
                0x000000000800ceb8                BitmapData104
 .rodata.BitmapData103
                0x000000000800cf08       0x50 ./mycode/Bar.o
                0x000000000800cf08                BitmapData103
 .rodata.BitmapData102
                0x000000000800cf58       0x50 ./mycode/Bar.o
                0x000000000800cf58                BitmapData102
 .rodata._bitmap
                0x000000000800cfa8        0x8 ./mycode/Bar.o
                0x000000000800cfa8                _bitmap
 .rodata._global_impure_ptr
                0x000000000800cfb0        0x4 c:/st/stm32cubeide_1.6.1/stm32cubeide/plugins/com.st.stm32cube.ide.mcu.externaltools.gnu-tools-for-stm32.9-2020-q2-update.win32_2.0.0.202105311346/tools/bin/../lib/gcc/arm-none-eabi/9.3.1/../../../../arm-none-eabi/lib/thumb/v7-m/nofp\libc_nano.a(lib_a-impure.o)
                0x000000000800cfb0                _global_impure_ptr
 .rodata.srand.str1.1
                0x000000000800cfb4       0x76 c:/st/stm32cubeide_1.6.1/stm32cubeide/plugins/com.st.stm32cube.ide.mcu.externaltools.gnu-tools-for-stm32.9-2020-q2-update.win32_2.0.0.202105311346/tools/bin/../lib/gcc/arm-none-eabi/9.3.1/../../../../arm-none-eabi/lib/thumb/v7-m/nofp\libc_nano.a(lib_a-rand.o)
 .rodata.__assert_func.str1.1
                0x000000000800d02a       0x3c c:/st/stm32cubeide_1.6.1/stm32cubeide/plugins/com.st.stm32cube.ide.mcu.externaltools.gnu-tools-for-stm32.9-2020-q2-update.win32_2.0.0.202105311346/tools/bin/../lib/gcc/arm-none-eabi/9.3.1/../../../../arm-none-eabi/lib/thumb/v7-m/nofp\libc_nano.a(lib_a-assert.o)
                                         0x3d (size before relaxing)
 .rodata._vfprintf_r.str1.1
                0x000000000800d066       0x11 c:/st/stm32cubeide_1.6.1/stm32cubeide/plugins/com.st.stm32cube.ide.mcu.externaltools.gnu-tools-for-stm32.9-2020-q2-update.win32_2.0.0.202105311346/tools/bin/../lib/gcc/arm-none-eabi/9.3.1/../../../../arm-none-eabi/lib/thumb/v7-m/nofp\libc_nano.a(lib_a-nano-vfprintf.o)
 .rodata._printf_i.str1.1
                0x000000000800d077       0x22 c:/st/stm32cubeide_1.6.1/stm32cubeide/plugins/com.st.stm32cube.ide.mcu.externaltools.gnu-tools-for-stm32.9-2020-q2-update.win32_2.0.0.202105311346/tools/bin/../lib/gcc/arm-none-eabi/9.3.1/../../../../arm-none-eabi/lib/thumb/v7-m/nofp\libc_nano.a(lib_a-nano-vfprintf_i.o)
 *fill*         0x000000000800d099        0x3 
 .rodata.__sf_fake_stderr
                0x000000000800d09c       0x20 c:/st/stm32cubeide_1.6.1/stm32cubeide/plugins/com.st.stm32cube.ide.mcu.externaltools.gnu-tools-for-stm32.9-2020-q2-update.win32_2.0.0.202105311346/tools/bin/../lib/gcc/arm-none-eabi/9.3.1/../../../../arm-none-eabi/lib/thumb/v7-m/nofp\libc_nano.a(lib_a-findfp.o)
                0x000000000800d09c                __sf_fake_stderr
 .rodata.__sf_fake_stdin
                0x000000000800d0bc       0x20 c:/st/stm32cubeide_1.6.1/stm32cubeide/plugins/com.st.stm32cube.ide.mcu.externaltools.gnu-tools-for-stm32.9-2020-q2-update.win32_2.0.0.202105311346/tools/bin/../lib/gcc/arm-none-eabi/9.3.1/../../../../arm-none-eabi/lib/thumb/v7-m/nofp\libc_nano.a(lib_a-findfp.o)
                0x000000000800d0bc                __sf_fake_stdin
 .rodata.__sf_fake_stdout
                0x000000000800d0dc       0x20 c:/st/stm32cubeide_1.6.1/stm32cubeide/plugins/com.st.stm32cube.ide.mcu.externaltools.gnu-tools-for-stm32.9-2020-q2-update.win32_2.0.0.202105311346/tools/bin/../lib/gcc/arm-none-eabi/9.3.1/../../../../arm-none-eabi/lib/thumb/v7-m/nofp\libc_nano.a(lib_a-findfp.o)
                0x000000000800d0dc                __sf_fake_stdout
                0x000000000800d0fc                . = ALIGN (0x4)

.rel.dyn        0x000000000800d0fc        0x0
 .rel.iplt      0x000000000800d0fc        0x0 c:/st/stm32cubeide_1.6.1/stm32cubeide/plugins/com.st.stm32cube.ide.mcu.externaltools.gnu-tools-for-stm32.9-2020-q2-update.win32_2.0.0.202105311346/tools/bin/../lib/gcc/arm-none-eabi/9.3.1/thumb/v7-m/nofp/crtbegin.o

.ARM.extab      0x000000000800d0fc        0x0
                0x000000000800d0fc                . = ALIGN (0x4)
 *(.ARM.extab* .gnu.linkonce.armextab.*)
                0x000000000800d0fc                . = ALIGN (0x4)

.ARM            0x000000000800d0fc        0x0
                0x000000000800d0fc                . = ALIGN (0x4)
                0x000000000800d0fc                __exidx_start = .
 *(.ARM.exidx*)
                0x000000000800d0fc                __exidx_end = .
                0x000000000800d0fc                . = ALIGN (0x4)

.preinit_array  0x000000000800d0fc        0x0
                0x000000000800d0fc                . = ALIGN (0x4)
                0x000000000800d0fc                PROVIDE (__preinit_array_start = .)
 *(.preinit_array*)
                0x000000000800d0fc                PROVIDE (__preinit_array_end = .)
                0x000000000800d0fc                . = ALIGN (0x4)

.init_array     0x000000000800d0fc        0x4
                0x000000000800d0fc                . = ALIGN (0x4)
                0x000000000800d0fc                PROVIDE (__init_array_start = .)
 *(SORT_BY_NAME(.init_array.*))
 *(.init_array*)
 .init_array    0x000000000800d0fc        0x4 c:/st/stm32cubeide_1.6.1/stm32cubeide/plugins/com.st.stm32cube.ide.mcu.externaltools.gnu-tools-for-stm32.9-2020-q2-update.win32_2.0.0.202105311346/tools/bin/../lib/gcc/arm-none-eabi/9.3.1/thumb/v7-m/nofp/crtbegin.o
                0x000000000800d100                PROVIDE (__init_array_end = .)
                0x000000000800d100                . = ALIGN (0x4)

.fini_array     0x000000000800d100        0x4
                0x000000000800d100                . = ALIGN (0x4)
                [!provide]                        PROVIDE (__fini_array_start = .)
 *(SORT_BY_NAME(.fini_array.*))
 *(.fini_array*)
 .fini_array    0x000000000800d100        0x4 c:/st/stm32cubeide_1.6.1/stm32cubeide/plugins/com.st.stm32cube.ide.mcu.externaltools.gnu-tools-for-stm32.9-2020-q2-update.win32_2.0.0.202105311346/tools/bin/../lib/gcc/arm-none-eabi/9.3.1/thumb/v7-m/nofp/crtbegin.o
                [!provide]                        PROVIDE (__fini_array_end = .)
                0x000000000800d104                . = ALIGN (0x4)
                0x000000000800d104                _sidata = LOADADDR (.data)

.data           0x0000000020000000      0x29c load address 0x000000000800d104
                0x0000000020000000                . = ALIGN (0x4)
                0x0000000020000000                _sdata = .
 *(.data)
 *(.data*)
 .data.SystemCoreClock
                0x0000000020000000        0x4 ./Core/Src/system_stm32f1xx.o
                0x0000000020000000                SystemCoreClock
 .data.uwTickPrio
                0x0000000020000004        0x4 ./Drivers/STM32F1xx_HAL_Driver/Src/stm32f1xx_hal.o
                0x0000000020000004                uwTickPrio
 .data.uwTickFreq
                0x0000000020000008        0x1 ./Drivers/STM32F1xx_HAL_Driver/Src/stm32f1xx_hal.o
                0x0000000020000008                uwTickFreq
 *fill*         0x0000000020000009        0x3 
 .data.USBD_CDC_DeviceQualifierDesc
                0x000000002000000c        0xa ./Middlewares/ST/STM32_USB_Device_Library/Class/CDC/Src/usbd_cdc.o
 *fill*         0x0000000020000016        0x2 
 .data.USBD_CDC
                0x0000000020000018       0x38 ./Middlewares/ST/STM32_USB_Device_Library/Class/CDC/Src/usbd_cdc.o
                0x0000000020000018                USBD_CDC
 .data.USBD_CDC_CfgHSDesc
                0x0000000020000050       0x43 ./Middlewares/ST/STM32_USB_Device_Library/Class/CDC/Src/usbd_cdc.o
                0x0000000020000050                USBD_CDC_CfgHSDesc
 *fill*         0x0000000020000093        0x1 
 .data.USBD_CDC_CfgFSDesc
                0x0000000020000094       0x43 ./Middlewares/ST/STM32_USB_Device_Library/Class/CDC/Src/usbd_cdc.o
                0x0000000020000094                USBD_CDC_CfgFSDesc
 *fill*         0x00000000200000d7        0x1 
 .data.USBD_CDC_OtherSpeedCfgDesc
                0x00000000200000d8       0x43 ./Middlewares/ST/STM32_USB_Device_Library/Class/CDC/Src/usbd_cdc.o
                0x00000000200000d8                USBD_CDC_OtherSpeedCfgDesc
 *fill*         0x000000002000011b        0x1 
 .data.USBD_Interface_fops_FS
                0x000000002000011c       0x10 ./USB_DEVICE/App/usbd_cdc_if.o
                0x000000002000011c                USBD_Interface_fops_FS
 .data.FS_Desc  0x000000002000012c       0x1c ./USB_DEVICE/App/usbd_desc.o
                0x000000002000012c                FS_Desc
 .data.USBD_FS_DeviceDesc
                0x0000000020000148       0x12 ./USB_DEVICE/App/usbd_desc.o
                0x0000000020000148                USBD_FS_DeviceDesc
 *fill*         0x000000002000015a        0x2 
 .data.USBD_LangIDDesc
                0x000000002000015c        0x4 ./USB_DEVICE/App/usbd_desc.o
                0x000000002000015c                USBD_LangIDDesc
 .data.USBD_StringSerial
                0x0000000020000160       0x1a ./USB_DEVICE/App/usbd_desc.o
                0x0000000020000160                USBD_StringSerial
 *fill*         0x000000002000017a        0x2 
 .data.image    0x000000002000017c       0xb8 ./mycode/Bar.o
                0x000000002000017c                image
 .data._counter_pwm
                0x0000000020000234        0x1 ./mycode/Bar.o
                0x0000000020000234                _counter_pwm
 *fill*         0x0000000020000235        0x3 
 .data._impure_ptr
                0x0000000020000238        0x4 c:/st/stm32cubeide_1.6.1/stm32cubeide/plugins/com.st.stm32cube.ide.mcu.externaltools.gnu-tools-for-stm32.9-2020-q2-update.win32_2.0.0.202105311346/tools/bin/../lib/gcc/arm-none-eabi/9.3.1/../../../../arm-none-eabi/lib/thumb/v7-m/nofp\libc_nano.a(lib_a-impure.o)
                0x0000000020000238                _impure_ptr
 .data.impure_data
                0x000000002000023c       0x60 c:/st/stm32cubeide_1.6.1/stm32cubeide/plugins/com.st.stm32cube.ide.mcu.externaltools.gnu-tools-for-stm32.9-2020-q2-update.win32_2.0.0.202105311346/tools/bin/../lib/gcc/arm-none-eabi/9.3.1/../../../../arm-none-eabi/lib/thumb/v7-m/nofp\libc_nano.a(lib_a-impure.o)
 *(.RamFunc)
 *(.RamFunc*)
                0x000000002000029c                . = ALIGN (0x4)
                0x000000002000029c                _edata = .

.igot.plt       0x000000002000029c        0x0 load address 0x000000000800d3a0
 .igot.plt      0x000000002000029c        0x0 c:/st/stm32cubeide_1.6.1/stm32cubeide/plugins/com.st.stm32cube.ide.mcu.externaltools.gnu-tools-for-stm32.9-2020-q2-update.win32_2.0.0.202105311346/tools/bin/../lib/gcc/arm-none-eabi/9.3.1/thumb/v7-m/nofp/crtbegin.o
                0x000000002000029c                . = ALIGN (0x4)

.bss            0x000000002000029c     0x2cd8 load address 0x000000000800d3a0
                0x000000002000029c                _sbss = .
                0x000000002000029c                __bss_start__ = _sbss
 *(.bss)
 .bss           0x000000002000029c       0x1c c:/st/stm32cubeide_1.6.1/stm32cubeide/plugins/com.st.stm32cube.ide.mcu.externaltools.gnu-tools-for-stm32.9-2020-q2-update.win32_2.0.0.202105311346/tools/bin/../lib/gcc/arm-none-eabi/9.3.1/thumb/v7-m/nofp/crtbegin.o
 *(.bss*)
 .bss.__sbrk_heap_end
                0x00000000200002b8        0x4 ./Core/Src/sysmem.o
 .bss.cfgidx.8358
                0x00000000200002bc        0x1 ./Middlewares/ST/STM32_USB_Device_Library/Core/Src/usbd_ctlreq.o
 *fill*         0x00000000200002bd        0x3 
 .bss.mem.8428  0x00000000200002c0      0x220 ./USB_DEVICE/Target/usbd_conf.o
 .bss._color_select
                0x00000000200004e0        0x1 ./mycode/Bar.o
                0x00000000200004e0                _color_select
 *fill*         0x00000000200004e1        0x1 
 .bss.dataSize  0x00000000200004e2        0x2 ./mycode/Bar.o
                0x00000000200004e2                dataSize
 .bss.check_usb
                0x00000000200004e4        0x1 ./mycode/Bar.o
                0x00000000200004e4                check_usb
 *fill*         0x00000000200004e5        0x3 
 .bss.__malloc_free_list
                0x00000000200004e8        0x4 c:/st/stm32cubeide_1.6.1/stm32cubeide/plugins/com.st.stm32cube.ide.mcu.externaltools.gnu-tools-for-stm32.9-2020-q2-update.win32_2.0.0.202105311346/tools/bin/../lib/gcc/arm-none-eabi/9.3.1/../../../../arm-none-eabi/lib/thumb/v7-m/nofp\libc_nano.a(lib_a-nano-mallocr.o)
                0x00000000200004e8                __malloc_free_list
 .bss.__malloc_sbrk_start