Bar.c:247:6:graphic_updata	20	static
Bar.c:258:6:graphic_updata_DMA	8	static
Bar.c:266:6:usb_load	32	static
Bar.c:347:5:check_color_eq	8	static
Bar.c:579:6:write_matrix	16	static
Bar.c:382:6:load_map_h_gradian_random2	64	static
Bar.c:445:6:load_map_h	48	static
Bar.c:462:6:load_map_v_gradian	64	static
Bar.c:480:6:load_map_v	56	static
Bar.c:497:7:draw_roundL	80	static
Bar.c:589:7:read_matrix	32	static
Bar.c:600:6:rota_mx_lr	96	static
Bar.c:624:6:rota_mx_ud	80	static
Bar.c:647:9:RGB_color_change	12	static
Bar.c:667:6:Delayms	0	static
Bar.c:673:6:RGB_write	40	static
Bar.c:725:7:RGB_convert	8	static
Bar.c:687:6:RGB_rotatal	72	static
Bar.c:737:7:RGB_base_convert	8	static
Bar.c:284:7:gradient_random	24	static
Bar.c:410:6:load_map_h_gradian	64	static
Bar.c:296:7:gradient_random2	24	static
Bar.c:320:6:load_map_h_gradian_random	64	static
Bar.c:308:7:color_random	16	static
Bar.c:356:6:load_map_h_2color_random	56	static
Bar.c:510:6:sun_in	80	static
Bar.c:527:6:sun_ou	80	static
Bar.c:543:6:galaxy_in	72	static
Bar.c:560:6:galaxy_ou	72	static
Bar.c:49:6:_run	168	static
Bar.c:789:13:point_to	8	static
Bar.c:804:6:pwm_nled2	24	static
Bar.c:933:6:HAL_TIM_PeriodElapsedCallback	0	static
Bar.c:948:6:_LAT	8	static
Bar.c:968:6:brigthness	0	static
Bar.c:976:6:setPWM	40	static
Bar.c:955:6:_OE_ENABLE	88	static
Bar.c:850:6:pwm_nled	24	static
Bar.c:913:1:HAL_SPI_TxCpltCallback	8	static
Bar.c:960:6:_OE_DISABLE	88	static
