Bar.c:46:6:_run	272	static
Bar.c:233:6:graphic_updata	16	static
Bar.c:244:6:graphic_updata_DMA	8	static
Bar.c:258:6:usb_load	40	static
Bar.c:277:7:gradient_random	24	static
Bar.c:289:7:gradient_random2	24	static
Bar.c:301:7:color_random	24	static
Bar.c:313:6:load_map_h_gradian_random	64	static
Bar.c:340:5:check_color_eq	16	static
Bar.c:349:6:load_map_h_2color_random	64	static
Bar.c:375:6:load_map_h_gradian_random2	64	static
Bar.c:403:6:load_map_h_gradian	64	static
Bar.c:435:6:load_map_v_gradianx	72	static
Bar.c:465:6:load_map_h	56	static
Bar.c:481:6:load_map_v_gradian	64	static
Bar.c:499:6:load_map_v	64	static
Bar.c:516:7:draw_roundL	64	static
Bar.c:529:6:sun_in	56	static
Bar.c:546:6:sun_ou	56	static
Bar.c:562:6:galaxy_in	48	static
Bar.c:579:6:galaxy_ou	48	static
Bar.c:598:6:write_matrix	24	static
Bar.c:608:7:read_matrix	32	static
Bar.c:619:6:rota_mx_lr	72	static
Bar.c:643:6:rota_mx_ud	72	static
Bar.c:666:9:RGB_color_change	32	static
Bar.c:686:6:Delayms	24	static
Bar.c:692:6:RGB_write	32	static
Bar.c:706:6:RGB_rotatal	48	static
Bar.c:744:7:RGB_convert	24	static
Bar.c:756:7:RGB_base_convert	24	static
Bar.c:808:13:point_to	40	static
Bar.c:821:6:pwm_nled3	16	static
Bar.c:861:6:color_scan	16	static
Bar.c:886:6:HAL_SPI_TxCpltCallback	16	static
Bar.c:896:6:HAL_TIM_PeriodElapsedCallback	16	static
Bar.c:910:6:_LAT	8	static
Bar.c:918:6:_OE_ENABLE	96	static
Bar.c:924:6:_OE_DISABLE	96	static
Bar.c:932:6:brigthness	16	static
Bar.c:940:6:setPWM	40	static
