Archive member included to satisfy reference by file (symbol)

c:/st/stm32cubeide_1.5.1/stm32cubeide/plugins/com.st.stm32cube.ide.mcu.externaltools.gnu-tools-for-stm32.9-2020-q2-update.win32_1.5.0.202011040924/tools/bin/../lib/gcc/arm-none-eabi/9.3.1/../../../../arm-none-eabi/lib/thumb/v7-m/nofp\libm.a(lib_a-s_cos.o)
                              mycode/Bar.o (cos)
c:/st/stm32cubeide_1.5.1/stm32cubeide/plugins/com.st.stm32cube.ide.mcu.externaltools.gnu-tools-for-stm32.9-2020-q2-update.win32_1.5.0.202011040924/tools/bin/../lib/gcc/arm-none-eabi/9.3.1/../../../../arm-none-eabi/lib/thumb/v7-m/nofp\libm.a(lib_a-s_sin.o)
                              mycode/Bar.o (sin)
c:/st/stm32cubeide_1.5.1/stm32cubeide/plugins/com.st.stm32cube.ide.mcu.externaltools.gnu-tools-for-stm32.9-2020-q2-update.win32_1.5.0.202011040924/tools/bin/../lib/gcc/arm-none-eabi/9.3.1/../../../../arm-none-eabi/lib/thumb/v7-m/nofp\libm.a(lib_a-e_rem_pio2.o)
                              c:/st/stm32cubeide_1.5.1/stm32cubeide/plugins/com.st.stm32cube.ide.mcu.externaltools.gnu-tools-for-stm32.9-2020-q2-update.win32_1.5.0.202011040924/tools/bin/../lib/gcc/arm-none-eabi/9.3.1/../../../../arm-none-eabi/lib/thumb/v7-m/nofp\libm.a(lib_a-s_cos.o) (__ieee754_rem_pio2)
c:/st/stm32cubeide_1.5.1/stm32cubeide/plugins/com.st.stm32cube.ide.mcu.externaltools.gnu-tools-for-stm32.9-2020-q2-update.win32_1.5.0.202011040924/tools/bin/../lib/gcc/arm-none-eabi/9.3.1/../../../../arm-none-eabi/lib/thumb/v7-m/nofp\libm.a(lib_a-k_cos.o)
                              c:/st/stm32cubeide_1.5.1/stm32cubeide/plugins/com.st.stm32cube.ide.mcu.externaltools.gnu-tools-for-stm32.9-2020-q2-update.win32_1.5.0.202011040924/tools/bin/../lib/gcc/arm-none-eabi/9.3.1/../../../../arm-none-eabi/lib/thumb/v7-m/nofp\libm.a(lib_a-s_cos.o) (__kernel_cos)
c:/st/stm32cubeide_1.5.1/stm32cubeide/plugins/com.st.stm32cube.ide.mcu.externaltools.gnu-tools-for-stm32.9-2020-q2-update.win32_1.5.0.202011040924/tools/bin/../lib/gcc/arm-none-eabi/9.3.1/../../../../arm-none-eabi/lib/thumb/v7-m/nofp\libm.a(lib_a-k_rem_pio2.o)
                              c:/st/stm32cubeide_1.5.1/stm32cubeide/plugins/com.st.stm32cube.ide.mcu.externaltools.gnu-tools-for-stm32.9-2020-q2-update.win32_1.5.0.202011040924/tools/bin/../lib/gcc/arm-none-eabi/9.3.1/../../../../arm-none-eabi/lib/thumb/v7-m/nofp\libm.a(lib_a-e_rem_pio2.o) (__kernel_rem_pio2)
c:/st/stm32cubeide_1.5.1/stm32cubeide/plugins/com.st.stm32cube.ide.mcu.externaltools.gnu-tools-for-stm32.9-2020-q2-update.win32_1.5.0.202011040924/tools/bin/../lib/gcc/arm-none-eabi/9.3.1/../../../../arm-none-eabi/lib/thumb/v7-m/nofp\libm.a(lib_a-k_sin.o)
                              c:/st/stm32cubeide_1.5.1/stm32cubeide/plugins/com.st.stm32cube.ide.mcu.externaltools.gnu-tools-for-stm32.9-2020-q2-update.win32_1.5.0.202011040924/tools/bin/../lib/gcc/arm-none-eabi/9.3.1/../../../../arm-none-eabi/lib/thumb/v7-m/nofp\libm.a(lib_a-s_cos.o) (__kernel_sin)
c:/st/stm32cubeide_1.5.1/stm32cubeide/plugins/com.st.stm32cube.ide.mcu.externaltools.gnu-tools-for-stm32.9-2020-q2-update.win32_1.5.0.202011040924/tools/bin/../lib/gcc/arm-none-eabi/9.3.1/../../../../arm-none-eabi/lib/thumb/v7-m/nofp\libm.a(lib_a-s_fabs.o)
                              c:/st/stm32cubeide_1.5.1/stm32cubeide/plugins/com.st.stm32cube.ide.mcu.externaltools.gnu-tools-for-stm32.9-2020-q2-update.win32_1.5.0.202011040924/tools/bin/../lib/gcc/arm-none-eabi/9.3.1/../../../../arm-none-eabi/lib/thumb/v7-m/nofp\libm.a(lib_a-e_rem_pio2.o) (fabs)
c:/st/stm32cubeide_1.5.1/stm32cubeide/plugins/com.st.stm32cube.ide.mcu.externaltools.gnu-tools-for-stm32.9-2020-q2-update.win32_1.5.0.202011040924/tools/bin/../lib/gcc/arm-none-eabi/9.3.1/../../../../arm-none-eabi/lib/thumb/v7-m/nofp\libm.a(lib_a-s_floor.o)
                              c:/st/stm32cubeide_1.5.1/stm32cubeide/plugins/com.st.stm32cube.ide.mcu.externaltools.gnu-tools-for-stm32.9-2020-q2-update.win32_1.5.0.202011040924/tools/bin/../lib/gcc/arm-none-eabi/9.3.1/../../../../arm-none-eabi/lib/thumb/v7-m/nofp\libm.a(lib_a-k_rem_pio2.o) (floor)
c:/st/stm32cubeide_1.5.1/stm32cubeide/plugins/com.st.stm32cube.ide.mcu.externaltools.gnu-tools-for-stm32.9-2020-q2-update.win32_1.5.0.202011040924/tools/bin/../lib/gcc/arm-none-eabi/9.3.1/../../../../arm-none-eabi/lib/thumb/v7-m/nofp\libm.a(lib_a-s_scalbn.o)
                              c:/st/stm32cubeide_1.5.1/stm32cubeide/plugins/com.st.stm32cube.ide.mcu.externaltools.gnu-tools-for-stm32.9-2020-q2-update.win32_1.5.0.202011040924/tools/bin/../lib/gcc/arm-none-eabi/9.3.1/../../../../arm-none-eabi/lib/thumb/v7-m/nofp\libm.a(lib_a-k_rem_pio2.o) (scalbn)
c:/st/stm32cubeide_1.5.1/stm32cubeide/plugins/com.st.stm32cube.ide.mcu.externaltools.gnu-tools-for-stm32.9-2020-q2-update.win32_1.5.0.202011040924/tools/bin/../lib/gcc/arm-none-eabi/9.3.1/../../../../arm-none-eabi/lib/thumb/v7-m/nofp\libc_nano.a(lib_a-errno.o)
                              Core/Src/syscalls.o (__errno)
[...]
Memory Configuration

Name             Origin             Length             Attributes
RAM              0x0000000020000000 0x0000000000005000 xrw
FLASH            0x0000000008000000 0x0000000000010000 xr
*default*        0x0000000000000000 0xffffffffffffffff

Linker script and memory map

LOAD c:/st/stm32cubeide_1.5.1/stm32cubeide/plugins/com.st.stm32cube.ide.mcu.externaltools.gnu-tools-for-stm32.9-2020-q2-update.win32_1.5.0.202011040924/tools/bin/../lib/gcc/arm-none-eabi/9.3.1/thumb/v7-m/nofp/crti.o
LOAD c:/st/stm32cubeide_1.5.1/stm32cubeide/plugins/com.st.stm32cube.ide.mcu.externaltools.gnu-tools-for-stm32.9-2020-q2-update.win32_1.5.0.202011040924/tools/bin/../lib/gcc/arm-none-eabi/9.3.1/thumb/v7-m/nofp/crtbegin.o
LOAD c:/st/stm32cubeide_1.5.1/stm32cubeide/plugins/com.st.stm32cube.ide.mcu.externaltools.gnu-tools-for-stm32.9-2020-q2-update.win32_1.5.0.202011040924/tools/bin/../lib/gcc/arm-none-eabi/9.3.1/../../../../arm-none-eabi/lib/thumb/v7-m/nofp/crt0.o
LOAD Core/Src/main.o
LOAD Core/Src/stm32f1xx_hal_msp.o
LOAD Core/Src/stm32f1xx_it.o
LOAD Core/Src/syscalls.o
LOAD Core/Src/sysmem.o
LOAD Core/Src/system_stm32f1xx.o
LOAD Core/Startup/startup_stm32f103c8tx.o
LOAD Drivers/STM32F1xx_HAL_Driver/Src/stm32f1xx_hal.o
LOAD Drivers/STM32F1xx_HAL_Driver/Src/stm32f1xx_hal_cortex.o
LOAD Drivers/STM32F1xx_HAL_Driver/Src/stm32f1xx_hal_dma.o
LOAD Drivers/STM32F1xx_HAL_Driver/Src/stm32f1xx_hal_exti.o
LOAD Drivers/STM32F1xx_HAL_Driver/Src/stm32f1xx_hal_flash.o
LOAD Drivers/STM32F1xx_HAL_Driver/Src/stm32f1xx_hal_flash_ex.o
LOAD Drivers/STM32F1xx_HAL_Driver/Src/stm32f1xx_hal_gpio.o
LOAD Drivers/STM32F1xx_HAL_Driver/Src/stm32f1xx_hal_gpio_ex.o
LOAD Drivers/STM32F1xx_HAL_Driver/Src/stm32f1xx_hal_pcd.o
LOAD Drivers/STM32F1xx_HAL_Driver/Src/stm32f1xx_hal_pcd_ex.o
LOAD Drivers/STM32F1xx_HAL_Driver/Src/stm32f1xx_hal_pwr.o
LOAD Drivers/STM32F1xx_HAL_Driver/Src/stm32f1xx_hal_rcc.o
LOAD Drivers/STM32F1xx_HAL_Driver/Src/stm32f1xx_hal_rcc_ex.o
LOAD Drivers/STM32F1xx_HAL_Driver/Src/stm32f1xx_hal_spi.o
LOAD Drivers/STM32F1xx_HAL_Driver/Src/stm32f1xx_hal_tim.o
LOAD Drivers/STM32F1xx_HAL_Driver/Src/stm32f1xx_hal_tim_ex.o
LOAD Drivers/STM32F1xx_HAL_Driver/Src/stm32f1xx_ll_usb.o
LOAD Middlewares/ST/STM32_USB_Device_Library/Class/CDC/Src/usbd_cdc.o
LOAD Middlewares/ST/STM32_USB_Device_Library/Core/Src/usbd_core.o
LOAD Middlewares/ST/STM32_USB_Device_Library/Core/Src/usbd_ctlreq.o
LOAD Middlewares/ST/STM32_USB_Device_Library/Core/Src/usbd_ioreq.o
LOAD USB_DEVICE/App/usb_device.o
LOAD USB_DEVICE/App/usbd_cdc_if.o
LOAD USB_DEVICE/App/usbd_desc.o
LOAD USB_DEVICE/Target/usbd_conf.o
LOAD mycode/Bar.o
START GROUP
LOAD c:/st/stm32cubeide_1.5.1/stm32cubeide/plugins/com.st.stm32cube.ide.mcu.externaltools.gnu-tools-for-stm32.9-2020-q2-update.win32_1.5.0.202011040924/tools/bin/../lib/gcc/arm-none-eabi/9.3.1/../../../../arm-none-eabi/lib/thumb/v7-m/nofp\libstdc++_nano.a
LOAD c:/st/stm32cubeide_1.5.1/stm32cubeide/plugins/com.st.stm32cube.ide.mcu.externaltools.gnu-tools-for-stm32.9-2020-q2-update.win32_1.5.0.202011040924/tools/bin/../lib/gcc/arm-none-eabi/9.3.1/../../../../arm-none-eabi/lib/thumb/v7-m/nofp\libsupc++_nano.a
END GROUP
LOAD c:/st/stm32cubeide_1.5.1/stm32cubeide/plugins/com.st.stm32cube.ide.mcu.externaltools.gnu-tools-for-stm32.9-2020-q2-update.win32_1.5.0.202011040924/tools/bin/../lib/gcc/arm-none-eabi/9.3.1/../../../../arm-none-eabi/lib/thumb/v7-m/nofp\libstdc++_nano.a
LOAD c:/st/stm32cubeide_1.5.1/stm32cubeide/plugins/com.st.stm32cube.ide.mcu.externaltools.gnu-tools-for-stm32.9-2020-q2-update.win32_1.5.0.202011040924/tools/bin/../lib/gcc/arm-none-eabi/9.3.1/../../../../arm-none-eabi/lib/thumb/v7-m/nofp\libm.a
LOAD c:/st/stm32cubeide_1.5.1/stm32cubeide/plugins/com.st.stm32cube.ide.mcu.externaltools.gnu-tools-for-stm32.9-2020-q2-update.win32_1.5.0.202011040924/tools/bin/../lib/gcc/arm-none-eabi/9.3.1/../../../../arm-none-eabi/lib/thumb/v7-m/nofp\libc_nano.a
START GROUP
LOAD c:/st/stm32cubeide_1.5.1/stm32cubeide/plugins/com.st.stm32cube.ide.mcu.externaltools.gnu-tools-for-stm32.9-2020-q2-update.win32_1.5.0.202011040924/tools/bin/../lib/gcc/arm-none-eabi/9.3.1/thumb/v7-m/nofp\libgcc.a
LOAD c:/st/stm32cubeide_1.5.1/stm32cubeide/plugins/com.st.stm32cube.ide.mcu.externaltools.gnu-tools-for-stm32.9-2020-q2-update.win32_1.5.0.202011040924/tools/bin/../lib/gcc/arm-none-eabi/9.3.1/../../../../arm-none-eabi/lib/thumb/v7-m/nofp\libc_nano.a
END GROUP
START GROUP
LOAD c:/st/stm32cubeide_1.5.1/stm32cubeide/plugins/com.st.stm32cube.ide.mcu.externaltools.gnu-tools-for-stm32.9-2020-q2-update.win32_1.5.0.202011040924/tools/bin/../lib/gcc/arm-none-eabi/9.3.1/thumb/v7-m/nofp\libgcc.a
LOAD c:/st/stm32cubeide_1.5.1/stm32cubeide/plugins/com.st.stm32cube.ide.mcu.externaltools.gnu-tools-for-stm32.9-2020-q2-update.win32_1.5.0.202011040924/tools/bin/../lib/gcc/arm-none-eabi/9.3.1/../../../../arm-none-eabi/lib/thumb/v7-m/nofp\libc_nano.a
LOAD c:/st/stm32cubeide_1.5.1/stm32cubeide/plugins/com.st.stm32cube.ide.mcu.externaltools.gnu-tools-for-stm32.9-2020-q2-update.win32_1.5.0.202011040924/tools/bin/../lib/gcc/arm-none-eabi/9.3.1/../../../../arm-none-eabi/lib/thumb/v7-m/nofp\libnosys.a
END GROUP
START GROUP
LOAD c:/st/stm32cubeide_1.5.1/stm32cubeide/plugins/com.st.stm32cube.ide.mcu.externaltools.gnu-tools-for-stm32.9-2020-q2-update.win32_1.5.0.202011040924/tools/bin/../lib/gcc/arm-none-eabi/9.3.1/thumb/v7-m/nofp\libgcc.a
LOAD c:/st/stm32cubeide_1.5.1/stm32cubeide/plugins/com.st.stm32cube.ide.mcu.externaltools.gnu-tools-for-stm32.9-2020-q2-update.win32_1.5.0.202011040924/tools/bin/../lib/gcc/arm-none-eabi/9.3.1/../../../../arm-none-eabi/lib/thumb/v7-m/nofp\libc_nano.a
LOAD c:/st/stm32cubeide_1.5.1/stm32cubeide/plugins/com.st.stm32cube.ide.mcu.externaltools.gnu-tools-for-stm32.9-2020-q2-update.win32_1.5.0.202011040924/tools/bin/../lib/gcc/arm-none-eabi/9.3.1/../../../../arm-none-eabi/lib/thumb/v7-m/nofp\libnosys.a
END GROUP
LOAD c:/st/stm32cubeide_1.5.1/stm32cubeide/plugins/com.st.stm32cube.ide.mcu.externaltools.gnu-tools-for-stm32.9-2020-q2-update.win32_1.5.0.202011040924/tools/bin/../lib/gcc/arm-none-eabi/9.3.1/thumb/v7-m/nofp/crtend.o
LOAD c:/st/stm32cubeide_1.5.1/stm32cubeide/plugins/com.st.stm32cube.ide.mcu.externaltools.gnu-tools-for-stm32.9-2020-q2-update.win32_1.5.0.202011040924/tools/bin/../lib/gcc/arm-none-eabi/9.3.1/thumb/v7-m/nofp/crtn.o
                0x0000000020005000                _estack = (ORIGIN (RAM) + LENGTH (RAM))
                0x0000000000000200                _Min_Heap_Size = 0x200
                0x0000000000000400                _Min_Stack_Size = 0x400

.isr_vector     0x0000000008000000      0x10c
                0x0000000008000000                . = ALIGN (0x4)
 *(.isr_vector)
 .isr_vector    0x0000000008000000      0x10c Core/Startup/startup_stm32f103c8tx.o
                0x0000000008000000                g_pfnVectors
                0x000000000800010c                . = ALIGN (0x4)

.text           0x000000000800010c     0x6290
                0x000000000800010c                . = ALIGN (0x4)
 *(.text)
 .text          0x000000000800010c       0x40 c:/st/stm32cubeide_1.5.1/stm32cubeide/plugins/com.st.stm32cube.ide.mcu.externaltools.gnu-tools-for-stm32.9-2020-q2-update.win32_1.5.0.202011040924/tools/bin/../lib/gcc/arm-none-eabi/9.3.1/thumb/v7-m/nofp/crtbegin.o
 *(.text*)
 .text.Error_Handler
                0x000000000800014c        0xc Core/Src/main.o
                0x000000000800014c                Error_Handler
 .text.SystemClock_Config
                0x0000000008000158       0x80 Core/Src/main.o
                0x0000000008000158                SystemClock_Config
 .text.startup.main
                0x00000000080001d8      0x360 Core/Src/main.o
                0x00000000080001d8                main
 .text.HAL_MspInit
                0x0000000008000538       0x44 Core/Src/stm32f1xx_hal_msp.o
                0x0000000008000538                HAL_MspInit
 .text.HAL_SPI_MspInit
                0x000000000800057c      0x178 Core/Src/stm32f1xx_hal_msp.o
                0x000000000800057c                HAL_SPI_MspInit
 .text.HAL_TIM_Base_MspInit
                0x00000000080006f4       0x8c Core/Src/stm32f1xx_hal_msp.o
                0x00000000080006f4                HAL_TIM_Base_MspInit
 .text.HAL_TIM_MspPostInit
                0x0000000008000780       0x4c Core/Src/stm32f1xx_hal_msp.o
                0x0000000008000780                HAL_TIM_MspPostInit
 .text.NMI_Handler
                0x00000000080007cc        0x2 Core/Src/stm32f1xx_it.o
                0x00000000080007cc                NMI_Handler
 .text.HardFault_Handler
                0x00000000080007ce        0x2 Core/Src/stm32f1xx_it.o
                0x00000000080007ce                HardFault_Handler
 .text.MemManage_Handler
                0x00000000080007d0        0x2 Core/Src/stm32f1xx_it.o
                0x00000000080007d0                MemManage_Handler
 .text.BusFault_Handler
                0x00000000080007d2        0x2 Core/Src/stm32f1xx_it.o
                0x00000000080007d2                BusFault_Handler
 .text.UsageFault_Handler
                0x00000000080007d4        0x2 Core/Src/stm32f1xx_it.o
                0x00000000080007d4                UsageFault_Handler
 .text.SVC_Handler
                0x00000000080007d6        0x2 Core/Src/stm32f1xx_it.o
                0x00000000080007d6                SVC_Handler
 .text.DebugMon_Handler
                0x00000000080007d8        0x2 Core/Src/stm32f1xx_it.o
                0x00000000080007d8                DebugMon_Handler
 .text.PendSV_Handler
                0x00000000080007da        0x2 Core/Src/stm32f1xx_it.o
                0x00000000080007da                PendSV_Handler
 .text.SysTick_Handler
                0x00000000080007dc        0x4 Core/Src/stm32f1xx_it.o
                0x00000000080007dc                SysTick_Handler
 .text.DMA1_Channel2_IRQHandler
                0x00000000080007e0        0xc Core/Src/stm32f1xx_it.o
                0x00000000080007e0                DMA1_Channel2_IRQHandler
 .text.DMA1_Channel3_IRQHandler
                0x00000000080007ec        0xc Core/Src/stm32f1xx_it.o
                0x00000000080007ec                DMA1_Channel3_IRQHandler
 .text.DMA1_Channel5_IRQHandler
                0x00000000080007f8        0xc Core/Src/stm32f1xx_it.o
                0x00000000080007f8                DMA1_Channel5_IRQHandler
 .text.USB_LP_CAN1_RX0_IRQHandler
                0x0000000008000804        0xc Core/Src/stm32f1xx_it.o
                0x0000000008000804                USB_LP_CAN1_RX0_IRQHandler
 .text.TIM2_IRQHandler
                0x0000000008000810        0xc Core/Src/stm32f1xx_it.o
                0x0000000008000810                TIM2_IRQHandler
 .text.TIM3_IRQHandler
                0x000000000800081c        0xc Core/Src/stm32f1xx_it.o
                0x000000000800081c                TIM3_IRQHandler
 .text.SPI1_IRQHandler
                0x0000000008000828        0xc Core/Src/stm32f1xx_it.o
                0x0000000008000828                SPI1_IRQHandler
 .text.SPI2_IRQHandler
                0x0000000008000834        0xc Core/Src/stm32f1xx_it.o
                0x0000000008000834                SPI2_IRQHandler
 .text._getpid  0x0000000008000840        0x4 Core/Src/syscalls.o
                0x0000000008000840                _getpid
 .text._kill    0x0000000008000844       0x10 Core/Src/syscalls.o
                0x0000000008000844                _kill
 .text._exit    0x0000000008000854        0xc Core/Src/syscalls.o
                0x0000000008000854                _exit
 .text._read    0x0000000008000860       0x1a Core/Src/syscalls.o
                0x0000000008000860                _read
 .text._write   0x000000000800087a       0x1a Core/Src/syscalls.o
                0x000000000800087a                _write
 .text._close   0x0000000008000894        0x6 Core/Src/syscalls.o
                0x0000000008000894                _close
 .text._fstat   0x000000000800089a        0xa Core/Src/syscalls.o
                0x000000000800089a                _fstat
 .text._isatty  0x00000000080008a4        0x4 Core/Src/syscalls.o
                0x00000000080008a4                _isatty
 .text._lseek   0x00000000080008a8        0x4 Core/Src/syscalls.o
                0x00000000080008a8                _lseek
 .text._sbrk    0x00000000080008ac       0x40 Core/Src/sysmem.o
                0x00000000080008ac                _sbrk
 .text.SystemInit
                0x00000000080008ec        0x2 Core/Src/system_stm32f1xx.o
                0x00000000080008ec                SystemInit
 *fill*         0x00000000080008ee        0x2 
 .text.Reset_Handler
                0x00000000080008f0       0x48 Core/Startup/startup_stm32f103c8tx.o
                0x00000000080008f0                Reset_Handler
 .text.Default_Handler
                0x0000000008000938        0x2 Core/Startup/startup_stm32f103c8tx.o
                0x0000000008000938                RTC_Alarm_IRQHandler
                0x0000000008000938                EXTI2_IRQHandler
                0x0000000008000938                TIM1_CC_IRQHandler
                0x0000000008000938                PVD_IRQHandler
                0x0000000008000938                EXTI3_IRQHandler
                0x0000000008000938                EXTI0_IRQHandler
                0x0000000008000938                I2C2_EV_IRQHandler
                0x0000000008000938                ADC1_2_IRQHandler
                0x0000000008000938                TAMPER_IRQHandler
                0x0000000008000938                DMA1_Channel4_IRQHandler
                0x0000000008000938                USART3_IRQHandler
                0x0000000008000938                RTC_IRQHandler
                0x0000000008000938                DMA1_Channel7_IRQHandler
                0x0000000008000938                CAN1_RX1_IRQHandler
                0x0000000008000938                TIM4_IRQHandler
                0x0000000008000938                I2C1_EV_IRQHandler
                0x0000000008000938                DMA1_Channel6_IRQHandler
                0x0000000008000938                RCC_IRQHandler
                0x0000000008000938                TIM1_TRG_COM_IRQHandler
                0x0000000008000938                DMA1_Channel1_IRQHandler
                0x0000000008000938                Default_Handler
                0x0000000008000938                EXTI15_10_IRQHandler
                0x0000000008000938                EXTI9_5_IRQHandler
                0x0000000008000938                EXTI4_IRQHandler
                0x0000000008000938                USB_HP_CAN1_TX_IRQHandler
                0x0000000008000938                TIM1_UP_IRQHandler
                0x0000000008000938                WWDG_IRQHandler
                0x0000000008000938                TIM1_BRK_IRQHandler
                0x0000000008000938                EXTI1_IRQHandler
                0x0000000008000938                USART2_IRQHandler
                0x0000000008000938                I2C2_ER_IRQHandler
                0x0000000008000938                CAN1_SCE_IRQHandler
                0x0000000008000938                FLASH_IRQHandler
                0x0000000008000938                USART1_IRQHandler
                0x0000000008000938                I2C1_ER_IRQHandler
                0x0000000008000938                USBWakeUp_IRQHandler
 *fill*         0x000000000800093a        0x2 
 .text.HAL_InitTick
                0x000000000800093c       0x48 Drivers/STM32F1xx_HAL_Driver/Src/stm32f1xx_hal.o
                0x000000000800093c                HAL_InitTick
 .text.HAL_Init
                0x0000000008000984       0x24 Drivers/STM32F1xx_HAL_Driver/Src/stm32f1xx_hal.o
                0x0000000008000984                HAL_Init
 .text.HAL_IncTick
                0x00000000080009a8       0x18 Drivers/STM32F1xx_HAL_Driver/Src/stm32f1xx_hal.o
                0x00000000080009a8                HAL_IncTick
 .text.HAL_GetTick
                0x00000000080009c0        0xc Drivers/STM32F1xx_HAL_Driver/Src/stm32f1xx_hal.o
                0x00000000080009c0                HAL_GetTick
 .text.HAL_Delay
                0x00000000080009cc       0x24 Drivers/STM32F1xx_HAL_Driver/Src/stm32f1xx_hal.o
                0x00000000080009cc                HAL_Delay
 .text.HAL_NVIC_SetPriorityGrouping
                0x00000000080009f0       0x24 Drivers/STM32F1xx_HAL_Driver/Src/stm32f1xx_hal_cortex.o
                0x00000000080009f0                HAL_NVIC_SetPriorityGrouping
 .text.HAL_NVIC_SetPriority
                0x0000000008000a14       0x64 Drivers/STM32F1xx_HAL_Driver/Src/stm32f1xx_hal_cortex.o
                0x0000000008000a14                HAL_NVIC_SetPriority
 .text.HAL_NVIC_EnableIRQ
                0x0000000008000a78       0x1c Drivers/STM32F1xx_HAL_Driver/Src/stm32f1xx_hal_cortex.o
                0x0000000008000a78                HAL_NVIC_EnableIRQ
 .text.HAL_SYSTICK_Config
                0x0000000008000a94       0x2c Drivers/STM32F1xx_HAL_Driver/Src/stm32f1xx_hal_cortex.o
                0x0000000008000a94                HAL_SYSTICK_Config
 .text.HAL_DMA_Init
                0x0000000008000ac0       0x5c Drivers/STM32F1xx_HAL_Driver/Src/stm32f1xx_hal_dma.o
                0x0000000008000ac0                HAL_DMA_Init
 .text.HAL_DMA_Start_IT
                0x0000000008000b1c       0x78 Drivers/STM32F1xx_HAL_Driver/Src/stm32f1xx_hal_dma.o
                0x0000000008000b1c                HAL_DMA_Start_IT
 .text.HAL_DMA_Abort_IT
                0x0000000008000b94       0x8c Drivers/STM32F1xx_HAL_Driver/Src/stm32f1xx_hal_dma.o
                0x0000000008000b94                HAL_DMA_Abort_IT
 .text.HAL_DMA_IRQHandler
                0x0000000008000c20      0x124 Drivers/STM32F1xx_HAL_Driver/Src/stm32f1xx_hal_dma.o
                0x0000000008000c20                HAL_DMA_IRQHandler
 .text.HAL_GPIO_Init
                0x0000000008000d44      0x1b8 Drivers/STM32F1xx_HAL_Driver/Src/stm32f1xx_hal_gpio.o
                0x0000000008000d44                HAL_GPIO_Init
 .text.HAL_GPIO_WritePin
                0x0000000008000efc        0xa Drivers/STM32F1xx_HAL_Driver/Src/stm32f1xx_hal_gpio.o
                0x0000000008000efc                HAL_GPIO_WritePin
 .text.HAL_GPIO_TogglePin
                0x0000000008000f06       0x12 Drivers/STM32F1xx_HAL_Driver/Src/stm32f1xx_hal_gpio.o
                0x0000000008000f06                HAL_GPIO_TogglePin
 .text.HAL_PCD_Init
                0x0000000008000f18       0xf2 Drivers/STM32F1xx_HAL_Driver/Src/stm32f1xx_hal_pcd.o
                0x0000000008000f18                HAL_PCD_Init
 .text.HAL_PCD_Start
                0x000000000800100a       0x32 Drivers/STM32F1xx_HAL_Driver/Src/stm32f1xx_hal_pcd.o
                0x000000000800100a                HAL_PCD_Start
 .text.HAL_PCD_SetAddress
                0x000000000800103c       0x28 Drivers/STM32F1xx_HAL_Driver/Src/stm32f1xx_hal_pcd.o
                0x000000000800103c                HAL_PCD_SetAddress
 .text.HAL_PCD_IRQHandler
                0x0000000008001064      0x9a8 Drivers/STM32F1xx_HAL_Driver/Src/stm32f1xx_hal_pcd.o
                0x0000000008001064                HAL_PCD_IRQHandler
 .text.HAL_PCD_EP_Open
                0x0000000008001a0c       0x64 Drivers/STM32F1xx_HAL_Driver/Src/stm32f1xx_hal_pcd.o
                0x0000000008001a0c                HAL_PCD_EP_Open
 .text.HAL_PCD_EP_Close
                0x0000000008001a70       0x52 Drivers/STM32F1xx_HAL_Driver/Src/stm32f1xx_hal_pcd.o
                0x0000000008001a70                HAL_PCD_EP_Close
 .text.HAL_PCD_EP_Receive
                0x0000000008001ac2       0x2e Drivers/STM32F1xx_HAL_Driver/Src/stm32f1xx_hal_pcd.o
                0x0000000008001ac2                HAL_PCD_EP_Receive
 .text.HAL_PCD_EP_GetRxCount
                0x0000000008001af0       0x10 Drivers/STM32F1xx_HAL_Driver/Src/stm32f1xx_hal_pcd.o
                0x0000000008001af0                HAL_PCD_EP_GetRxCount
 .text.HAL_PCD_EP_Transmit
                0x0000000008001b00       0x34 Drivers/STM32F1xx_HAL_Driver/Src/stm32f1xx_hal_pcd.o
                0x0000000008001b00                HAL_PCD_EP_Transmit
 .text.HAL_PCD_EP_SetStall
                0x0000000008001b34       0x68 Drivers/STM32F1xx_HAL_Driver/Src/stm32f1xx_hal_pcd.o
                0x0000000008001b34                HAL_PCD_EP_SetStall
 .text.HAL_PCD_EP_ClrStall
                0x0000000008001b9c       0x64 Drivers/STM32F1xx_HAL_Driver/Src/stm32f1xx_hal_pcd.o
                0x0000000008001b9c                HAL_PCD_EP_ClrStall
 .text.HAL_PCDEx_PMAConfig
                0x0000000008001c00       0x32 Drivers/STM32F1xx_HAL_Driver/Src/stm32f1xx_hal_pcd_ex.o
                0x0000000008001c00                HAL_PCDEx_PMAConfig
 *fill*         0x0000000008001c32        0x2 
 .text.HAL_RCC_OscConfig
                0x0000000008001c34      0x338 Drivers/STM32F1xx_HAL_Driver/Src/stm32f1xx_hal_rcc.o
                0x0000000008001c34                HAL_RCC_OscConfig
 .text.HAL_RCC_GetSysClockFreq
                0x0000000008001f6c       0x74 Drivers/STM32F1xx_HAL_Driver/Src/stm32f1xx_hal_rcc.o
                0x0000000008001f6c                HAL_RCC_GetSysClockFreq
 .text.HAL_RCC_ClockConfig
                0x0000000008001fe0      0x138 Drivers/STM32F1xx_HAL_Driver/Src/stm32f1xx_hal_rcc.o
                0x0000000008001fe0                HAL_RCC_ClockConfig
 .text.HAL_RCCEx_PeriphCLKConfig
                0x0000000008002118       0xf0 Drivers/STM32F1xx_HAL_Driver/Src/stm32f1xx_hal_rcc_ex.o
                0x0000000008002118                HAL_RCCEx_PeriphCLKConfig
 .text.SPI_WaitFlagStateUntilTimeout.constprop.0
                0x0000000008002208       0xac Drivers/STM32F1xx_HAL_Driver/Src/stm32f1xx_hal_spi.o
 .text.SPI_EndRxTxTransaction
                0x00000000080022b4       0x1c Drivers/STM32F1xx_HAL_Driver/Src/stm32f1xx_hal_spi.o
 .text.HAL_SPI_Init
                0x00000000080022d0       0xb0 Drivers/STM32F1xx_HAL_Driver/Src/stm32f1xx_hal_spi.o
                0x00000000080022d0                HAL_SPI_Init
 .text.HAL_SPI_Transmit_DMA
                0x0000000008002380       0xc8 Drivers/STM32F1xx_HAL_Driver/Src/stm32f1xx_hal_spi.o
                0x0000000008002380                HAL_SPI_Transmit_DMA
 .text.HAL_SPI_TxHalfCpltCallback
                0x0000000008002448        0x2 Drivers/STM32F1xx_HAL_Driver/Src/stm32f1xx_hal_spi.o
                0x0000000008002448                HAL_SPI_TxHalfCpltCallback
 .text.SPI_DMAHalfTransmitCplt
                0x000000000800244a        0xa Drivers/STM32F1xx_HAL_Driver/Src/stm32f1xx_hal_spi.o
 .text.HAL_SPI_ErrorCallback
                0x0000000008002454        0x2 Drivers/STM32F1xx_HAL_Driver/Src/stm32f1xx_hal_spi.o
                0x0000000008002454                HAL_SPI_ErrorCallback
 .text.SPI_DMAError
                0x0000000008002456       0x22 Drivers/STM32F1xx_HAL_Driver/Src/stm32f1xx_hal_spi.o
 .text.SPI_DMATransmitCplt
                0x0000000008002478       0x6a Drivers/STM32F1xx_HAL_Driver/Src/stm32f1xx_hal_spi.o
 *fill*         0x00000000080024e2        0x2 
 .text.HAL_SPI_IRQHandler
                0x00000000080024e4       0xec Drivers/STM32F1xx_HAL_Driver/Src/stm32f1xx_hal_spi.o
                0x00000000080024e4                HAL_SPI_IRQHandler
 .text.SPI_DMAAbortOnError
                0x00000000080025d0       0x10 Drivers/STM32F1xx_HAL_Driver/Src/stm32f1xx_hal_spi.o
 .text.TIM_OC1_SetConfig
                0x00000000080025e0       0x50 Drivers/STM32F1xx_HAL_Driver/Src/stm32f1xx_hal_tim.o
 .text.TIM_OC3_SetConfig
                0x0000000008002630       0x54 Drivers/STM32F1xx_HAL_Driver/Src/stm32f1xx_hal_tim.o
 .text.TIM_OC4_SetConfig
                0x0000000008002684       0x44 Drivers/STM32F1xx_HAL_Driver/Src/stm32f1xx_hal_tim.o
 .text.HAL_TIM_Base_Start_IT
                0x00000000080026c8       0x54 Drivers/STM32F1xx_HAL_Driver/Src/stm32f1xx_hal_tim.o
                0x00000000080026c8                HAL_TIM_Base_Start_IT
 .text.HAL_TIM_PWM_MspInit
                0x000000000800271c        0x2 Drivers/STM32F1xx_HAL_Driver/Src/stm32f1xx_hal_tim.o
                0x000000000800271c                HAL_TIM_PWM_MspInit
 .text.HAL_TIM_OC_DelayElapsedCallback
                0x000000000800271e        0x2 Drivers/STM32F1xx_HAL_Driver/Src/stm32f1xx_hal_tim.o
                0x000000000800271e                HAL_TIM_OC_DelayElapsedCallback
 .text.HAL_TIM_IC_CaptureCallback
                0x0000000008002720        0x2 Drivers/STM32F1xx_HAL_Driver/Src/stm32f1xx_hal_tim.o
                0x0000000008002720                HAL_TIM_IC_CaptureCallback
 .text.HAL_TIM_PWM_PulseFinishedCallback
                0x0000000008002722        0x2 Drivers/STM32F1xx_HAL_Driver/Src/stm32f1xx_hal_tim.o
                0x0000000008002722                HAL_TIM_PWM_PulseFinishedCallback
 .text.HAL_TIM_TriggerCallback
                0x0000000008002724        0x2 Drivers/STM32F1xx_HAL_Driver/Src/stm32f1xx_hal_tim.o
                0x0000000008002724                HAL_TIM_TriggerCallback
 .text.HAL_TIM_IRQHandler
                0x0000000008002726      0x144 Drivers/STM32F1xx_HAL_Driver/Src/stm32f1xx_hal_tim.o
                0x0000000008002726                HAL_TIM_IRQHandler
 *fill*         0x000000000800286a        0x2 
 .text.TIM_Base_SetConfig
                0x000000000800286c       0x70 Drivers/STM32F1xx_HAL_Driver/Src/stm32f1xx_hal_tim.o
                0x000000000800286c                TIM_Base_SetConfig
 .text.HAL_TIM_Base_Init
                0x00000000080028dc       0x58 Drivers/STM32F1xx_HAL_Driver/Src/stm32f1xx_hal_tim.o
                0x00000000080028dc                HAL_TIM_Base_Init
 .text.HAL_TIM_PWM_Init
                0x0000000008002934       0x58 Drivers/STM32F1xx_HAL_Driver/Src/stm32f1xx_hal_tim.o
                0x0000000008002934                HAL_TIM_PWM_Init
 .text.TIM_OC2_SetConfig
                0x000000000800298c       0x58 Drivers/STM32F1xx_HAL_Driver/Src/stm32f1xx_hal_tim.o
                0x000000000800298c                TIM_OC2_SetConfig
 .text.HAL_TIM_PWM_ConfigChannel
                0x00000000080029e4       0xb6 Drivers/STM32F1xx_HAL_Driver/Src/stm32f1xx_hal_tim.o
                0x00000000080029e4                HAL_TIM_PWM_ConfigChannel
 .text.TIM_ETR_SetConfig
                0x0000000008002a9a       0x14 Drivers/STM32F1xx_HAL_Driver/Src/stm32f1xx_hal_tim.o
                0x0000000008002a9a                TIM_ETR_SetConfig
 .text.HAL_TIM_ConfigClockSource
                0x0000000008002aae      0x128 Drivers/STM32F1xx_HAL_Driver/Src/stm32f1xx_hal_tim.o
                0x0000000008002aae                HAL_TIM_ConfigClockSource
 .text.TIM_CCxChannelCmd
                0x0000000008002bd6       0x1c Drivers/STM32F1xx_HAL_Driver/Src/stm32f1xx_hal_tim.o
                0x0000000008002bd6                TIM_CCxChannelCmd
 *fill*         0x0000000008002bf2        0x2 
 .text.HAL_TIM_OC_Start
                0x0000000008002bf4       0x9c Drivers/STM32F1xx_HAL_Driver/Src/stm32f1xx_hal_tim.o
                0x0000000008002bf4                HAL_TIM_OC_Start
 .text.HAL_TIM_PWM_Start
                0x0000000008002c90        0x4 Drivers/STM32F1xx_HAL_Driver/Src/stm32f1xx_hal_tim.o
                0x0000000008002c90                HAL_TIM_PWM_Start
 .text.HAL_TIM_OC_Stop
                0x0000000008002c94       0x78 Drivers/STM32F1xx_HAL_Driver/Src/stm32f1xx_hal_tim.o
                0x0000000008002c94                HAL_TIM_OC_Stop
 .text.HAL_TIM_PWM_Stop
                0x0000000008002d0c        0x4 Drivers/STM32F1xx_HAL_Driver/Src/stm32f1xx_hal_tim.o
                0x0000000008002d0c                HAL_TIM_PWM_Stop
 .text.HAL_TIMEx_MasterConfigSynchronization
                0x0000000008002d10       0x5c Drivers/STM32F1xx_HAL_Driver/Src/stm32f1xx_hal_tim_ex.o
                0x0000000008002d10                HAL_TIMEx_MasterConfigSynchronization
 .text.HAL_TIMEx_CommutCallback
                0x0000000008002d6c        0x2 Drivers/STM32F1xx_HAL_Driver/Src/stm32f1xx_hal_tim_ex.o
                0x0000000008002d6c                HAL_TIMEx_CommutCallback
 .text.HAL_TIMEx_BreakCallback
                0x0000000008002d6e        0x2 Drivers/STM32F1xx_HAL_Driver/Src/stm32f1xx_hal_tim_ex.o
                0x0000000008002d6e                HAL_TIMEx_BreakCallback
 .text.USB_CoreInit
                0x0000000008002d70        0xe Drivers/STM32F1xx_HAL_Driver/Src/stm32f1xx_ll_usb.o
                0x0000000008002d70                USB_CoreInit
 .text.USB_EnableGlobalInt
                0x0000000008002d7e       0x12 Drivers/STM32F1xx_HAL_Driver/Src/stm32f1xx_ll_usb.o
                0x0000000008002d7e                USB_EnableGlobalInt
 .text.USB_DisableGlobalInt
                0x0000000008002d90       0x14 Drivers/STM32F1xx_HAL_Driver/Src/stm32f1xx_ll_usb.o
                0x0000000008002d90                USB_DisableGlobalInt
 .text.USB_SetCurrentMode
                0x0000000008002da4        0x4 Drivers/STM32F1xx_HAL_Driver/Src/stm32f1xx_ll_usb.o
                0x0000000008002da4                USB_SetCurrentMode
 .text.USB_DevInit
                0x0000000008002da8       0x28 Drivers/STM32F1xx_HAL_Driver/Src/stm32f1xx_ll_usb.o
                0x0000000008002da8                USB_DevInit
 .text.USB_ActivateEndpoint
                0x0000000008002dd0      0x2b0 Drivers/STM32F1xx_HAL_Driver/Src/stm32f1xx_ll_usb.o
                0x0000000008002dd0                USB_ActivateEndpoint
 .text.USB_DeactivateEndpoint
                0x0000000008003080      0x1be Drivers/STM32F1xx_HAL_Driver/Src/stm32f1xx_ll_usb.o
                0x0000000008003080                USB_DeactivateEndpoint
 .text.USB_EPSetStall
                0x000000000800323e       0x40 Drivers/STM32F1xx_HAL_Driver/Src/stm32f1xx_ll_usb.o
                0x000000000800323e                USB_EPSetStall
 .text.USB_EPClearStall
                0x000000000800327e       0x96 Drivers/STM32F1xx_HAL_Driver/Src/stm32f1xx_ll_usb.o
                0x000000000800327e                USB_EPClearStall
 .text.USB_SetDevAddress
                0x0000000008003314        0xc Drivers/STM32F1xx_HAL_Driver/Src/stm32f1xx_ll_usb.o
                0x0000000008003314                USB_SetDevAddress
 .text.USB_DevConnect
                0x0000000008003320        0x4 Drivers/STM32F1xx_HAL_Driver/Src/stm32f1xx_ll_usb.o
                0x0000000008003320                USB_DevConnect
 .text.USB_DevDisconnect
                0x0000000008003324        0x4 Drivers/STM32F1xx_HAL_Driver/Src/stm32f1xx_ll_usb.o
                0x0000000008003324                USB_DevDisconnect
 .text.USB_ReadInterrupts
                0x0000000008003328        0x8 Drivers/STM32F1xx_HAL_Driver/Src/stm32f1xx_ll_usb.o
                0x0000000008003328                USB_ReadInterrupts
 .text.USB_EP0_OutStart
                0x0000000008003330        0x4 Drivers/STM32F1xx_HAL_Driver/Src/stm32f1xx_ll_usb.o
                0x0000000008003330                USB_EP0_OutStart
 .text.USB_WritePMA
                0x0000000008003334       0x20 Drivers/STM32F1xx_HAL_Driver/Src/stm32f1xx_ll_usb.o
                0x0000000008003334                USB_WritePMA
 .text.USB_EPStartXfer
                0x0000000008003354      0x71c Drivers/STM32F1xx_HAL_Driver/Src/stm32f1xx_ll_usb.o
                0x0000000008003354                USB_EPStartXfer
 .text.USB_ReadPMA
                0x0000000008003a70       0x38 Drivers/STM32F1xx_HAL_Driver/Src/stm32f1xx_ll_usb.o
                0x0000000008003a70                USB_ReadPMA
 .text.USBD_CDC_EP0_RxReady
                0x0000000008003aa8       0x28 Middlewares/ST/STM32_USB_Device_Library/Class/CDC/Src/usbd_cdc.o
 .text.USBD_CDC_GetFSCfgDesc
                0x0000000008003ad0        0xc Middlewares/ST/STM32_USB_Device_Library/Class/CDC/Src/usbd_cdc.o
 .text.USBD_CDC_GetHSCfgDesc
                0x0000000008003adc        0xc Middlewares/ST/STM32_USB_Device_Library/Class/CDC/Src/usbd_cdc.o
 .text.USBD_CDC_GetOtherSpeedCfgDesc
                0x0000000008003ae8        0xc Middlewares/ST/STM32_USB_Device_Library/Class/CDC/Src/usbd_cdc.o
 .text.USBD_CDC_GetDeviceQualifierDescriptor
                0x0000000008003af4        0xc Middlewares/ST/STM32_USB_Device_Library/Class/CDC/Src/usbd_cdc.o
                0x0000000008003af4                USBD_CDC_GetDeviceQualifierDescriptor
 .text.USBD_CDC_DataOut
                0x0000000008003b00       0x2e Middlewares/ST/STM32_USB_Device_Library/Class/CDC/Src/usbd_cdc.o
 .text.USBD_CDC_DataIn
                0x0000000008003b2e       0x42 Middlewares/ST/STM32_USB_Device_Library/Class/CDC/Src/usbd_cdc.o
 .text.USBD_CDC_Setup
                0x0000000008003b70       0xb6 Middlewares/ST/STM32_USB_Device_Library/Class/CDC/Src/usbd_cdc.o
 .text.USBD_CDC_DeInit
                0x0000000008003c26       0x42 Middlewares/ST/STM32_USB_Device_Library/Class/CDC/Src/usbd_cdc.o
 .text.USBD_CDC_Init
                0x0000000008003c68       0xa2 Middlewares/ST/STM32_USB_Device_Library/Class/CDC/Src/usbd_cdc.o
 .text.USBD_CDC_RegisterInterface
                0x0000000008003d0a        0xe Middlewares/ST/STM32_USB_Device_Library/Class/CDC/Src/usbd_cdc.o
                0x0000000008003d0a                USBD_CDC_RegisterInterface
 .text.USBD_CDC_SetTxBuffer
                0x0000000008003d18       0x10 Middlewares/ST/STM32_USB_Device_Library/Class/CDC/Src/usbd_cdc.o
                0x0000000008003d18                USBD_CDC_SetTxBuffer
 .text.USBD_CDC_SetRxBuffer
                0x0000000008003d28        0xc Middlewares/ST/STM32_USB_Device_Library/Class/CDC/Src/usbd_cdc.o
                0x0000000008003d28                USBD_CDC_SetRxBuffer
 .text.USBD_CDC_ReceivePacket
                0x0000000008003d34       0x2e Middlewares/ST/STM32_USB_Device_Library/Class/CDC/Src/usbd_cdc.o
                0x0000000008003d34                USBD_CDC_ReceivePacket
 .text.USBD_Init
                0x0000000008003d62       0x2a Middlewares/ST/STM32_USB_Device_Library/Core/Src/usbd_core.o
                0x0000000008003d62                USBD_Init
 .text.USBD_RegisterClass
                0x0000000008003d8c        0xe Middlewares/ST/STM32_USB_Device_Library/Core/Src/usbd_core.o
                0x0000000008003d8c                USBD_RegisterClass
 .text.USBD_Start
                0x0000000008003d9a        0xa Middlewares/ST/STM32_USB_Device_Library/Core/Src/usbd_core.o
                0x0000000008003d9a                USBD_Start
 .text.USBD_SetClassConfig
                0x0000000008003da4       0x16 Middlewares/ST/STM32_USB_Device_Library/Core/Src/usbd_core.o
                0x0000000008003da4                USBD_SetClassConfig
 .text.USBD_ClrClassConfig
                0x0000000008003dba        0xe Middlewares/ST/STM32_USB_Device_Library/Core/Src/usbd_core.o
                0x0000000008003dba                USBD_ClrClassConfig
 .text.USBD_LL_SetupStage
                0x0000000008003dc8       0x5a Middlewares/ST/STM32_USB_Device_Library/Core/Src/usbd_core.o
                0x0000000008003dc8                USBD_LL_SetupStage
 .text.USBD_LL_DataOutStage
                0x0000000008003e22       0x74 Middlewares/ST/STM32_USB_Device_Library/Core/Src/usbd_core.o
                0x0000000008003e22                USBD_LL_DataOutStage
 .text.USBD_LL_DataInStage
                0x0000000008003e96       0xb6 Middlewares/ST/STM32_USB_Device_Library/Core/Src/usbd_core.o
                0x0000000008003e96                USBD_LL_DataInStage
 .text.USBD_LL_Reset
                0x0000000008003f4c       0x4e Middlewares/ST/STM32_USB_Device_Library/Core/Src/usbd_core.o
                0x0000000008003f4c                USBD_LL_Reset
 .text.USBD_LL_SetSpeed
                0x0000000008003f9a        0x6 Middlewares/ST/STM32_USB_Device_Library/Core/Src/usbd_core.o
                0x0000000008003f9a                USBD_LL_SetSpeed
 .text.USBD_LL_Suspend
                0x0000000008003fa0       0x12 Middlewares/ST/STM32_USB_Device_Library/Core/Src/usbd_core.o
                0x0000000008003fa0                USBD_LL_Suspend
 .text.USBD_LL_Resume
                0x0000000008003fb2       0x14 Middlewares/ST/STM32_USB_Device_Library/Core/Src/usbd_core.o
                0x0000000008003fb2                USBD_LL_Resume
 .text.USBD_LL_SOF
                0x0000000008003fc6       0x18 Middlewares/ST/STM32_USB_Device_Library/Core/Src/usbd_core.o
                0x0000000008003fc6                USBD_LL_SOF
 .text.USBD_CtlError.constprop.0
                0x0000000008003fde       0x16 Middlewares/ST/STM32_USB_Device_Library/Core/Src/usbd_ctlreq.o
 .text.USBD_StdDevReq
                0x0000000008003ff4      0x254 Middlewares/ST/STM32_USB_Device_Library/Core/Src/usbd_ctlreq.o
                0x0000000008003ff4                USBD_StdDevReq
 .text.USBD_StdItfReq
                0x0000000008004248       0x48 Middlewares/ST/STM32_USB_Device_Library/Core/Src/usbd_ctlreq.o
                0x0000000008004248                USBD_StdItfReq
 .text.USBD_StdEPReq
                0x0000000008004290      0x114 Middlewares/ST/STM32_USB_Device_Library/Core/Src/usbd_ctlreq.o
                0x0000000008004290                USBD_StdEPReq
 .text.USBD_ParseSetupRequest
                0x00000000080043a4       0x28 Middlewares/ST/STM32_USB_Device_Library/Core/Src/usbd_ctlreq.o
                0x00000000080043a4                USBD_ParseSetupRequest
 .text.USBD_CtlError
                0x00000000080043cc       0x16 Middlewares/ST/STM32_USB_Device_Library/Core/Src/usbd_ctlreq.o
                0x00000000080043cc                USBD_CtlError
 .text.USBD_GetString
                0x00000000080043e2       0x38 Middlewares/ST/STM32_USB_Device_Library/Core/Src/usbd_ctlreq.o
                0x00000000080043e2                USBD_GetString
 .text.USBD_CtlSendData
                0x000000000800441a       0x1a Middlewares/ST/STM32_USB_Device_Library/Core/Src/usbd_ioreq.o
                0x000000000800441a                USBD_CtlSendData
 .text.USBD_CtlContinueSendData
                0x0000000008004434       0x10 Middlewares/ST/STM32_USB_Device_Library/Core/Src/usbd_ioreq.o
                0x0000000008004434                USBD_CtlContinueSendData
 .text.USBD_CtlPrepareRx
                0x0000000008004444       0x1a Middlewares/ST/STM32_USB_Device_Library/Core/Src/usbd_ioreq.o
                0x0000000008004444                USBD_CtlPrepareRx
 .text.USBD_CtlContinueRx
                0x000000000800445e       0x10 Middlewares/ST/STM32_USB_Device_Library/Core/Src/usbd_ioreq.o
                0x000000000800445e                USBD_CtlContinueRx
 .text.USBD_CtlSendStatus
                0x000000000800446e       0x16 Middlewares/ST/STM32_USB_Device_Library/Core/Src/usbd_ioreq.o
                0x000000000800446e                USBD_CtlSendStatus
 .text.USBD_CtlReceiveStatus
                0x0000000008004484       0x16 Middlewares/ST/STM32_USB_Device_Library/Core/Src/usbd_ioreq.o
                0x0000000008004484                USBD_CtlReceiveStatus
 *fill*         0x000000000800449a        0x2 
 .text.MX_USB_DEVICE_Init
                0x000000000800449c       0x50 USB_DEVICE/App/usb_device.o
                0x000000000800449c                MX_USB_DEVICE_Init
 .text.CDC_DeInit_FS
                0x00000000080044ec        0x4 USB_DEVICE/App/usbd_cdc_if.o
 .text.CDC_Control_FS
                0x00000000080044f0        0x4 USB_DEVICE/App/usbd_cdc_if.o
 .text.CDC_Receive_FS
                0x00000000080044f4       0x90 USB_DEVICE/App/usbd_cdc_if.o
 .text.CDC_Init_FS
                0x0000000008004584       0x28 USB_DEVICE/App/usbd_cdc_if.o
 .text.USBD_FS_DeviceDescriptor
                0x00000000080045ac        0xc USB_DEVICE/App/usbd_desc.o
                0x00000000080045ac                USBD_FS_DeviceDescriptor
 .text.USBD_FS_LangIDStrDescriptor
                0x00000000080045b8        0xc USB_DEVICE/App/usbd_desc.o
                0x00000000080045b8                USBD_FS_LangIDStrDescriptor
 .text.IntToUnicode
                0x00000000080045c4       0x2a USB_DEVICE/App/usbd_desc.o
 *fill*         0x00000000080045ee        0x2 
 .text.USBD_FS_SerialStrDescriptor
                0x00000000080045f0       0x40 USB_DEVICE/App/usbd_desc.o
                0x00000000080045f0                USBD_FS_SerialStrDescriptor
 .text.USBD_FS_ManufacturerStrDescriptor
                0x0000000008004630       0x1c USB_DEVICE/App/usbd_desc.o
                0x0000000008004630                USBD_FS_ManufacturerStrDescriptor
 .text.USBD_FS_ProductStrDescriptor
                0x000000000800464c       0x1c USB_DEVICE/App/usbd_desc.o
                0x000000000800464c                USBD_FS_ProductStrDescriptor
 .text.USBD_FS_ConfigStrDescriptor
                0x0000000008004668       0x1c USB_DEVICE/App/usbd_desc.o
                0x0000000008004668                USBD_FS_ConfigStrDescriptor
 .text.USBD_FS_InterfaceStrDescriptor
                0x0000000008004684       0x1c USB_DEVICE/App/usbd_desc.o
                0x0000000008004684                USBD_FS_InterfaceStrDescriptor
 .text.HAL_PCD_MspInit
                0x00000000080046a0       0x40 USB_DEVICE/Target/usbd_conf.o
                0x00000000080046a0                HAL_PCD_MspInit
 .text.HAL_PCD_SetupStageCallback
                0x00000000080046e0        0xc USB_DEVICE/Target/usbd_conf.o
                0x00000000080046e0                HAL_PCD_SetupStageCallback
 .text.HAL_PCD_DataOutStageCallback
                0x00000000080046ec       0x12 USB_DEVICE/Target/usbd_conf.o
                0x00000000080046ec                HAL_PCD_DataOutStageCallback
 .text.HAL_PCD_DataInStageCallback
                0x00000000080046fe       0x10 USB_DEVICE/Target/usbd_conf.o
                0x00000000080046fe                HAL_PCD_DataInStageCallback
 .text.HAL_PCD_SOFCallback
                0x000000000800470e        0x8 USB_DEVICE/Target/usbd_conf.o
                0x000000000800470e                HAL_PCD_SOFCallback
 .text.HAL_PCD_ResetCallback
                0x0000000008004716       0x24 USB_DEVICE/Target/usbd_conf.o
                0x0000000008004716                HAL_PCD_ResetCallback
 *fill*         0x000000000800473a        0x2 
 .text.HAL_PCD_SuspendCallback
                0x000000000800473c       0x20 USB_DEVICE/Target/usbd_conf.o
                0x000000000800473c                HAL_PCD_SuspendCallback
 .text.HAL_PCD_ResumeCallback
                0x000000000800475c        0x8 USB_DEVICE/Target/usbd_conf.o
                0x000000000800475c                HAL_PCD_ResumeCallback
 .text.USBD_LL_Init
                0x0000000008004764       0x84 USB_DEVICE/Target/usbd_conf.o
                0x0000000008004764                USBD_LL_Init
 .text.USBD_LL_Start
                0x00000000080047e8       0x1c USB_DEVICE/Target/usbd_conf.o
                0x00000000080047e8                USBD_LL_Start
 .text.USBD_LL_OpenEP
                0x0000000008004804       0x20 USB_DEVICE/Target/usbd_conf.o
                0x0000000008004804                USBD_LL_OpenEP
 .text.USBD_LL_CloseEP
                0x0000000008004824       0x1c USB_DEVICE/Target/usbd_conf.o
                0x0000000008004824                USBD_LL_CloseEP
 .text.USBD_LL_StallEP
                0x0000000008004840       0x1c USB_DEVICE/Target/usbd_conf.o
                0x0000000008004840                USBD_LL_StallEP
 .text.USBD_LL_ClearStallEP
                0x000000000800485c       0x1c USB_DEVICE/Target/usbd_conf.o
                0x000000000800485c                USBD_LL_ClearStallEP
 .text.USBD_LL_IsStallEP
                0x0000000008004878       0x24 USB_DEVICE/Target/usbd_conf.o
                0x0000000008004878                USBD_LL_IsStallEP
 .text.USBD_LL_SetUSBAddress
                0x000000000800489c       0x1c USB_DEVICE/Target/usbd_conf.o
                0x000000000800489c                USBD_LL_SetUSBAddress
 .text.USBD_LL_Transmit
                0x00000000080048b8       0x1c USB_DEVICE/Target/usbd_conf.o
                0x00000000080048b8                USBD_LL_Transmit
 .text.USBD_LL_PrepareReceive
                0x00000000080048d4       0x1c USB_DEVICE/Target/usbd_conf.o
                0x00000000080048d4                USBD_LL_PrepareReceive
 .text.USBD_LL_GetRxDataSize
                0x00000000080048f0        0x8 USB_DEVICE/Target/usbd_conf.o
                0x00000000080048f0                USBD_LL_GetRxDataSize
 .text.USBD_static_malloc
                0x00000000080048f8        0x8 USB_DEVICE/Target/usbd_conf.o
                0x00000000080048f8                USBD_static_malloc
 .text.USBD_static_free
                0x0000000008004900        0x2 USB_DEVICE/Target/usbd_conf.o
                0x0000000008004900                USBD_static_free
 .text.HAL_PCDEx_SetConnectionState
                0x0000000008004902        0x2 USB_DEVICE/Target/usbd_conf.o
                0x0000000008004902                HAL_PCDEx_SetConnectionState
 .text.graphic_updata
                0x0000000008004904       0x48 mycode/Bar.o
                0x0000000008004904                graphic_updata
 .text.check_color_eq
                0x000000000800494c       0x30 mycode/Bar.o
                0x000000000800494c                check_color_eq
 .text.write_matrix
                0x000000000800497c       0x38 mycode/Bar.o
                0x000000000800497c                write_matrix
 .text.read_matrix
                0x00000000080049b4       0x3a mycode/Bar.o
                0x00000000080049b4                read_matrix
 .text.rota_mx_lr
                0x00000000080049ee      0x16a mycode/Bar.o
                0x00000000080049ee                rota_mx_lr
 .text.rota_mx_ud
                0x0000000008004b58      0x14a mycode/Bar.o
                0x0000000008004b58                rota_mx_ud
 .text.RGB_write
                0x0000000008004ca2       0x46 mycode/Bar.o
                0x0000000008004ca2                RGB_write
 .text.RGB_base_convert
                0x0000000008004ce8       0x38 mycode/Bar.o
                0x0000000008004ce8                RGB_base_convert
 .text.color_random
                0x0000000008004d20       0x4a mycode/Bar.o
                0x0000000008004d20                color_random
 .text.load_map_h_2color_random
                0x0000000008004d6a       0x98 mycode/Bar.o
                0x0000000008004d6a                load_map_h_2color_random
 *fill*         0x0000000008004e02        0x2 
 .text._run     0x0000000008004e04      0x27c mycode/Bar.o
                0x0000000008004e04                _run
 .text.pwm_nled2
                0x0000000008005080      0x15c mycode/Bar.o
                0x0000000008005080                pwm_nled2
 .text.HAL_TIM_PeriodElapsedCallback
                0x00000000080051dc       0x28 mycode/Bar.o
                0x00000000080051dc                HAL_TIM_PeriodElapsedCallback
 .text._LAT     0x0000000008005204       0x20 mycode/Bar.o
                0x0000000008005204                _LAT
 .text.brigthness
                0x0000000008005224        0xc mycode/Bar.o
                0x0000000008005224                brigthness
 .text.setPWM   0x0000000008005230       0x4e mycode/Bar.o
                0x0000000008005230                setPWM
 *fill*         0x000000000800527e        0x2 
 .text._OE_ENABLE
                0x0000000008005280       0x48 mycode/Bar.o
                0x0000000008005280                _OE_ENABLE
 .text.HAL_SPI_TxCpltCallback
                0x00000000080052c8       0x40 mycode/Bar.o
                0x00000000080052c8                HAL_SPI_TxCpltCallback
 .text.__errno  0x0000000008005308        0xc c:/st/stm32cubeide_1.5.1/stm32cubeide/plugins/com.st.stm32cube.ide.mcu.externaltools.gnu-tools-for-stm32.9-2020-q2-update.win32_1.5.0.202011040924/tools/bin/../lib/gcc/arm-none-eabi/9.3.1/../../../../arm-none-eabi/lib/thumb/v7-m/nofp\libc_nano.a(lib_a-errno.o)
                0x0000000008005308                __errno
 .text.__libc_init_array
                0x0000000008005314       0x48 c:/st/stm32cubeide_1.5.1/stm32cubeide/plugins/com.st.stm32cube.ide.mcu.externaltools.gnu-tools-for-stm32.9-2020-q2-update.win32_1.5.0.202011040924/tools/bin/../lib/gcc/arm-none-eabi/9.3.1/../../../../arm-none-eabi/lib/thumb/v7-m/nofp\libc_nano.a(lib_a-init.o)
                0x0000000008005314                __libc_init_array
 .text.memset   0x000000000800535c       0x10 c:/st/stm32cubeide_1.5.1/stm32cubeide/plugins/com.st.stm32cube.ide.mcu.externaltools.gnu-tools-for-stm32.9-2020-q2-update.win32_1.5.0.202011040924/tools/bin/../lib/gcc/arm-none-eabi/9.3.1/../../../../arm-none-eabi/lib/thumb/v7-m/nofp\libc_nano.a(lib_a-memset.o)
                0x000000000800535c                memset
 .text.rand     0x000000000800536c       0x80 c:/st/stm32cubeide_1.5.1/stm32cubeide/plugins/com.st.stm32cube.ide.mcu.externaltools.gnu-tools-for-stm32.9-2020-q2-update.win32_1.5.0.202011040924/tools/bin/../lib/gcc/arm-none-eabi/9.3.1/../../../../arm-none-eabi/lib/thumb/v7-m/nofp\libc_nano.a(lib_a-rand.o)
                0x000000000800536c                rand
 .text.__assert_func
                0x00000000080053ec       0x3c c:/st/stm32cubeide_1.5.1/stm32cubeide/plugins/com.st.stm32cube.ide.mcu.externaltools.gnu-tools-for-stm32.9-2020-q2-update.win32_1.5.0.202011040924/tools/bin/../lib/gcc/arm-none-eabi/9.3.1/../../../../arm-none-eabi/lib/thumb/v7-m/nofp\libc_nano.a(lib_a-assert.o)
                0x00000000080053ec                __assert_func
 .text.fprintf  0x0000000008005428       0x24 c:/st/stm32cubeide_1.5.1/stm32cubeide/plugins/com.st.stm32cube.ide.mcu.externaltools.gnu-tools-for-stm32.9-2020-q2-update.win32_1.5.0.202011040924/tools/bin/../lib/gcc/arm-none-eabi/9.3.1/../../../../arm-none-eabi/lib/thumb/v7-m/nofp\libc_nano.a(lib_a-fprintf.o)
                0x0000000008005428                fiprintf
                0x0000000008005428                fprintf
 .text.malloc   0x000000000800544c       0x10 c:/st/stm32cubeide_1.5.1/stm32cubeide/plugins/com.st.stm32cube.ide.mcu.externaltools.gnu-tools-for-stm32.9-2020-q2-update.win32_1.5.0.202011040924/tools/bin/../lib/gcc/arm-none-eabi/9.3.1/../../../../arm-none-eabi/lib/thumb/v7-m/nofp\libc_nano.a(lib_a-malloc.o)
                0x000000000800544c                malloc
 .text._free_r  0x000000000800545c       0x98 c:/st/stm32cubeide_1.5.1/stm32cubeide/plugins/com.st.stm32cube.ide.mcu.externaltools.gnu-tools-for-stm32.9-2020-q2-update.win32_1.5.0.202011040924/tools/bin/../lib/gcc/arm-none-eabi/9.3.1/../../../../arm-none-eabi/lib/thumb/v7-m/nofp\libc_nano.a(lib_a-nano-freer.o)
                0x000000000800545c                _free_r
 .text._malloc_r
                0x00000000080054f4       0xb4 c:/st/stm32cubeide_1.5.1/stm32cubeide/plugins/com.st.stm32cube.ide.mcu.externaltools.gnu-tools-for-stm32.9-2020-q2-update.win32_1.5.0.202011040924/tools/bin/../lib/gcc/arm-none-eabi/9.3.1/../../../../arm-none-eabi/lib/thumb/v7-m/nofp\libc_nano.a(lib_a-nano-mallocr.o)
                0x00000000080054f4                _malloc_r
 .text.__sfputc_r
                0x00000000080055a8       0x2a c:/st/stm32cubeide_1.5.1/stm32cubeide/plugins/com.st.stm32cube.ide.mcu.externaltools.gnu-tools-for-stm32.9-2020-q2-update.win32_1.5.0.202011040924/tools/bin/../lib/gcc/arm-none-eabi/9.3.1/../../../../arm-none-eabi/lib/thumb/v7-m/nofp\libc_nano.a(lib_a-nano-vfprintf.o)
 .text.__sfputs_r
                0x00000000080055d2       0x24 c:/st/stm32cubeide_1.5.1/stm32cubeide/plugins/com.st.stm32cube.ide.mcu.externaltools.gnu-tools-for-stm32.9-2020-q2-update.win32_1.5.0.202011040924/tools/bin/../lib/gcc/arm-none-eabi/9.3.1/../../../../arm-none-eabi/lib/thumb/v7-m/nofp\libc_nano.a(lib_a-nano-vfprintf.o)
                0x00000000080055d2                __sfputs_r
 *fill*         0x00000000080055f6        0x2 
 .text._vfprintf_r
                0x00000000080055f8      0x260 c:/st/stm32cubeide_1.5.1/stm32cubeide/plugins/com.st.stm32cube.ide.mcu.externaltools.gnu-tools-for-stm32.9-2020-q2-update.win32_1.5.0.202011040924/tools/bin/../lib/gcc/arm-none-eabi/9.3.1/../../../../arm-none-eabi/lib/thumb/v7-m/nofp\libc_nano.a(lib_a-nano-vfprintf.o)
                0x00000000080055f8                _vfprintf_r
                0x00000000080055f8                _vfiprintf_r
 .text._printf_common
                0x0000000008005858       0xde c:/st/stm32cubeide_1.5.1/stm32cubeide/plugins/com.st.stm32cube.ide.mcu.externaltools.gnu-tools-for-stm32.9-2020-q2-update.win32_1.5.0.202011040924/tools/bin/../lib/gcc/arm-none-eabi/9.3.1/../../../../arm-none-eabi/lib/thumb/v7-m/nofp\libc_nano.a(lib_a-nano-vfprintf_i.o)
                0x0000000008005858                _printf_common
 *fill*         0x0000000008005936        0x2 
 .text._printf_i
                0x0000000008005938      0x24c c:/st/stm32cubeide_1.5.1/stm32cubeide/plugins/com.st.stm32cube.ide.mcu.externaltools.gnu-tools-for-stm32.9-2020-q2-update.win32_1.5.0.202011040924/tools/bin/../lib/gcc/arm-none-eabi/9.3.1/../../../../arm-none-eabi/lib/thumb/v7-m/nofp\libc_nano.a(lib_a-nano-vfprintf_i.o)
                0x0000000008005938                _printf_i
 .text._sbrk_r  0x0000000008005b84       0x20 c:/st/stm32cubeide_1.5.1/stm32cubeide/plugins/com.st.stm32cube.ide.mcu.externaltools.gnu-tools-for-stm32.9-2020-q2-update.win32_1.5.0.202011040924/tools/bin/../lib/gcc/arm-none-eabi/9.3.1/../../../../arm-none-eabi/lib/thumb/v7-m/nofp\libc_nano.a(lib_a-sbrkr.o)
                0x0000000008005b84                _sbrk_r
 .text.__swbuf_r
                0x0000000008005ba4       0xa4 c:/st/stm32cubeide_1.5.1/stm32cubeide/plugins/com.st.stm32cube.ide.mcu.externaltools.gnu-tools-for-stm32.9-2020-q2-update.win32_1.5.0.202011040924/tools/bin/../lib/gcc/arm-none-eabi/9.3.1/../../../../arm-none-eabi/lib/thumb/v7-m/nofp\libc_nano.a(lib_a-wbuf.o)
                0x0000000008005ba4                __swbuf_r
 .text.__swsetup_r
                0x0000000008005c48       0xdc c:/st/stm32cubeide_1.5.1/stm32cubeide/plugins/com.st.stm32cube.ide.mcu.externaltools.gnu-tools-for-stm32.9-2020-q2-update.win32_1.5.0.202011040924/tools/bin/../lib/gcc/arm-none-eabi/9.3.1/../../../../arm-none-eabi/lib/thumb/v7-m/nofp\libc_nano.a(lib_a-wsetup.o)
                0x0000000008005c48                __swsetup_r
 .text.abort    0x0000000008005d24        0xe c:/st/stm32cubeide_1.5.1/stm32cubeide/plugins/com.st.stm32cube.ide.mcu.externaltools.gnu-tools-for-stm32.9-2020-q2-update.win32_1.5.0.202011040924/tools/bin/../lib/gcc/arm-none-eabi/9.3.1/../../../../arm-none-eabi/lib/thumb/v7-m/nofp\libc_nano.a(lib_a-abort.o)
                0x0000000008005d24                abort
 *fill*         0x0000000008005d32        0x2 
 .text.__sflush_r
                0x0000000008005d34      0x10c c:/st/stm32cubeide_1.5.1/stm32cubeide/plugins/com.st.stm32cube.ide.mcu.externaltools.gnu-tools-for-stm32.9-2020-q2-update.win32_1.5.0.202011040924/tools/bin/../lib/gcc/arm-none-eabi/9.3.1/../../../../arm-none-eabi/lib/thumb/v7-m/nofp\libc_nano.a(lib_a-fflush.o)
                0x0000000008005d34                __sflush_r
 .text._fflush_r
                0x0000000008005e40       0x78 c:/st/stm32cubeide_1.5.1/stm32cubeide/plugins/com.st.stm32cube.ide.mcu.externaltools.gnu-tools-for-stm32.9-2020-q2-update.win32_1.5.0.202011040924/tools/bin/../lib/gcc/arm-none-eabi/9.3.1/../../../../arm-none-eabi/lib/thumb/v7-m/nofp\libc_nano.a(lib_a-fflush.o)
                0x0000000008005e40                _fflush_r
 .text.std      0x0000000008005eb8       0x48 c:/st/stm32cubeide_1.5.1/stm32cubeide/plugins/com.st.stm32cube.ide.mcu.externaltools.gnu-tools-for-stm32.9-2020-q2-update.win32_1.5.0.202011040924/tools/bin/../lib/gcc/arm-none-eabi/9.3.1/../../../../arm-none-eabi/lib/thumb/v7-m/nofp\libc_nano.a(lib_a-findfp.o)
 .text._cleanup_r
                0x0000000008005f00        0xc c:/st/stm32cubeide_1.5.1/stm32cubeide/plugins/com.st.stm32cube.ide.mcu.externaltools.gnu-tools-for-stm32.9-2020-q2-update.win32_1.5.0.202011040924/tools/bin/../lib/gcc/arm-none-eabi/9.3.1/../../../../arm-none-eabi/lib/thumb/v7-m/nofp\libc_nano.a(lib_a-findfp.o)
                0x0000000008005f00                _cleanup_r
 .text.__sfmoreglue
                0x0000000008005f0c       0x2c c:/st/stm32cubeide_1.5.1/stm32cubeide/plugins/com.st.stm32cube.ide.mcu.externaltools.gnu-tools-for-stm32.9-2020-q2-update.win32_1.5.0.202011040924/tools/bin/../lib/gcc/arm-none-eabi/9.3.1/../../../../arm-none-eabi/lib/thumb/v7-m/nofp\libc_nano.a(lib_a-findfp.o)
                0x0000000008005f0c                __sfmoreglue
 .text.__sfp_lock_acquire
                0x0000000008005f38        0xc c:/st/stm32cubeide_1.5.1/stm32cubeide/plugins/com.st.stm32cube.ide.mcu.externaltools.gnu-tools-for-stm32.9-2020-q2-update.win32_1.5.0.202011040924/tools/bin/../lib/gcc/arm-none-eabi/9.3.1/../../../../arm-none-eabi/lib/thumb/v7-m/nofp\libc_nano.a(lib_a-findfp.o)
                0x0000000008005f38                __sfp_lock_acquire
 .text.__sfp_lock_release
                0x0000000008005f44        0xc c:/st/stm32cubeide_1.5.1/stm32cubeide/plugins/com.st.stm32cube.ide.mcu.externaltools.gnu-tools-for-stm32.9-2020-q2-update.win32_1.5.0.202011040924/tools/bin/../lib/gcc/arm-none-eabi/9.3.1/../../../../arm-none-eabi/lib/thumb/v7-m/nofp\libc_nano.a(lib_a-findfp.o)
                0x0000000008005f44                __sfp_lock_release
 .text.__sinit_lock_acquire
                0x0000000008005f50        0xc c:/st/stm32cubeide_1.5.1/stm32cubeide/plugins/com.st.stm32cube.ide.mcu.externaltools.gnu-tools-for-stm32.9-2020-q2-update.win32_1.5.0.202011040924/tools/bin/../lib/gcc/arm-none-eabi/9.3.1/../../../../arm-none-eabi/lib/thumb/v7-m/nofp\libc_nano.a(lib_a-findfp.o)
                0x0000000008005f50                __sinit_lock_acquire
 .text.__sinit_lock_release
                0x0000000008005f5c        0xc c:/st/stm32cubeide_1.5.1/stm32cubeide/plugins/com.st.stm32cube.ide.mcu.externaltools.gnu-tools-for-stm32.9-2020-q2-update.win32_1.5.0.202011040924/tools/bin/../lib/gcc/arm-none-eabi/9.3.1/../../../../arm-none-eabi/lib/thumb/v7-m/nofp\libc_nano.a(lib_a-findfp.o)
                0x0000000008005f5c                __sinit_lock_release
 .text.__sinit  0x0000000008005f68       0x70 c:/st/stm32cubeide_1.5.1/stm32cubeide/plugins/com.st.stm32cube.ide.mcu.externaltools.gnu-tools-for-stm32.9-2020-q2-update.win32_1.5.0.202011040924/tools/bin/../lib/gcc/arm-none-eabi/9.3.1/../../../../arm-none-eabi/lib/thumb/v7-m/nofp\libc_nano.a(lib_a-findfp.o)
                0x0000000008005f68                __sinit
 .text.__sfp    0x0000000008005fd8       0x8c c:/st/stm32cubeide_1.5.1/stm32cubeide/plugins/com.st.stm32cube.ide.mcu.externaltools.gnu-tools-for-stm32.9-2020-q2-update.win32_1.5.0.202011040924/tools/bin/../lib/gcc/arm-none-eabi/9.3.1/../../../../arm-none-eabi/lib/thumb/v7-m/nofp\libc_nano.a(lib_a-findfp.o)
                0x0000000008005fd8                __sfp
 .text._fwalk_reent
                0x0000000008006064       0x3e c:/st/stm32cubeide_1.5.1/stm32cubeide/plugins/com.st.stm32cube.ide.mcu.externaltools.gnu-tools-for-stm32.9-2020-q2-update.win32_1.5.0.202011040924/tools/bin/../lib/gcc/arm-none-eabi/9.3.1/../../../../arm-none-eabi/lib/thumb/v7-m/nofp\libc_nano.a(lib_a-fwalk.o)
                0x0000000008006064                _fwalk_reent
 .text.__retarget_lock_init_recursive
                0x00000000080060a2        0x2 c:/st/stm32cubeide_1.5.1/stm32cubeide/plugins/com.st.stm32cube.ide.mcu.externaltools.gnu-tools-for-stm32.9-2020-q2-update.win32_1.5.0.202011040924/tools/bin/../lib/gcc/arm-none-eabi/9.3.1/../../../../arm-none-eabi/lib/thumb/v7-m/nofp\libc_nano.a(lib_a-lock.o)
                0x00000000080060a2                __retarget_lock_init_recursive
 .text.__retarget_lock_acquire_recursive
                0x00000000080060a4        0x2 c:/st/stm32cubeide_1.5.1/stm32cubeide/plugins/com.st.stm32cube.ide.mcu.externaltools.gnu-tools-for-stm32.9-2020-q2-update.win32_1.5.0.202011040924/tools/bin/../lib/gcc/arm-none-eabi/9.3.1/../../../../arm-none-eabi/lib/thumb/v7-m/nofp\libc_nano.a(lib_a-lock.o)
                0x00000000080060a4                __retarget_lock_acquire_recursive
 .text.__retarget_lock_release_recursive
                0x00000000080060a6        0x2 c:/st/stm32cubeide_1.5.1/stm32cubeide/plugins/com.st.stm32cube.ide.mcu.externaltools.gnu-tools-for-stm32.9-2020-q2-update.win32_1.5.0.202011040924/tools/bin/../lib/gcc/arm-none-eabi/9.3.1/../../../../arm-none-eabi/lib/thumb/v7-m/nofp\libc_nano.a(lib_a-lock.o)
                0x00000000080060a6                __retarget_lock_release_recursive
 .text.__swhatbuf_r
                0x00000000080060a8       0x48 c:/st/stm32cubeide_1.5.1/stm32cubeide/plugins/com.st.stm32cube.ide.mcu.externaltools.gnu-tools-for-stm32.9-2020-q2-update.win32_1.5.0.202011040924/tools/bin/../lib/gcc/arm-none-eabi/9.3.1/../../../../arm-none-eabi/lib/thumb/v7-m/nofp\libc_nano.a(lib_a-makebuf.o)
                0x00000000080060a8                __swhatbuf_r
 .text.__smakebuf_r
                0x00000000080060f0       0x80 c:/st/stm32cubeide_1.5.1/stm32cubeide/plugins/com.st.stm32cube.ide.mcu.externaltools.gnu-tools-for-stm32.9-2020-q2-update.win32_1.5.0.202011040924/tools/bin/../lib/gcc/arm-none-eabi/9.3.1/../../../../arm-none-eabi/lib/thumb/v7-m/nofp\libc_nano.a(lib_a-makebuf.o)
                0x00000000080060f0                __smakebuf_r
 .text.memchr   0x0000000008006170       0x1c c:/st/stm32cubeide_1.5.1/stm32cubeide/plugins/com.st.stm32cube.ide.mcu.externaltools.gnu-tools-for-stm32.9-2020-q2-update.win32_1.5.0.202011040924/tools/bin/../lib/gcc/arm-none-eabi/9.3.1/../../../../arm-none-eabi/lib/thumb/v7-m/nofp\libc_nano.a(lib_a-memchr-stub.o)
                0x0000000008006170                memchr
 .text.__malloc_lock
                0x000000000800618c        0xc c:/st/stm32cubeide_1.5.1/stm32cubeide/plugins/com.st.stm32cube.ide.mcu.externaltools.gnu-tools-for-stm32.9-2020-q2-update.win32_1.5.0.202011040924/tools/bin/../lib/gcc/arm-none-eabi/9.3.1/../../../../arm-none-eabi/lib/thumb/v7-m/nofp\libc_nano.a(lib_a-mlock.o)
                0x000000000800618c                __malloc_lock
 .text.__malloc_unlock
                0x0000000008006198        0xc c:/st/stm32cubeide_1.5.1/stm32cubeide/plugins/com.st.stm32cube.ide.mcu.externaltools.gnu-tools-for-stm32.9-2020-q2-update.win32_1.5.0.202011040924/tools/bin/../lib/gcc/arm-none-eabi/9.3.1/../../../../arm-none-eabi/lib/thumb/v7-m/nofp\libc_nano.a(lib_a-mlock.o)
                0x0000000008006198                __malloc_unlock
 .text._raise_r
                0x00000000080061a4       0x50 c:/st/stm32cubeide_1.5.1/stm32cubeide/plugins/com.st.stm32cube.ide.mcu.externaltools.gnu-tools-for-stm32.9-2020-q2-update.win32_1.5.0.202011040924/tools/bin/../lib/gcc/arm-none-eabi/9.3.1/../../../../arm-none-eabi/lib/thumb/v7-m/nofp\libc_nano.a(lib_a-signal.o)
                0x00000000080061a4                _raise_r
 .text.raise    0x00000000080061f4       0x10 c:/st/stm32cubeide_1.5.1/stm32cubeide/plugins/com.st.stm32cube.ide.mcu.externaltools.gnu-tools-for-stm32.9-2020-q2-update.win32_1.5.0.202011040924/tools/bin/../lib/gcc/arm-none-eabi/9.3.1/../../../../arm-none-eabi/lib/thumb/v7-m/nofp\libc_nano.a(lib_a-signal.o)
                0x00000000080061f4                raise
 .text._kill_r  0x0000000008006204       0x24 c:/st/stm32cubeide_1.5.1/stm32cubeide/plugins/com.st.stm32cube.ide.mcu.externaltools.gnu-tools-for-stm32.9-2020-q2-update.win32_1.5.0.202011040924/tools/bin/../lib/gcc/arm-none-eabi/9.3.1/../../../../arm-none-eabi/lib/thumb/v7-m/nofp\libc_nano.a(lib_a-signalr.o)
                0x0000000008006204                _kill_r
 .text._getpid_r
                0x0000000008006228        0x4 c:/st/stm32cubeide_1.5.1/stm32cubeide/plugins/com.st.stm32cube.ide.mcu.externaltools.gnu-tools-for-stm32.9-2020-q2-update.win32_1.5.0.202011040924/tools/bin/../lib/gcc/arm-none-eabi/9.3.1/../../../../arm-none-eabi/lib/thumb/v7-m/nofp\libc_nano.a(lib_a-signalr.o)
                0x0000000008006228                _getpid_r
 .text.__sread  0x000000000800622c       0x22 c:/st/stm32cubeide_1.5.1/stm32cubeide/plugins/com.st.stm32cube.ide.mcu.externaltools.gnu-tools-for-stm32.9-2020-q2-update.win32_1.5.0.202011040924/tools/bin/../lib/gcc/arm-none-eabi/9.3.1/../../../../arm-none-eabi/lib/thumb/v7-m/nofp\libc_nano.a(lib_a-stdio.o)
                0x000000000800622c                __sread
 .text.__swrite
                0x000000000800624e       0x38 c:/st/stm32cubeide_1.5.1/stm32cubeide/plugins/com.st.stm32cube.ide.mcu.externaltools.gnu-tools-for-stm32.9-2020-q2-update.win32_1.5.0.202011040924/tools/bin/../lib/gcc/arm-none-eabi/9.3.1/../../../../arm-none-eabi/lib/thumb/v7-m/nofp\libc_nano.a(lib_a-stdio.o)
                0x000000000800624e                __swrite
 .text.__sseek  0x0000000008006286       0x24 c:/st/stm32cubeide_1.5.1/stm32cubeide/plugins/com.st.stm32cube.ide.mcu.externaltools.gnu-tools-for-stm32.9-2020-q2-update.win32_1.5.0.202011040924/tools/bin/../lib/gcc/arm-none-eabi/9.3.1/../../../../arm-none-eabi/lib/thumb/v7-m/nofp\libc_nano.a(lib_a-stdio.o)
                0x0000000008006286                __sseek
 .text.__sclose
                0x00000000080062aa        0x8 c:/st/stm32cubeide_1.5.1/stm32cubeide/plugins/com.st.stm32cube.ide.mcu.externaltools.gnu-tools-for-stm32.9-2020-q2-update.win32_1.5.0.202011040924/tools/bin/../lib/gcc/arm-none-eabi/9.3.1/../../../../arm-none-eabi/lib/thumb/v7-m/nofp\libc_nano.a(lib_a-stdio.o)
                0x00000000080062aa                __sclose
 *fill*         0x00000000080062b2        0x2 
 .text._write_r
                0x00000000080062b4       0x24 c:/st/stm32cubeide_1.5.1/stm32cubeide/plugins/com.st.stm32cube.ide.mcu.externaltools.gnu-tools-for-stm32.9-2020-q2-update.win32_1.5.0.202011040924/tools/bin/../lib/gcc/arm-none-eabi/9.3.1/../../../../arm-none-eabi/lib/thumb/v7-m/nofp\libc_nano.a(lib_a-writer.o)
                0x00000000080062b4                _write_r
 .text._close_r
                0x00000000080062d8       0x20 c:/st/stm32cubeide_1.5.1/stm32cubeide/plugins/com.st.stm32cube.ide.mcu.externaltools.gnu-tools-for-stm32.9-2020-q2-update.win32_1.5.0.202011040924/tools/bin/../lib/gcc/arm-none-eabi/9.3.1/../../../../arm-none-eabi/lib/thumb/v7-m/nofp\libc_nano.a(lib_a-closer.o)
                0x00000000080062d8                _close_r
 .text._fstat_r
                0x00000000080062f8       0x24 c:/st/stm32cubeide_1.5.1/stm32cubeide/plugins/com.st.stm32cube.ide.mcu.externaltools.gnu-tools-for-stm32.9-2020-q2-update.win32_1.5.0.202011040924/tools/bin/../lib/gcc/arm-none-eabi/9.3.1/../../../../arm-none-eabi/lib/thumb/v7-m/nofp\libc_nano.a(lib_a-fstatr.o)
                0x00000000080062f8                _fstat_r
 .text._isatty_r
                0x000000000800631c       0x20 c:/st/stm32cubeide_1.5.1/stm32cubeide/plugins/com.st.stm32cube.ide.mcu.externaltools.gnu-tools-for-stm32.9-2020-q2-update.win32_1.5.0.202011040924/tools/bin/../lib/gcc/arm-none-eabi/9.3.1/../../../../arm-none-eabi/lib/thumb/v7-m/nofp\libc_nano.a(lib_a-isattyr.o)
                0x000000000800631c                _isatty_r
 .text._lseek_r
                0x000000000800633c       0x24 c:/st/stm32cubeide_1.5.1/stm32cubeide/plugins/com.st.stm32cube.ide.mcu.externaltools.gnu-tools-for-stm32.9-2020-q2-update.win32_1.5.0.202011040924/tools/bin/../lib/gcc/arm-none-eabi/9.3.1/../../../../arm-none-eabi/lib/thumb/v7-m/nofp\libc_nano.a(lib_a-lseekr.o)
                0x000000000800633c                _lseek_r
 .text._read_r  0x0000000008006360       0x24 c:/st/stm32cubeide_1.5.1/stm32cubeide/plugins/com.st.stm32cube.ide.mcu.externaltools.gnu-tools-for-stm32.9-2020-q2-update.win32_1.5.0.202011040924/tools/bin/../lib/gcc/arm-none-eabi/9.3.1/../../../../arm-none-eabi/lib/thumb/v7-m/nofp\libc_nano.a(lib_a-readr.o)
                0x0000000008006360                _read_r
 *(.glue_7)
 .glue_7        0x0000000008006384        0x0 linker stubs
 *(.glue_7t)
 .glue_7t       0x0000000008006384        0x0 linker stubs
 *(.eh_frame)
 .eh_frame      0x0000000008006384        0x0 c:/st/stm32cubeide_1.5.1/stm32cubeide/plugins/com.st.stm32cube.ide.mcu.externaltools.gnu-tools-for-stm32.9-2020-q2-update.win32_1.5.0.202011040924/tools/bin/../lib/gcc/arm-none-eabi/9.3.1/thumb/v7-m/nofp/crtbegin.o
 *(.init)
 .init          0x0000000008006384        0x4 c:/st/stm32cubeide_1.5.1/stm32cubeide/plugins/com.st.stm32cube.ide.mcu.externaltools.gnu-tools-for-stm32.9-2020-q2-update.win32_1.5.0.202011040924/tools/bin/../lib/gcc/arm-none-eabi/9.3.1/thumb/v7-m/nofp/crti.o
                0x0000000008006384                _init
 .init          0x0000000008006388        0x8 c:/st/stm32cubeide_1.5.1/stm32cubeide/plugins/com.st.stm32cube.ide.mcu.externaltools.gnu-tools-for-stm32.9-2020-q2-update.win32_1.5.0.202011040924/tools/bin/../lib/gcc/arm-none-eabi/9.3.1/thumb/v7-m/nofp/crtn.o
 *(.fini)
 .fini          0x0000000008006390        0x4 c:/st/stm32cubeide_1.5.1/stm32cubeide/plugins/com.st.stm32cube.ide.mcu.externaltools.gnu-tools-for-stm32.9-2020-q2-update.win32_1.5.0.202011040924/tools/bin/../lib/gcc/arm-none-eabi/9.3.1/thumb/v7-m/nofp/crti.o
                0x0000000008006390                _fini
 .fini          0x0000000008006394        0x8 c:/st/stm32cubeide_1.5.1/stm32cubeide/plugins/com.st.stm32cube.ide.mcu.externaltools.gnu-tools-for-stm32.9-2020-q2-update.win32_1.5.0.202011040924/tools/bin/../lib/gcc/arm-none-eabi/9.3.1/thumb/v7-m/nofp/crtn.o
                0x000000000800639c                . = ALIGN (0x4)
                0x000000000800639c                _etext = .

.vfp11_veneer   0x000000000800639c        0x0
 .vfp11_veneer  0x000000000800639c        0x0 linker stubs

.v4_bx          0x000000000800639c        0x0
 .v4_bx         0x000000000800639c        0x0 linker stubs

.iplt           0x000000000800639c        0x0
 .iplt          0x000000000800639c        0x0 c:/st/stm32cubeide_1.5.1/stm32cubeide/plugins/com.st.stm32cube.ide.mcu.externaltools.gnu-tools-for-stm32.9-2020-q2-update.win32_1.5.0.202011040924/tools/bin/../lib/gcc/arm-none-eabi/9.3.1/thumb/v7-m/nofp/crtbegin.o

.rodata         0x000000000800639c     0x10c4
                0x000000000800639c                . = ALIGN (0x4)
 *(.rodata)
 *(.rodata*)
 .rodata.AHBPrescTable
                0x000000000800639c       0x10 Core/Src/system_stm32f1xx.o
                0x000000000800639c                AHBPrescTable
 .rodata.HAL_RCC_GetSysClockFreq.str1.1
                0x00000000080063ac       0x11 Drivers/STM32F1xx_HAL_Driver/Src/stm32f1xx_hal_rcc.o
 .rodata.USBD_FS_ManufacturerStrDescriptor.str1.1
                0x00000000080063bd       0x14 USB_DEVICE/App/usbd_desc.o
 .rodata.USBD_FS_ProductStrDescriptor.str1.1
                0x00000000080063d1        0x6 USB_DEVICE/App/usbd_desc.o
 .rodata.USBD_FS_ConfigStrDescriptor.str1.1
                0x00000000080063d7        0xb USB_DEVICE/App/usbd_desc.o
 .rodata.USBD_FS_InterfaceStrDescriptor.str1.1
                0x00000000080063e2        0xe USB_DEVICE/App/usbd_desc.o
 .rodata.CSWTCH.3
                0x00000000080063f0        0x4 USB_DEVICE/Target/usbd_conf.o
 .rodata.BitmapData100
                0x00000000080063f4       0x50 mycode/Bar.o
                0x00000000080063f4                BitmapData100
 .rodata.BitmapData101
                0x0000000008006444       0x50 mycode/Bar.o
                0x0000000008006444                BitmapData101
 .rodata.BitmapData102
                0x0000000008006494       0x50 mycode/Bar.o
                0x0000000008006494                BitmapData102
 .rodata.BitmapData103
                0x00000000080064e4       0x50 mycode/Bar.o
                0x00000000080064e4                BitmapData103
 .rodata.BitmapData104
                0x0000000008006534       0x50 mycode/Bar.o
                0x0000000008006534                BitmapData104
 .rodata.BitmapData105
                0x0000000008006584       0x50 mycode/Bar.o
                0x0000000008006584                BitmapData105
 .rodata.BitmapData106
                0x00000000080065d4       0x50 mycode/Bar.o
                0x00000000080065d4                BitmapData106
 .rodata.BitmapData107
                0x0000000008006624       0x50 mycode/Bar.o
                0x0000000008006624                BitmapData107
 .rodata.BitmapData108
                0x0000000008006674       0x50 mycode/Bar.o
                0x0000000008006674                BitmapData108
 .rodata.BitmapData200
                0x00000000080066c4       0x50 mycode/Bar.o
                0x00000000080066c4                BitmapData200
 .rodata.BitmapData201
                0x0000000008006714       0x50 mycode/Bar.o
                0x0000000008006714                BitmapData201
 .rodata.BitmapData300
                0x0000000008006764       0x50 mycode/Bar.o
                0x0000000008006764                BitmapData300
 .rodata.BitmapData301
                0x00000000080067b4       0x50 mycode/Bar.o
                0x00000000080067b4                BitmapData301
 .rodata.BitmapData302
                0x0000000008006804       0x50 mycode/Bar.o
                0x0000000008006804                BitmapData302
 .rodata.BitmapData303
                0x0000000008006854       0x50 mycode/Bar.o
                0x0000000008006854                BitmapData303
 .rodata.BitmapData304
                0x00000000080068a4       0x50 mycode/Bar.o
                0x00000000080068a4                BitmapData304
 .rodata.BitmapData305
                0x00000000080068f4       0x50 mycode/Bar.o
                0x00000000080068f4                BitmapData305
 .rodata.BitmapData306
                0x0000000008006944       0x50 mycode/Bar.o
                0x0000000008006944                BitmapData306
 .rodata.BitmapData307
                0x0000000008006994       0x50 mycode/Bar.o
                0x0000000008006994                BitmapData307
 .rodata.BitmapData308
                0x00000000080069e4       0x50 mycode/Bar.o
                0x00000000080069e4                BitmapData308
 .rodata.BitmapData309
                0x0000000008006a34       0x50 mycode/Bar.o
                0x0000000008006a34                BitmapData309
 .rodata.BitmapData310
                0x0000000008006a84       0x50 mycode/Bar.o
                0x0000000008006a84                BitmapData310
 .rodata.BitmapData311
                0x0000000008006ad4       0x50 mycode/Bar.o
                0x0000000008006ad4                BitmapData311
 .rodata.BitmapData312
                0x0000000008006b24       0x50 mycode/Bar.o
                0x0000000008006b24                BitmapData312
 .rodata.BitmapData313
                0x0000000008006b74       0x50 mycode/Bar.o
                0x0000000008006b74                BitmapData313
 .rodata.BitmapData314
                0x0000000008006bc4       0x50 mycode/Bar.o
                0x0000000008006bc4                BitmapData314
 .rodata.BitmapData400
                0x0000000008006c14       0x50 mycode/Bar.o
                0x0000000008006c14                BitmapData400
 .rodata.BitmapData401
                0x0000000008006c64       0x50 mycode/Bar.o
                0x0000000008006c64                BitmapData401
 .rodata.BitmapData402
                0x0000000008006cb4       0x50 mycode/Bar.o
                0x0000000008006cb4                BitmapData402
 .rodata.BitmapData403
                0x0000000008006d04       0x50 mycode/Bar.o
                0x0000000008006d04                BitmapData403
 .rodata.BitmapData404
                0x0000000008006d54       0x50 mycode/Bar.o
                0x0000000008006d54                BitmapData404
 .rodata.BitmapData405
                0x0000000008006da4       0x50 mycode/Bar.o
                0x0000000008006da4                BitmapData405
 .rodata.BitmapData406
                0x0000000008006df4       0x50 mycode/Bar.o
                0x0000000008006df4                BitmapData406
 .rodata.BitmapData407
                0x0000000008006e44       0x50 mycode/Bar.o
                0x0000000008006e44                BitmapData407
 .rodata.BitmapData408
                0x0000000008006e94       0x50 mycode/Bar.o
                0x0000000008006e94                BitmapData408
 .rodata.BitmapData409
                0x0000000008006ee4       0x50 mycode/Bar.o
                0x0000000008006ee4                BitmapData409
 .rodata.BitmapData500
                0x0000000008006f34       0x50 mycode/Bar.o
                0x0000000008006f34                BitmapData500
 .rodata.BitmapData501
                0x0000000008006f84       0x50 mycode/Bar.o
                0x0000000008006f84                BitmapData501
 .rodata.BitmapData502
                0x0000000008006fd4       0x50 mycode/Bar.o
                0x0000000008006fd4                BitmapData502
 .rodata.BitmapData600
                0x0000000008007024       0x50 mycode/Bar.o
                0x0000000008007024                BitmapData600
 .rodata.BitmapData601
                0x0000000008007074       0x50 mycode/Bar.o
                0x0000000008007074                BitmapData601
 .rodata.BitmapData602
                0x00000000080070c4       0x50 mycode/Bar.o
                0x00000000080070c4                BitmapData602
 .rodata.BitmapData603
                0x0000000008007114       0x50 mycode/Bar.o
                0x0000000008007114                BitmapData603
 .rodata.BitmapData604
                0x0000000008007164       0x50 mycode/Bar.o
                0x0000000008007164                BitmapData604
 .rodata.BitmapData605
                0x00000000080071b4       0x50 mycode/Bar.o
                0x00000000080071b4                BitmapData605
 .rodata.BitmapData606
                0x0000000008007204       0x50 mycode/Bar.o
                0x0000000008007204                BitmapData606
 .rodata.BitmapData607
                0x0000000008007254       0x50 mycode/Bar.o
                0x0000000008007254                BitmapData607
 .rodata.BitmapData608
                0x00000000080072a4       0x50 mycode/Bar.o
                0x00000000080072a4                BitmapData608
 .rodata.CSWTCH.119
                0x00000000080072f4        0x8 mycode/Bar.o
 .rodata.CSWTCH.120
                0x00000000080072fc        0x8 mycode/Bar.o
 .rodata.CSWTCH.121
                0x0000000008007304        0x8 mycode/Bar.o
 .rodata._bitmap
                0x000000000800730c        0x8 mycode/Bar.o
                0x000000000800730c                _bitmap
 .rodata._global_impure_ptr
                0x0000000008007314        0x4 c:/st/stm32cubeide_1.5.1/stm32cubeide/plugins/com.st.stm32cube.ide.mcu.externaltools.gnu-tools-for-stm32.9-2020-q2-update.win32_1.5.0.202011040924/tools/bin/../lib/gcc/arm-none-eabi/9.3.1/../../../../arm-none-eabi/lib/thumb/v7-m/nofp\libc_nano.a(lib_a-impure.o)
                0x0000000008007314                _global_impure_ptr
 .rodata.srand.str1.1
                0x0000000008007318       0x76 c:/st/stm32cubeide_1.5.1/stm32cubeide/plugins/com.st.stm32cube.ide.mcu.externaltools.gnu-tools-for-stm32.9-2020-q2-update.win32_1.5.0.202011040924/tools/bin/../lib/gcc/arm-none-eabi/9.3.1/../../../../arm-none-eabi/lib/thumb/v7-m/nofp\libc_nano.a(lib_a-rand.o)
 .rodata.__assert_func.str1.1
                0x000000000800738e       0x3c c:/st/stm32cubeide_1.5.1/stm32cubeide/plugins/com.st.stm32cube.ide.mcu.externaltools.gnu-tools-for-stm32.9-2020-q2-update.win32_1.5.0.202011040924/tools/bin/../lib/gcc/arm-none-eabi/9.3.1/../../../../arm-none-eabi/lib/thumb/v7-m/nofp\libc_nano.a(lib_a-assert.o)
                                         0x3d (size before relaxing)
 .rodata._vfprintf_r.str1.1
                0x00000000080073ca       0x11 c:/st/stm32cubeide_1.5.1/stm32cubeide/plugins/com.st.stm32cube.ide.mcu.externaltools.gnu-tools-for-stm32.9-2020-q2-update.win32_1.5.0.202011040924/tools/bin/../lib/gcc/arm-none-eabi/9.3.1/../../../../arm-none-eabi/lib/thumb/v7-m/nofp\libc_nano.a(lib_a-nano-vfprintf.o)
 .rodata._printf_i.str1.1
                0x00000000080073db       0x22 c:/st/stm32cubeide_1.5.1/stm32cubeide/plugins/com.st.stm32cube.ide.mcu.externaltools.gnu-tools-for-stm32.9-2020-q2-update.win32_1.5.0.202011040924/tools/bin/../lib/gcc/arm-none-eabi/9.3.1/../../../../arm-none-eabi/lib/thumb/v7-m/nofp\libc_nano.a(lib_a-nano-vfprintf_i.o)
 *fill*         0x00000000080073fd        0x3 
 .rodata.__sf_fake_stderr
                0x0000000008007400       0x20 c:/st/stm32cubeide_1.5.1/stm32cubeide/plugins/com.st.stm32cube.ide.mcu.externaltools.gnu-tools-for-stm32.9-2020-q2-update.win32_1.5.0.202011040924/tools/bin/../lib/gcc/arm-none-eabi/9.3.1/../../../../arm-none-eabi/lib/thumb/v7-m/nofp\libc_nano.a(lib_a-findfp.o)
                0x0000000008007400                __sf_fake_stderr
 .rodata.__sf_fake_stdin
                0x0000000008007420       0x20 c:/st/stm32cubeide_1.5.1/stm32cubeide/plugins/com.st.stm32cube.ide.mcu.externaltools.gnu-tools-for-stm32.9-2020-q2-update.win32_1.5.0.202011040924/tools/bin/../lib/gcc/arm-none-eabi/9.3.1/../../../../arm-none-eabi/lib/thumb/v7-m/nofp\libc_nano.a(lib_a-findfp.o)
                0x0000000008007420                __sf_fake_stdin
 .rodata.__sf_fake_stdout
                0x0000000008007440       0x20 c:/st/stm32cubeide_1.5.1/stm32cubeide/plugins/com.st.stm32cube.ide.mcu.externaltools.gnu-tools-for-stm32.9-2020-q2-update.win32_1.5.0.202011040924/tools/bin/../lib/gcc/arm-none-eabi/9.3.1/../../../../arm-none-eabi/lib/thumb/v7-m/nofp\libc_nano.a(lib_a-findfp.o)
                0x0000000008007440                __sf_fake_stdout
                0x0000000008007460                . = ALIGN (0x4)

.rel.dyn        0x0000000008007460        0x0
 .rel.iplt      0x0000000008007460        0x0 c:/st/stm32cubeide_1.5.1/stm32cubeide/plugins/com.st.stm32cube.ide.mcu.externaltools.gnu-tools-for-stm32.9-2020-q2-update.win32_1.5.0.202011040924/tools/bin/../lib/gcc/arm-none-eabi/9.3.1/thumb/v7-m/nofp/crtbegin.o

.ARM.extab      0x0000000008007460        0x0
                0x0000000008007460                . = ALIGN (0x4)
 *(.ARM.extab* .gnu.linkonce.armextab.*)
                0x0000000008007460                . = ALIGN (0x4)

.ARM            0x0000000008007460        0x0
                0x0000000008007460                . = ALIGN (0x4)
                0x0000000008007460                __exidx_start = .
 *(.ARM.exidx*)
                0x0000000008007460                __exidx_end = .
                0x0000000008007460                . = ALIGN (0x4)

.preinit_array  0x0000000008007460        0x0
                0x0000000008007460                . = ALIGN (0x4)
                0x0000000008007460                PROVIDE (__preinit_array_start = .)
 *(.preinit_array*)
                0x0000000008007460                PROVIDE (__preinit_array_end = .)
                0x0000000008007460                . = ALIGN (0x4)

.init_array     0x0000000008007460        0x4
                0x0000000008007460                . = ALIGN (0x4)
                0x0000000008007460                PROVIDE (__init_array_start = .)
 *(SORT_BY_NAME(.init_array.*))
 *(.init_array*)
 .init_array    0x0000000008007460        0x4 c:/st/stm32cubeide_1.5.1/stm32cubeide/plugins/com.st.stm32cube.ide.mcu.externaltools.gnu-tools-for-stm32.9-2020-q2-update.win32_1.5.0.202011040924/tools/bin/../lib/gcc/arm-none-eabi/9.3.1/thumb/v7-m/nofp/crtbegin.o
                0x0000000008007464                PROVIDE (__init_array_end = .)
                0x0000000008007464                . = ALIGN (0x4)

.fini_array     0x0000000008007464        0x4
                0x0000000008007464                . = ALIGN (0x4)
                [!provide]                        PROVIDE (__fini_array_start = .)
 *(SORT_BY_NAME(.fini_array.*))
 *(.fini_array*)
 .fini_array    0x0000000008007464        0x4 c:/st/stm32cubeide_1.5.1/stm32cubeide/plugins/com.st.stm32cube.ide.mcu.externaltools.gnu-tools-for-stm32.9-2020-q2-update.win32_1.5.0.202011040924/tools/bin/../lib/gcc/arm-none-eabi/9.3.1/thumb/v7-m/nofp/crtbegin.o
                [!provide]                        PROVIDE (__fini_array_end = .)
                0x0000000008007468                . = ALIGN (0x4)
                0x0000000008007468                _sidata = LOADADDR (.data)

.data           0x0000000020000000      0x2a0 load address 0x0000000008007468
                0x0000000020000000                . = ALIGN (0x4)
                0x0000000020000000                _sdata = .
 *(.data)
 *(.data*)
 .data.SystemCoreClock
                0x0000000020000000        0x4 Core/Src/system_stm32f1xx.o
                0x0000000020000000                SystemCoreClock
 .data.uwTickFreq
                0x0000000020000004        0x1 Drivers/STM32F1xx_HAL_Driver/Src/stm32f1xx_hal.o
                0x0000000020000004                uwTickFreq
 *fill*         0x0000000020000005        0x3 
 .data.uwTickPrio
                0x0000000020000008        0x4 Drivers/STM32F1xx_HAL_Driver/Src/stm32f1xx_hal.o
                0x0000000020000008                uwTickPrio
 .data.USBD_CDC
                0x000000002000000c       0x38 Middlewares/ST/STM32_USB_Device_Library/Class/CDC/Src/usbd_cdc.o
                0x000000002000000c                USBD_CDC
 .data.USBD_CDC_CfgFSDesc
                0x0000000020000044       0x43 Middlewares/ST/STM32_USB_Device_Library/Class/CDC/Src/usbd_cdc.o
                0x0000000020000044                USBD_CDC_CfgFSDesc
 *fill*         0x0000000020000087        0x1 
 .data.USBD_CDC_CfgHSDesc
                0x0000000020000088       0x43 Middlewares/ST/STM32_USB_Device_Library/Class/CDC/Src/usbd_cdc.o
                0x0000000020000088                USBD_CDC_CfgHSDesc
 *fill*         0x00000000200000cb        0x1 
 .data.USBD_CDC_DeviceQualifierDesc
                0x00000000200000cc        0xa Middlewares/ST/STM32_USB_Device_Library/Class/CDC/Src/usbd_cdc.o
 *fill*         0x00000000200000d6        0x2 
 .data.USBD_CDC_OtherSpeedCfgDesc
                0x00000000200000d8       0x43 Middlewares/ST/STM32_USB_Device_Library/Class/CDC/Src/usbd_cdc.o
                0x00000000200000d8                USBD_CDC_OtherSpeedCfgDesc
 *fill*         0x000000002000011b        0x1 
 .data.USBD_Interface_fops_FS
                0x000000002000011c       0x10 USB_DEVICE/App/usbd_cdc_if.o
                0x000000002000011c                USBD_Interface_fops_FS
 .data.FS_Desc  0x000000002000012c       0x1c USB_DEVICE/App/usbd_desc.o
                0x000000002000012c                FS_Desc
 .data.USBD_FS_DeviceDesc
                0x0000000020000148       0x12 USB_DEVICE/App/usbd_desc.o
                0x0000000020000148                USBD_FS_DeviceDesc
 *fill*         0x000000002000015a        0x2 
 .data.USBD_LangIDDesc
                0x000000002000015c        0x4 USB_DEVICE/App/usbd_desc.o
                0x000000002000015c                USBD_LangIDDesc
 .data.USBD_StringSerial
                0x0000000020000160       0x1a USB_DEVICE/App/usbd_desc.o
                0x0000000020000160                USBD_StringSerial
 .data._counter_pwm
                0x000000002000017a        0x1 mycode/Bar.o
                0x000000002000017a                _counter_pwm
 *fill*         0x000000002000017b        0x1 
 .data.image    0x000000002000017c       0xc0 mycode/Bar.o
                0x000000002000017c                image
 .data._impure_ptr
                0x000000002000023c        0x4 c:/st/stm32cubeide_1.5.1/stm32cubeide/plugins/com.st.stm32cube.ide.mcu.externaltools.gnu-tools-for-stm32.9-2020-q2-update.win32_1.5.0.202011040924/tools/bin/../lib/gcc/arm-none-eabi/9.3.1/../../../../arm-none-eabi/lib/thumb/v7-m/nofp\libc_nano.a(lib_a-impure.o)
                0x000000002000023c                _impure_ptr
 .data.impure_data
                0x0000000020000240       0x60 c:/st/stm32cubeide_1.5.1/stm32cubeide/plugins/com.st.stm32cube.ide.mcu.externaltools.gnu-tools-for-stm32.9-2020-q2-update.win32_1.5.0.202011040924/tools/bin/../lib/gcc/arm-none-eabi/9.3.1/../../../../arm-none-eabi/lib/thumb/v7-m/nofp\libc_nano.a(lib_a-impure.o)
 *(.RamFunc)
 *(.RamFunc*)
                0x00000000200002a0                . = ALIGN (0x4)
                0x00000000200002a0                _edata = .

.igot.plt       0x00000000200002a0        0x0 load address 0x0000000008007708
 .igot.plt      0x00000000200002a0        0x0 c:/st/stm32cubeide_1.5.1/stm32cubeide/plugins/com.st.stm32cube.ide.mcu.externaltools.gnu-tools-for-stm32.9-2020-q2-update.win32_1.5.0.202011040924/tools/bin/../lib/gcc/arm-none-eabi/9.3.1/thumb/v7-m/nofp/crtbegin.o
                0x00000000200002a0                . = ALIGN (0x4)

.bss            0x00000000200002a0     0x2d64 load address 0x0000000008007708
                0x00000000200002a0                _sbss = .
                0x00000000200002a0                __bss_start__ = _sbss
 *(.bss)
 .bss           0x00000000200002a0       0x1c c:/st/stm32cubeide_1.5.1/stm32cubeide/plugins/com.st.stm32cube.ide.mcu.externaltools.gnu-tools-for-stm32.9-2020-q2-update.win32_1.5.0.202011040924/tools/bin/../lib/gcc/arm-none-eabi/9.3.1/thumb/v7-m/nofp/crtbegin.o
 *(.bss*)
 .bss.__sbrk_heap_end
                0x00000000200002bc        0x4 Core/Src/sysmem.o
 .bss.cfgidx.8358
                0x00000000200002c0        0x1 Middlewares/ST/STM32_USB_Device_Library/Core/Src/usbd_ctlreq.o
 *fill*         0x00000000200002c1        0x3 
 .bss.mem.8428  0x00000000200002c4      0x220 USB_DEVICE/Target/usbd_conf.o
 .bss._color_select
                0x00000000200004e4        0x1 mycode/Bar.o
                0x00000000200004e4                _color_select
 .bss.check_usb
                0x00000000200004e5        0x1 mycode/Bar.o
                0x00000000200004e5                check_usb
 .bss.dataSize  0x00000000200004e6        0x2 mycode/Bar.o
                0x00000000200004e6                dataSize
 .bss.__malloc_free_list
                0x00000000200004e8        0x4 c:/st/stm32cubeide_1.5.1/stm32cubeide/plugins/com.st.stm32cube.ide.mcu.externaltools.gnu-tools-for-stm32.9-2020-q2-update.win32_1.5.0.202011040924/tools/bin/../lib/gcc/arm-none-eabi/9.3.1/../../../../arm-none-eabi/lib/thumb/v7-m/nofp\libc_nano.a(lib_a-nano-mallocr.o)
                0x00000000200004e8                __malloc_free_list
 .bss.__malloc_sbrk_start
                0x00000000200004ec        0x4 c:/st/stm32cubeide_1.5.1/stm32cubeide/plugins/com.st.stm32cube.ide.mcu.externaltools.gnu-tools-for-stm32.9-2020-q2-update.win32_1.5.0.202011040924/tools/bin/../lib/gcc/arm-none-eabi/9.3.1/../../../../arm-none-eabi/lib/thumb/v7-m/nofp\libc_nano.a(lib_a-nano-mallocr.o)
                0x00000000200004ec                __malloc_sbrk_start
 *(COMMON)
 COMMON         0x00000000200004f0      0x320 Core/Src/main.o
                0x00000000200004f0                hspi2
                0x0000000020000548                htim4
                0x0000000020000590                htim3
                0x00000000200005d8                hdma_memtomem_dma1_channel6
                0x000000002000061c                hdma_memtomem_dma1_channel4
                0x0000000020000660                hdma_memtomem_dma1_channel1
                0x00000000200006a4                hspi1
                0x00000000200006fc                htim2
                0x0000000020000744                hdma_spi1_rx
                0x0000000020000788                hdma_spi2_tx
                0x00000000200007cc                hdma_spi1_tx
 COMMON         0x0000000020000810        0x4 Drivers/STM32F1xx_HAL_Driver/Src/stm32f1xx_hal.o
                0x0000000020000810                uwTick
 COMMON         0x0000000020000814      0x2c4 USB_DEVICE/App/usb_device.o
                0x0000000020000814                hUsbDeviceFS
 COMMON         0x0000000020000ad8      0xbb8 USB_DEVICE/App/usbd_cdc_if.o
                0x0000000020000ad8                UserRxBufferFS
                0x00000000200010b4                UserTxBufferFS
 COMMON         0x0000000020001690      0x200 USB_DEVICE/App/usbd_desc.o
                0x0000000020001690                USBD_StrDesc
 COMMON         0x0000000020001890      0x2ec USB_DEVICE/Target/usbd_conf.o
                0x0000000020001890                hpcd_USB_FS
 COMMON         0x0000000020001b7c     0x147a mycode/Bar.o
                0x0000000020001b7c                var5
                0x0000000020001b7d                data_ready
                0x0000000020001b7e                t_g
                0x0000000020001dfe                _g
                0x000000002000207e                _bit_pwm
                0x00000000200020ce                cld
                0x00000000200020d2                data_count
                0x00000000200020d4                color_buf
                0x00000000200020d7                var1
                0x00000000200020d8                temp
                0x00000000200020db                usb_data
                0x00000000200025db                var4
                0x00000000200025dc                _b
                0x000000002000285c                _r
                0x0000000020002adc                t_r
                0x0000000020002d5c                color_s2
                0x0000000020002d5f                t_b
                0x0000000020002fdf                var2
                0x0000000020002fe0                var6
                0x0000000020002fe1                var3
                0x0000000020002fe2                color_buf2
                0x0000000020002fe5                color_d
                0x0000000020002fe8                color_d2
                0x0000000020002fec                _point_pwm
                0x0000000020002fee                var
                0x0000000020002fef                pwm
                0x0000000020002ff0                color_s
                0x0000000020002ff3                cls
 COMMON         0x0000000020002ff6        0x9 c:/st/stm32cubeide_1.5.1/stm32cubeide/plugins/com.st.stm32cube.ide.mcu.externaltools.gnu-tools-for-stm32.9-2020-q2-update.win32_1.5.0.202011040924/tools/bin/../lib/gcc/arm-none-eabi/9.3.1/../../../../arm-none-eabi/lib/thumb/v7-m/nofp\libc_nano.a(lib_a-lock.o)
                0x0000000020002ff6                __lock___atexit_recursive_mutex
                0x0000000020002ff7                __lock___arc4random_mutex
                0x0000000020002ff8                __lock___env_recursive_mutex
                0x0000000020002ff9                __lock___sinit_recursive_mutex
                0x0000000020002ffa                __lock___malloc_recursive_mutex
                0x0000000020002ffb                __lock___at_quick_exit_mutex
                0x0000000020002ffc                __lock___dd_hash_mutex
                0x0000000020002ffd                __lock___tz_mutex
                0x0000000020002ffe                __lock___sfp_recursive_mutex
 *fill*         0x0000000020002fff        0x1 